Archive member included to satisfy reference by file (symbol)

C:\Users\Trang\STM32CubeIDE\workspace_1.10.1\get-mac-of-device\SDK_1.0.3_NUCLEO-F401RE\SDK_1.0.3_NUCLEO-F401RE\lib_stm\libLibraries.a(system_stm32f4xx.o)
                              ./Src/main.o (SystemCoreClockUpdate)
C:\Users\Trang\STM32CubeIDE\workspace_1.10.1\get-mac-of-device\SDK_1.0.3_NUCLEO-F401RE\SDK_1.0.3_NUCLEO-F401RE\lib_stm\libLibraries.a(misc.o)
                              ./Src/main.o (NVIC_Init)
C:\Users\Trang\STM32CubeIDE\workspace_1.10.1\get-mac-of-device\SDK_1.0.3_NUCLEO-F401RE\SDK_1.0.3_NUCLEO-F401RE\lib_stm\libLibraries.a(stm32f401re_gpio.o)
                              ./Src/main.o (GPIO_Init)
C:\Users\Trang\STM32CubeIDE\workspace_1.10.1\get-mac-of-device\SDK_1.0.3_NUCLEO-F401RE\SDK_1.0.3_NUCLEO-F401RE\lib_stm\libLibraries.a(stm32f401re_rcc.o)
                              ./Src/main.o (RCC_AHB1PeriphClockCmd)
C:\Users\Trang\STM32CubeIDE\workspace_1.10.1\get-mac-of-device\SDK_1.0.3_NUCLEO-F401RE\SDK_1.0.3_NUCLEO-F401RE\lib_stm\libLibraries.a(stm32f401re_usart.o)
                              ./Src/main.o (USART_Init)
C:\Users\Trang\STM32CubeIDE\workspace_1.10.1\get-mac-of-device\SDK_1.0.3_NUCLEO-F401RE\SDK_1.0.3_NUCLEO-F401RE\lib_stm\libLibraries.a(timer.o)
                              ./Src/main.o (TimerInit)
C:\Users\Trang\STM32CubeIDE\workspace_1.10.1\get-mac-of-device\SDK_1.0.3_NUCLEO-F401RE\SDK_1.0.3_NUCLEO-F401RE\lib_stm\libLibraries.a(Ucglib.o)
                              ./Src/main.o (Ucglib4WireSWSPI_begin)
C:\Users\Trang\STM32CubeIDE\workspace_1.10.1\get-mac-of-device\SDK_1.0.3_NUCLEO-F401RE\SDK_1.0.3_NUCLEO-F401RE\lib_stm\libLibraries.a(ucg_box.o)
                              ./Src/main.o (ucg_ClearScreen)
C:\Users\Trang\STM32CubeIDE\workspace_1.10.1\get-mac-of-device\SDK_1.0.3_NUCLEO-F401RE\SDK_1.0.3_NUCLEO-F401RE\lib_stm\libLibraries.a(ucg_ccs.o)
                              C:\Users\Trang\STM32CubeIDE\workspace_1.10.1\get-mac-of-device\SDK_1.0.3_NUCLEO-F401RE\SDK_1.0.3_NUCLEO-F401RE\lib_stm\libLibraries.a(ucg_box.o) (ucg_ccs_init)
C:\Users\Trang\STM32CubeIDE\workspace_1.10.1\get-mac-of-device\SDK_1.0.3_NUCLEO-F401RE\SDK_1.0.3_NUCLEO-F401RE\lib_stm\libLibraries.a(ucg_circle.o)
                              C:\Users\Trang\STM32CubeIDE\workspace_1.10.1\get-mac-of-device\SDK_1.0.3_NUCLEO-F401RE\SDK_1.0.3_NUCLEO-F401RE\lib_stm\libLibraries.a(ucg_box.o) (ucg_DrawCircle)
C:\Users\Trang\STM32CubeIDE\workspace_1.10.1\get-mac-of-device\SDK_1.0.3_NUCLEO-F401RE\SDK_1.0.3_NUCLEO-F401RE\lib_stm\libLibraries.a(ucg_dev_default_cb.o)
                              C:\Users\Trang\STM32CubeIDE\workspace_1.10.1\get-mac-of-device\SDK_1.0.3_NUCLEO-F401RE\SDK_1.0.3_NUCLEO-F401RE\lib_stm\libLibraries.a(Ucglib.o) (ucg_dev_default_cb)
C:\Users\Trang\STM32CubeIDE\workspace_1.10.1\get-mac-of-device\SDK_1.0.3_NUCLEO-F401RE\SDK_1.0.3_NUCLEO-F401RE\lib_stm\libLibraries.a(ucg_dev_ic_st7735.o)
                              C:\Users\Trang\STM32CubeIDE\workspace_1.10.1\get-mac-of-device\SDK_1.0.3_NUCLEO-F401RE\SDK_1.0.3_NUCLEO-F401RE\lib_stm\libLibraries.a(Ucglib.o) (ucg_ext_st7735_18)
C:\Users\Trang\STM32CubeIDE\workspace_1.10.1\get-mac-of-device\SDK_1.0.3_NUCLEO-F401RE\SDK_1.0.3_NUCLEO-F401RE\lib_stm\libLibraries.a(ucg_dev_msg_api.o)
                              C:\Users\Trang\STM32CubeIDE\workspace_1.10.1\get-mac-of-device\SDK_1.0.3_NUCLEO-F401RE\SDK_1.0.3_NUCLEO-F401RE\lib_stm\libLibraries.a(ucg_box.o) (ucg_SetMaxClipRange)
C:\Users\Trang\STM32CubeIDE\workspace_1.10.1\get-mac-of-device\SDK_1.0.3_NUCLEO-F401RE\SDK_1.0.3_NUCLEO-F401RE\lib_stm\libLibraries.a(ucg_dev_tft_128x128_st7735.o)
                              C:\Users\Trang\STM32CubeIDE\workspace_1.10.1\get-mac-of-device\SDK_1.0.3_NUCLEO-F401RE\SDK_1.0.3_NUCLEO-F401RE\lib_stm\libLibraries.a(Ucglib.o) (ucg_dev_st7735_18x128x128)
C:\Users\Trang\STM32CubeIDE\workspace_1.10.1\get-mac-of-device\SDK_1.0.3_NUCLEO-F401RE\SDK_1.0.3_NUCLEO-F401RE\lib_stm\libLibraries.a(ucg_font.o)
                              C:\Users\Trang\STM32CubeIDE\workspace_1.10.1\get-mac-of-device\SDK_1.0.3_NUCLEO-F401RE\SDK_1.0.3_NUCLEO-F401RE\lib_stm\libLibraries.a(Ucglib.o) (ucg_SetFontMode)
C:\Users\Trang\STM32CubeIDE\workspace_1.10.1\get-mac-of-device\SDK_1.0.3_NUCLEO-F401RE\SDK_1.0.3_NUCLEO-F401RE\lib_stm\libLibraries.a(ucg_init.o)
                              C:\Users\Trang\STM32CubeIDE\workspace_1.10.1\get-mac-of-device\SDK_1.0.3_NUCLEO-F401RE\SDK_1.0.3_NUCLEO-F401RE\lib_stm\libLibraries.a(Ucglib.o) (ucg_Init)
C:\Users\Trang\STM32CubeIDE\workspace_1.10.1\get-mac-of-device\SDK_1.0.3_NUCLEO-F401RE\SDK_1.0.3_NUCLEO-F401RE\lib_stm\libLibraries.a(ucg_line.o)
                              C:\Users\Trang\STM32CubeIDE\workspace_1.10.1\get-mac-of-device\SDK_1.0.3_NUCLEO-F401RE\SDK_1.0.3_NUCLEO-F401RE\lib_stm\libLibraries.a(ucg_font.o) (ucg_Draw90Line)
C:\Users\Trang\STM32CubeIDE\workspace_1.10.1\get-mac-of-device\SDK_1.0.3_NUCLEO-F401RE\SDK_1.0.3_NUCLEO-F401RE\lib_stm\libLibraries.a(ucg_pixel.o)
[...]
Memory Configuration

Name             Origin             Length             Attributes
RAM              0x0000000020000000 0x0000000000018000 xrw
FLASH            0x0000000008000000 0x0000000000080000 xr
*default*        0x0000000000000000 0xffffffffffffffff

Linker script and memory map

LOAD c:/st/stm32cubeide_1.10.1/stm32cubeide/plugins/com.st.stm32cube.ide.mcu.externaltools.gnu-tools-for-stm32.10.3-2021.10.win32_1.0.0.202111181127/tools/bin/../lib/gcc/arm-none-eabi/10.3.1/thumb/v7e-m+fp/hard/crti.o
LOAD c:/st/stm32cubeide_1.10.1/stm32cubeide/plugins/com.st.stm32cube.ide.mcu.externaltools.gnu-tools-for-stm32.10.3-2021.10.win32_1.0.0.202111181127/tools/bin/../lib/gcc/arm-none-eabi/10.3.1/thumb/v7e-m+fp/hard/crtbegin.o
LOAD c:/st/stm32cubeide_1.10.1/stm32cubeide/plugins/com.st.stm32cube.ide.mcu.externaltools.gnu-tools-for-stm32.10.3-2021.10.win32_1.0.0.202111181127/tools/bin/../lib/gcc/arm-none-eabi/10.3.1/../../../../arm-none-eabi/lib/thumb/v7e-m+fp/hard/crt0.o
LOAD ./SDK_1.0.3_NUCLEO-F401RE/SDK_1.0.3_NUCLEO-F401RE/shared/Middle/qr-code/qrcode.o
LOAD ./Src/main.o
LOAD ./Src/syscalls.o
LOAD ./Src/sysmem.o
LOAD ./Startup/startup_stm32f401retx.o
LOAD C:\Users\Trang\STM32CubeIDE\workspace_1.10.1\get-mac-of-device\SDK_1.0.3_NUCLEO-F401RE\SDK_1.0.3_NUCLEO-F401RE\lib_stm\libLibraries.a
START GROUP
LOAD c:/st/stm32cubeide_1.10.1/stm32cubeide/plugins/com.st.stm32cube.ide.mcu.externaltools.gnu-tools-for-stm32.10.3-2021.10.win32_1.0.0.202111181127/tools/bin/../lib/gcc/arm-none-eabi/10.3.1/../../../../arm-none-eabi/lib/thumb/v7e-m+fp/hard\libc_nano.a
LOAD c:/st/stm32cubeide_1.10.1/stm32cubeide/plugins/com.st.stm32cube.ide.mcu.externaltools.gnu-tools-for-stm32.10.3-2021.10.win32_1.0.0.202111181127/tools/bin/../lib/gcc/arm-none-eabi/10.3.1/../../../../arm-none-eabi/lib/thumb/v7e-m+fp/hard\libm.a
END GROUP
START GROUP
LOAD c:/st/stm32cubeide_1.10.1/stm32cubeide/plugins/com.st.stm32cube.ide.mcu.externaltools.gnu-tools-for-stm32.10.3-2021.10.win32_1.0.0.202111181127/tools/bin/../lib/gcc/arm-none-eabi/10.3.1/thumb/v7e-m+fp/hard\libgcc.a
LOAD c:/st/stm32cubeide_1.10.1/stm32cubeide/plugins/com.st.stm32cube.ide.mcu.externaltools.gnu-tools-for-stm32.10.3-2021.10.win32_1.0.0.202111181127/tools/bin/../lib/gcc/arm-none-eabi/10.3.1/../../../../arm-none-eabi/lib/thumb/v7e-m+fp/hard\libc_nano.a
END GROUP
START GROUP
LOAD c:/st/stm32cubeide_1.10.1/stm32cubeide/plugins/com.st.stm32cube.ide.mcu.externaltools.gnu-tools-for-stm32.10.3-2021.10.win32_1.0.0.202111181127/tools/bin/../lib/gcc/arm-none-eabi/10.3.1/thumb/v7e-m+fp/hard\libgcc.a
LOAD c:/st/stm32cubeide_1.10.1/stm32cubeide/plugins/com.st.stm32cube.ide.mcu.externaltools.gnu-tools-for-stm32.10.3-2021.10.win32_1.0.0.202111181127/tools/bin/../lib/gcc/arm-none-eabi/10.3.1/../../../../arm-none-eabi/lib/thumb/v7e-m+fp/hard\libc_nano.a
LOAD c:/st/stm32cubeide_1.10.1/stm32cubeide/plugins/com.st.stm32cube.ide.mcu.externaltools.gnu-tools-for-stm32.10.3-2021.10.win32_1.0.0.202111181127/tools/bin/../lib/gcc/arm-none-eabi/10.3.1/../../../../arm-none-eabi/lib/thumb/v7e-m+fp/hard\libnosys.a
END GROUP
START GROUP
LOAD c:/st/stm32cubeide_1.10.1/stm32cubeide/plugins/com.st.stm32cube.ide.mcu.externaltools.gnu-tools-for-stm32.10.3-2021.10.win32_1.0.0.202111181127/tools/bin/../lib/gcc/arm-none-eabi/10.3.1/thumb/v7e-m+fp/hard\libgcc.a
LOAD c:/st/stm32cubeide_1.10.1/stm32cubeide/plugins/com.st.stm32cube.ide.mcu.externaltools.gnu-tools-for-stm32.10.3-2021.10.win32_1.0.0.202111181127/tools/bin/../lib/gcc/arm-none-eabi/10.3.1/../../../../arm-none-eabi/lib/thumb/v7e-m+fp/hard\libc_nano.a
LOAD c:/st/stm32cubeide_1.10.1/stm32cubeide/plugins/com.st.stm32cube.ide.mcu.externaltools.gnu-tools-for-stm32.10.3-2021.10.win32_1.0.0.202111181127/tools/bin/../lib/gcc/arm-none-eabi/10.3.1/../../../../arm-none-eabi/lib/thumb/v7e-m+fp/hard\libnosys.a
END GROUP
LOAD c:/st/stm32cubeide_1.10.1/stm32cubeide/plugins/com.st.stm32cube.ide.mcu.externaltools.gnu-tools-for-stm32.10.3-2021.10.win32_1.0.0.202111181127/tools/bin/../lib/gcc/arm-none-eabi/10.3.1/thumb/v7e-m+fp/hard/crtend.o
LOAD c:/st/stm32cubeide_1.10.1/stm32cubeide/plugins/com.st.stm32cube.ide.mcu.externaltools.gnu-tools-for-stm32.10.3-2021.10.win32_1.0.0.202111181127/tools/bin/../lib/gcc/arm-none-eabi/10.3.1/thumb/v7e-m+fp/hard/crtn.o
                0x0000000020018000                _estack = (ORIGIN (RAM) + LENGTH (RAM))
                0x0000000000000200                _Min_Heap_Size = 0x200
                0x0000000000000400                _Min_Stack_Size = 0x400

.isr_vector     0x0000000008000000      0x194
                0x0000000008000000                . = ALIGN (0x4)
 *(.isr_vector)
 .isr_vector    0x0000000008000000      0x194 ./Startup/startup_stm32f401retx.o
                0x0000000008000000                g_pfnVectors
                0x0000000008000194                . = ALIGN (0x4)

.text           0x0000000008000194     0x4a50
                0x0000000008000194                . = ALIGN (0x4)
 *(.text)
 .text          0x0000000008000194       0x40 c:/st/stm32cubeide_1.10.1/stm32cubeide/plugins/com.st.stm32cube.ide.mcu.externaltools.gnu-tools-for-stm32.10.3-2021.10.win32_1.0.0.202111181127/tools/bin/../lib/gcc/arm-none-eabi/10.3.1/thumb/v7e-m+fp/hard/crtbegin.o
 .text          0x00000000080001d4       0x10 c:/st/stm32cubeide_1.10.1/stm32cubeide/plugins/com.st.stm32cube.ide.mcu.externaltools.gnu-tools-for-stm32.10.3-2021.10.win32_1.0.0.202111181127/tools/bin/../lib/gcc/arm-none-eabi/10.3.1/../../../../arm-none-eabi/lib/thumb/v7e-m+fp/hard\libc_nano.a(lib_a-strlen.o)
                0x00000000080001d4                strlen
 *(.text*)
 .text.max      0x00000000080001e4       0x24 ./SDK_1.0.3_NUCLEO-F401RE/SDK_1.0.3_NUCLEO-F401RE/shared/Middle/qr-code/qrcode.o
 .text.getAlphanumeric
                0x0000000008000208       0xe4 ./SDK_1.0.3_NUCLEO-F401RE/SDK_1.0.3_NUCLEO-F401RE/shared/Middle/qr-code/qrcode.o
 .text.isAlphanumeric
                0x00000000080002ec       0x3e ./SDK_1.0.3_NUCLEO-F401RE/SDK_1.0.3_NUCLEO-F401RE/shared/Middle/qr-code/qrcode.o
 .text.isNumeric
                0x000000000800032a       0x42 ./SDK_1.0.3_NUCLEO-F401RE/SDK_1.0.3_NUCLEO-F401RE/shared/Middle/qr-code/qrcode.o
 .text.getModeBits
                0x000000000800036c       0x64 ./SDK_1.0.3_NUCLEO-F401RE/SDK_1.0.3_NUCLEO-F401RE/shared/Middle/qr-code/qrcode.o
 .text.bb_getGridSizeBytes
                0x00000000080003d0       0x2a ./SDK_1.0.3_NUCLEO-F401RE/SDK_1.0.3_NUCLEO-F401RE/shared/Middle/qr-code/qrcode.o
 .text.bb_getBufferSizeBytes
                0x00000000080003fa       0x1c ./SDK_1.0.3_NUCLEO-F401RE/SDK_1.0.3_NUCLEO-F401RE/shared/Middle/qr-code/qrcode.o
 .text.bb_initBuffer
                0x0000000008000416       0x36 ./SDK_1.0.3_NUCLEO-F401RE/SDK_1.0.3_NUCLEO-F401RE/shared/Middle/qr-code/qrcode.o
 .text.bb_initGrid
                0x000000000800044c       0x40 ./SDK_1.0.3_NUCLEO-F401RE/SDK_1.0.3_NUCLEO-F401RE/shared/Middle/qr-code/qrcode.o
 .text.bb_appendBits
                0x000000000800048c       0x82 ./SDK_1.0.3_NUCLEO-F401RE/SDK_1.0.3_NUCLEO-F401RE/shared/Middle/qr-code/qrcode.o
 .text.bb_setBit
                0x000000000800050e       0x94 ./SDK_1.0.3_NUCLEO-F401RE/SDK_1.0.3_NUCLEO-F401RE/shared/Middle/qr-code/qrcode.o
 .text.bb_invertBit
                0x00000000080005a2       0xc0 ./SDK_1.0.3_NUCLEO-F401RE/SDK_1.0.3_NUCLEO-F401RE/shared/Middle/qr-code/qrcode.o
 .text.bb_getBit
                0x0000000008000662       0x54 ./SDK_1.0.3_NUCLEO-F401RE/SDK_1.0.3_NUCLEO-F401RE/shared/Middle/qr-code/qrcode.o
 *fill*         0x00000000080006b6        0x2 
 .text.applyMask
                0x00000000080006b8      0x1f4 ./SDK_1.0.3_NUCLEO-F401RE/SDK_1.0.3_NUCLEO-F401RE/shared/Middle/qr-code/qrcode.o
 .text.setFunctionModule
                0x00000000080008ac       0x36 ./SDK_1.0.3_NUCLEO-F401RE/SDK_1.0.3_NUCLEO-F401RE/shared/Middle/qr-code/qrcode.o
 .text.drawFinderPattern
                0x00000000080008e2       0xe8 ./SDK_1.0.3_NUCLEO-F401RE/SDK_1.0.3_NUCLEO-F401RE/shared/Middle/qr-code/qrcode.o
 .text.drawAlignmentPattern
                0x00000000080009ca       0xa0 ./SDK_1.0.3_NUCLEO-F401RE/SDK_1.0.3_NUCLEO-F401RE/shared/Middle/qr-code/qrcode.o
 .text.drawFormatBits
                0x0000000008000a6a      0x1fa ./SDK_1.0.3_NUCLEO-F401RE/SDK_1.0.3_NUCLEO-F401RE/shared/Middle/qr-code/qrcode.o
 .text.drawVersion
                0x0000000008000c64       0xd8 ./SDK_1.0.3_NUCLEO-F401RE/SDK_1.0.3_NUCLEO-F401RE/shared/Middle/qr-code/qrcode.o
 .text.drawFunctionPatterns
                0x0000000008000d3c      0x26c ./SDK_1.0.3_NUCLEO-F401RE/SDK_1.0.3_NUCLEO-F401RE/shared/Middle/qr-code/qrcode.o
 .text.drawCodewords
                0x0000000008000fa8      0x120 ./SDK_1.0.3_NUCLEO-F401RE/SDK_1.0.3_NUCLEO-F401RE/shared/Middle/qr-code/qrcode.o
 .text.getPenaltyScore
                0x00000000080010c8      0x2f6 ./SDK_1.0.3_NUCLEO-F401RE/SDK_1.0.3_NUCLEO-F401RE/shared/Middle/qr-code/qrcode.o
 .text.rs_multiply
                0x00000000080013be       0x8c ./SDK_1.0.3_NUCLEO-F401RE/SDK_1.0.3_NUCLEO-F401RE/shared/Middle/qr-code/qrcode.o
 .text.rs_init  0x000000000800144a       0xc2 ./SDK_1.0.3_NUCLEO-F401RE/SDK_1.0.3_NUCLEO-F401RE/shared/Middle/qr-code/qrcode.o
 .text.rs_getRemainder
                0x000000000800150c       0xe4 ./SDK_1.0.3_NUCLEO-F401RE/SDK_1.0.3_NUCLEO-F401RE/shared/Middle/qr-code/qrcode.o
 .text.encodeDataCodewords
                0x00000000080015f0      0x1cc ./SDK_1.0.3_NUCLEO-F401RE/SDK_1.0.3_NUCLEO-F401RE/shared/Middle/qr-code/qrcode.o
 .text.performErrorCorrection
                0x00000000080017bc      0x2fc ./SDK_1.0.3_NUCLEO-F401RE/SDK_1.0.3_NUCLEO-F401RE/shared/Middle/qr-code/qrcode.o
 .text.qrcode_getBufferSize
                0x0000000008001ab8       0x24 ./SDK_1.0.3_NUCLEO-F401RE/SDK_1.0.3_NUCLEO-F401RE/shared/Middle/qr-code/qrcode.o
                0x0000000008001ab8                qrcode_getBufferSize
 .text.qrcode_initBytes
                0x0000000008001adc      0x318 ./SDK_1.0.3_NUCLEO-F401RE/SDK_1.0.3_NUCLEO-F401RE/shared/Middle/qr-code/qrcode.o
                0x0000000008001adc                qrcode_initBytes
 .text.qrcode_initText
                0x0000000008001df4       0x3e ./SDK_1.0.3_NUCLEO-F401RE/SDK_1.0.3_NUCLEO-F401RE/shared/Middle/qr-code/qrcode.o
                0x0000000008001df4                qrcode_initText
 .text.qrcode_getModule
                0x0000000008001e32       0x6c ./SDK_1.0.3_NUCLEO-F401RE/SDK_1.0.3_NUCLEO-F401RE/shared/Middle/qr-code/qrcode.o
                0x0000000008001e32                qrcode_getModule
 *fill*         0x0000000008001e9e        0x2 
 .text.main     0x0000000008001ea0       0x58 ./Src/main.o
                0x0000000008001ea0                main
 .text.appInitCommon
                0x0000000008001ef8       0x50 ./Src/main.o
 .text.serialUartInit
                0x0000000008001f48       0x24 ./Src/main.o
 .text.usartInit
                0x0000000008001f6c       0xa8 ./Src/main.o
 .text.generateQRCode
                0x0000000008002014      0x200 ./Src/main.o
                0x0000000008002014                generateQRCode
 .text.USART6x_IRQHandler
                0x0000000008002214       0x48 ./Src/main.o
                0x0000000008002214                USART6x_IRQHandler
 .text.Reset_Handler
                0x000000000800225c       0x50 ./Startup/startup_stm32f401retx.o
                0x000000000800225c                Reset_Handler
 .text.Default_Handler
                0x00000000080022ac        0x2 ./Startup/startup_stm32f401retx.o
                0x00000000080022ac                EXTI2_IRQHandler
                0x00000000080022ac                DebugMon_Handler
                0x00000000080022ac                SPI4_IRQHandler
                0x00000000080022ac                TIM1_CC_IRQHandler
                0x00000000080022ac                HardFault_Handler
                0x00000000080022ac                SDIO_IRQHandler
                0x00000000080022ac                TAMP_STAMP_IRQHandler
                0x00000000080022ac                PendSV_Handler
                0x00000000080022ac                NMI_Handler
                0x00000000080022ac                EXTI3_IRQHandler
                0x00000000080022ac                TIM1_UP_TIM10_IRQHandler
                0x00000000080022ac                I2C3_ER_IRQHandler
                0x00000000080022ac                EXTI18_OTG_FS_WKUP_IRQHandler
                0x00000000080022ac                EXTI0_IRQHandler
                0x00000000080022ac                I2C2_EV_IRQHandler
                0x00000000080022ac                FPU_IRQHandler
                0x00000000080022ac                UsageFault_Handler
                0x00000000080022ac                SPI1_IRQHandler
                0x00000000080022ac                TIM1_BRK_TIM9_IRQHandler
                0x00000000080022ac                TIM4_IRQHandler
                0x00000000080022ac                I2C1_EV_IRQHandler
                0x00000000080022ac                TIM3_IRQHandler
                0x00000000080022ac                RCC_IRQHandler
                0x00000000080022ac                Default_Handler
                0x00000000080022ac                EXTI15_10_IRQHandler
                0x00000000080022ac                ADC_IRQHandler
                0x00000000080022ac                TIM5_IRQHandler
                0x00000000080022ac                I2C3_EV_IRQHandler
                0x00000000080022ac                EXTI9_5_IRQHandler
                0x00000000080022ac                SPI2_IRQHandler
                0x00000000080022ac                MemManage_Handler
                0x00000000080022ac                SVC_Handler
                0x00000000080022ac                EXTI4_IRQHandler
                0x00000000080022ac                EXTI22_RTC_WKUP_IRQHandler
                0x00000000080022ac                TIM2_IRQHandler
                0x00000000080022ac                EXTI16_PVD_IRQHandler
                0x00000000080022ac                TIM1_TRG_COM_TIM11_IRQHandler
                0x00000000080022ac                EXTI1_IRQHandler
                0x00000000080022ac                EXTI17_RTC_Alarm_IRQHandler
                0x00000000080022ac                USART2_IRQHandler
                0x00000000080022ac                I2C2_ER_IRQHandler
                0x00000000080022ac                FLASH_IRQHandler
                0x00000000080022ac                BusFault_Handler
                0x00000000080022ac                USART1_IRQHandler
                0x00000000080022ac                OTG_FS_IRQHandler
                0x00000000080022ac                SPI3_IRQHandler
                0x00000000080022ac                I2C1_ER_IRQHandler
 *fill*         0x00000000080022ae        0x2 
 .text.SystemInit
                0x00000000080022b0       0x6c C:\Users\Trang\STM32CubeIDE\workspace_1.10.1\get-mac-of-device\SDK_1.0.3_NUCLEO-F401RE\SDK_1.0.3_NUCLEO-F401RE\lib_stm\libLibraries.a(system_stm32f4xx.o)
                0x00000000080022b0                SystemInit
 .text.SystemCoreClockUpdate
                0x000000000800231c       0xf8 C:\Users\Trang\STM32CubeIDE\workspace_1.10.1\get-mac-of-device\SDK_1.0.3_NUCLEO-F401RE\SDK_1.0.3_NUCLEO-F401RE\lib_stm\libLibraries.a(system_stm32f4xx.o)
                0x000000000800231c                SystemCoreClockUpdate
 .text.SetSysClock
                0x0000000008002414       0xa0 C:\Users\Trang\STM32CubeIDE\workspace_1.10.1\get-mac-of-device\SDK_1.0.3_NUCLEO-F401RE\SDK_1.0.3_NUCLEO-F401RE\lib_stm\libLibraries.a(system_stm32f4xx.o)
 .text.NVIC_Init
                0x00000000080024b4       0xc4 C:\Users\Trang\STM32CubeIDE\workspace_1.10.1\get-mac-of-device\SDK_1.0.3_NUCLEO-F401RE\SDK_1.0.3_NUCLEO-F401RE\lib_stm\libLibraries.a(misc.o)
                0x00000000080024b4                NVIC_Init
 .text.GPIO_Init
                0x0000000008002578      0x11c C:\Users\Trang\STM32CubeIDE\workspace_1.10.1\get-mac-of-device\SDK_1.0.3_NUCLEO-F401RE\SDK_1.0.3_NUCLEO-F401RE\lib_stm\libLibraries.a(stm32f401re_gpio.o)
                0x0000000008002578                GPIO_Init
 .text.GPIO_WriteBit
                0x0000000008002694       0x30 C:\Users\Trang\STM32CubeIDE\workspace_1.10.1\get-mac-of-device\SDK_1.0.3_NUCLEO-F401RE\SDK_1.0.3_NUCLEO-F401RE\lib_stm\libLibraries.a(stm32f401re_gpio.o)
                0x0000000008002694                GPIO_WriteBit
 .text.GPIO_PinAFConfig
                0x00000000080026c4       0x92 C:\Users\Trang\STM32CubeIDE\workspace_1.10.1\get-mac-of-device\SDK_1.0.3_NUCLEO-F401RE\SDK_1.0.3_NUCLEO-F401RE\lib_stm\libLibraries.a(stm32f401re_gpio.o)
                0x00000000080026c4                GPIO_PinAFConfig
 *fill*         0x0000000008002756        0x2 
 .text.RCC_GetClocksFreq
                0x0000000008002758      0x150 C:\Users\Trang\STM32CubeIDE\workspace_1.10.1\get-mac-of-device\SDK_1.0.3_NUCLEO-F401RE\SDK_1.0.3_NUCLEO-F401RE\lib_stm\libLibraries.a(stm32f401re_rcc.o)
                0x0000000008002758                RCC_GetClocksFreq
 .text.RCC_AHB1PeriphClockCmd
                0x00000000080028a8       0x40 C:\Users\Trang\STM32CubeIDE\workspace_1.10.1\get-mac-of-device\SDK_1.0.3_NUCLEO-F401RE\SDK_1.0.3_NUCLEO-F401RE\lib_stm\libLibraries.a(stm32f401re_rcc.o)
                0x00000000080028a8                RCC_AHB1PeriphClockCmd
 .text.RCC_APB2PeriphClockCmd
                0x00000000080028e8       0x40 C:\Users\Trang\STM32CubeIDE\workspace_1.10.1\get-mac-of-device\SDK_1.0.3_NUCLEO-F401RE\SDK_1.0.3_NUCLEO-F401RE\lib_stm\libLibraries.a(stm32f401re_rcc.o)
                0x00000000080028e8                RCC_APB2PeriphClockCmd
 .text.USART_Init
                0x0000000008002928      0x174 C:\Users\Trang\STM32CubeIDE\workspace_1.10.1\get-mac-of-device\SDK_1.0.3_NUCLEO-F401RE\SDK_1.0.3_NUCLEO-F401RE\lib_stm\libLibraries.a(stm32f401re_usart.o)
                0x0000000008002928                USART_Init
 .text.USART_Cmd
                0x0000000008002a9c       0x40 C:\Users\Trang\STM32CubeIDE\workspace_1.10.1\get-mac-of-device\SDK_1.0.3_NUCLEO-F401RE\SDK_1.0.3_NUCLEO-F401RE\lib_stm\libLibraries.a(stm32f401re_usart.o)
                0x0000000008002a9c                USART_Cmd
 .text.USART_ReceiveData
                0x0000000008002adc       0x20 C:\Users\Trang\STM32CubeIDE\workspace_1.10.1\get-mac-of-device\SDK_1.0.3_NUCLEO-F401RE\SDK_1.0.3_NUCLEO-F401RE\lib_stm\libLibraries.a(stm32f401re_usart.o)
                0x0000000008002adc                USART_ReceiveData
 .text.USART_ITConfig
                0x0000000008002afc       0x90 C:\Users\Trang\STM32CubeIDE\workspace_1.10.1\get-mac-of-device\SDK_1.0.3_NUCLEO-F401RE\SDK_1.0.3_NUCLEO-F401RE\lib_stm\libLibraries.a(stm32f401re_usart.o)
                0x0000000008002afc                USART_ITConfig
 .text.USART_GetITStatus
                0x0000000008002b8c       0xb6 C:\Users\Trang\STM32CubeIDE\workspace_1.10.1\get-mac-of-device\SDK_1.0.3_NUCLEO-F401RE\SDK_1.0.3_NUCLEO-F401RE\lib_stm\libLibraries.a(stm32f401re_usart.o)
                0x0000000008002b8c                USART_GetITStatus
 .text.USART_ClearITPendingBit
                0x0000000008002c42       0x3a C:\Users\Trang\STM32CubeIDE\workspace_1.10.1\get-mac-of-device\SDK_1.0.3_NUCLEO-F401RE\SDK_1.0.3_NUCLEO-F401RE\lib_stm\libLibraries.a(stm32f401re_usart.o)
                0x0000000008002c42                USART_ClearITPendingBit
 .text.NVIC_SetPriority
                0x0000000008002c7c       0x54 C:\Users\Trang\STM32CubeIDE\workspace_1.10.1\get-mac-of-device\SDK_1.0.3_NUCLEO-F401RE\SDK_1.0.3_NUCLEO-F401RE\lib_stm\libLibraries.a(timer.o)
 .text.SysTick_Config
                0x0000000008002cd0       0x44 C:\Users\Trang\STM32CubeIDE\workspace_1.10.1\get-mac-of-device\SDK_1.0.3_NUCLEO-F401RE\SDK_1.0.3_NUCLEO-F401RE\lib_stm\libLibraries.a(timer.o)
 .text.TimerInit
                0x0000000008002d14       0x44 C:\Users\Trang\STM32CubeIDE\workspace_1.10.1\get-mac-of-device\SDK_1.0.3_NUCLEO-F401RE\SDK_1.0.3_NUCLEO-F401RE\lib_stm\libLibraries.a(timer.o)
                0x0000000008002d14                TimerInit
 .text.TimerStop
                0x0000000008002d58       0xa0 C:\Users\Trang\STM32CubeIDE\workspace_1.10.1\get-mac-of-device\SDK_1.0.3_NUCLEO-F401RE\SDK_1.0.3_NUCLEO-F401RE\lib_stm\libLibraries.a(timer.o)
                0x0000000008002d58                TimerStop
 .text.GetMilSecTick
                0x0000000008002df8       0x18 C:\Users\Trang\STM32CubeIDE\workspace_1.10.1\get-mac-of-device\SDK_1.0.3_NUCLEO-F401RE\SDK_1.0.3_NUCLEO-F401RE\lib_stm\libLibraries.a(timer.o)
                0x0000000008002df8                GetMilSecTick
 .text.processTimerScheduler
                0x0000000008002e10       0xf0 C:\Users\Trang\STM32CubeIDE\workspace_1.10.1\get-mac-of-device\SDK_1.0.3_NUCLEO-F401RE\SDK_1.0.3_NUCLEO-F401RE\lib_stm\libLibraries.a(timer.o)
                0x0000000008002e10                processTimerScheduler
 .text.TimeExpired
                0x0000000008002f00       0xcc C:\Users\Trang\STM32CubeIDE\workspace_1.10.1\get-mac-of-device\SDK_1.0.3_NUCLEO-F401RE\SDK_1.0.3_NUCLEO-F401RE\lib_stm\libLibraries.a(timer.o)
 .text.SysTick_Handler
                0x0000000008002fcc       0x1c C:\Users\Trang\STM32CubeIDE\workspace_1.10.1\get-mac-of-device\SDK_1.0.3_NUCLEO-F401RE\SDK_1.0.3_NUCLEO-F401RE\lib_stm\libLibraries.a(timer.o)
                0x0000000008002fcc                SysTick_Handler
 .text.delayMicroseconds
                0x0000000008002fe8       0x14 C:\Users\Trang\STM32CubeIDE\workspace_1.10.1\get-mac-of-device\SDK_1.0.3_NUCLEO-F401RE\SDK_1.0.3_NUCLEO-F401RE\lib_stm\libLibraries.a(Ucglib.o)
 .text.ucg_gpio_init
                0x0000000008002ffc       0x60 C:\Users\Trang\STM32CubeIDE\workspace_1.10.1\get-mac-of-device\SDK_1.0.3_NUCLEO-F401RE\SDK_1.0.3_NUCLEO-F401RE\lib_stm\libLibraries.a(Ucglib.o)
 .text.ucg_com_arduino_send_generic_SW_SPI
                0x000000000800305c       0x74 C:\Users\Trang\STM32CubeIDE\workspace_1.10.1\get-mac-of-device\SDK_1.0.3_NUCLEO-F401RE\SDK_1.0.3_NUCLEO-F401RE\lib_stm\libLibraries.a(Ucglib.o)
 .text.ucg_com_arduino_generic_SW_SPI
                0x00000000080030d0      0x1ec C:\Users\Trang\STM32CubeIDE\workspace_1.10.1\get-mac-of-device\SDK_1.0.3_NUCLEO-F401RE\SDK_1.0.3_NUCLEO-F401RE\lib_stm\libLibraries.a(Ucglib.o)
 .text.Ucglib4WireSWSPI_begin
                0x00000000080032bc       0x38 C:\Users\Trang\STM32CubeIDE\workspace_1.10.1\get-mac-of-device\SDK_1.0.3_NUCLEO-F401RE\SDK_1.0.3_NUCLEO-F401RE\lib_stm\libLibraries.a(Ucglib.o)
                0x00000000080032bc                Ucglib4WireSWSPI_begin
 .text.ucg_DrawBox
                0x00000000080032f4       0x56 C:\Users\Trang\STM32CubeIDE\workspace_1.10.1\get-mac-of-device\SDK_1.0.3_NUCLEO-F401RE\SDK_1.0.3_NUCLEO-F401RE\lib_stm\libLibraries.a(ucg_box.o)
                0x00000000080032f4                ucg_DrawBox
 .text.ucg_ClearScreen
                0x000000000800334a       0x50 C:\Users\Trang\STM32CubeIDE\workspace_1.10.1\get-mac-of-device\SDK_1.0.3_NUCLEO-F401RE\SDK_1.0.3_NUCLEO-F401RE\lib_stm\libLibraries.a(ucg_box.o)
                0x000000000800334a                ucg_ClearScreen
 .text.ucg_ccs_init
                0x000000000800339a       0xc0 C:\Users\Trang\STM32CubeIDE\workspace_1.10.1\get-mac-of-device\SDK_1.0.3_NUCLEO-F401RE\SDK_1.0.3_NUCLEO-F401RE\lib_stm\libLibraries.a(ucg_ccs.o)
                0x000000000800339a                ucg_ccs_init
 .text.ucg_ccs_step
                0x000000000800345a       0x80 C:\Users\Trang\STM32CubeIDE\workspace_1.10.1\get-mac-of-device\SDK_1.0.3_NUCLEO-F401RE\SDK_1.0.3_NUCLEO-F401RE\lib_stm\libLibraries.a(ucg_ccs.o)
                0x000000000800345a                ucg_ccs_step
 .text.ucg_ccs_seek
                0x00000000080034da       0xca C:\Users\Trang\STM32CubeIDE\workspace_1.10.1\get-mac-of-device\SDK_1.0.3_NUCLEO-F401RE\SDK_1.0.3_NUCLEO-F401RE\lib_stm\libLibraries.a(ucg_ccs.o)
                0x00000000080034da                ucg_ccs_seek
 .text.ucg_dev_default_cb
                0x00000000080035a4       0x44 C:\Users\Trang\STM32CubeIDE\workspace_1.10.1\get-mac-of-device\SDK_1.0.3_NUCLEO-F401RE\SDK_1.0.3_NUCLEO-F401RE\lib_stm\libLibraries.a(ucg_dev_default_cb.o)
                0x00000000080035a4                ucg_dev_default_cb
 .text.ucg_ext_none
                0x00000000080035e8       0x1c C:\Users\Trang\STM32CubeIDE\workspace_1.10.1\get-mac-of-device\SDK_1.0.3_NUCLEO-F401RE\SDK_1.0.3_NUCLEO-F401RE\lib_stm\libLibraries.a(ucg_dev_default_cb.o)
                0x00000000080035e8                ucg_ext_none
 .text.ucg_handle_st7735_l90fx
                0x0000000008003604       0xd8 C:\Users\Trang\STM32CubeIDE\workspace_1.10.1\get-mac-of-device\SDK_1.0.3_NUCLEO-F401RE\SDK_1.0.3_NUCLEO-F401RE\lib_stm\libLibraries.a(ucg_dev_ic_st7735.o)
                0x0000000008003604                ucg_handle_st7735_l90fx
 .text.ucg_handle_st7735_l90se
                0x00000000080036dc      0x154 C:\Users\Trang\STM32CubeIDE\workspace_1.10.1\get-mac-of-device\SDK_1.0.3_NUCLEO-F401RE\SDK_1.0.3_NUCLEO-F401RE\lib_stm\libLibraries.a(ucg_dev_ic_st7735.o)
                0x00000000080036dc                ucg_handle_st7735_l90se
 .text.ucg_dev_ic_st7735_18
                0x0000000008003830       0xf8 C:\Users\Trang\STM32CubeIDE\workspace_1.10.1\get-mac-of-device\SDK_1.0.3_NUCLEO-F401RE\SDK_1.0.3_NUCLEO-F401RE\lib_stm\libLibraries.a(ucg_dev_ic_st7735.o)
                0x0000000008003830                ucg_dev_ic_st7735_18
 .text.ucg_ext_st7735_18
                0x0000000008003928       0x28 C:\Users\Trang\STM32CubeIDE\workspace_1.10.1\get-mac-of-device\SDK_1.0.3_NUCLEO-F401RE\SDK_1.0.3_NUCLEO-F401RE\lib_stm\libLibraries.a(ucg_dev_ic_st7735.o)
                0x0000000008003928                ucg_ext_st7735_18
 .text.ucg_PowerDown
                0x0000000008003950       0x34 C:\Users\Trang\STM32CubeIDE\workspace_1.10.1\get-mac-of-device\SDK_1.0.3_NUCLEO-F401RE\SDK_1.0.3_NUCLEO-F401RE\lib_stm\libLibraries.a(ucg_dev_msg_api.o)
                0x0000000008003950                ucg_PowerDown
 .text.ucg_PowerUp
                0x0000000008003984       0x3c C:\Users\Trang\STM32CubeIDE\workspace_1.10.1\get-mac-of-device\SDK_1.0.3_NUCLEO-F401RE\SDK_1.0.3_NUCLEO-F401RE\lib_stm\libLibraries.a(ucg_dev_msg_api.o)
                0x0000000008003984                ucg_PowerUp
 .text.ucg_SetClipBox
                0x00000000080039c0       0x1e C:\Users\Trang\STM32CubeIDE\workspace_1.10.1\get-mac-of-device\SDK_1.0.3_NUCLEO-F401RE\SDK_1.0.3_NUCLEO-F401RE\lib_stm\libLibraries.a(ucg_dev_msg_api.o)
                0x00000000080039c0                ucg_SetClipBox
 .text.ucg_SetMaxClipRange
                0x00000000080039de       0x30 C:\Users\Trang\STM32CubeIDE\workspace_1.10.1\get-mac-of-device\SDK_1.0.3_NUCLEO-F401RE\SDK_1.0.3_NUCLEO-F401RE\lib_stm\libLibraries.a(ucg_dev_msg_api.o)
                0x00000000080039de                ucg_SetMaxClipRange
 .text.ucg_GetDimension
                0x0000000008003a0e       0x24 C:\Users\Trang\STM32CubeIDE\workspace_1.10.1\get-mac-of-device\SDK_1.0.3_NUCLEO-F401RE\SDK_1.0.3_NUCLEO-F401RE\lib_stm\libLibraries.a(ucg_dev_msg_api.o)
                0x0000000008003a0e                ucg_GetDimension
 .text.ucg_DrawPixelWithArg
                0x0000000008003a32       0x1c C:\Users\Trang\STM32CubeIDE\workspace_1.10.1\get-mac-of-device\SDK_1.0.3_NUCLEO-F401RE\SDK_1.0.3_NUCLEO-F401RE\lib_stm\libLibraries.a(ucg_dev_msg_api.o)
                0x0000000008003a32                ucg_DrawPixelWithArg
 .text.ucg_DrawL90FXWithArg
                0x0000000008003a4e       0x1e C:\Users\Trang\STM32CubeIDE\workspace_1.10.1\get-mac-of-device\SDK_1.0.3_NUCLEO-F401RE\SDK_1.0.3_NUCLEO-F401RE\lib_stm\libLibraries.a(ucg_dev_msg_api.o)
                0x0000000008003a4e                ucg_DrawL90FXWithArg
 .text.ucg_dev_st7735_18x128x128
                0x0000000008003a6c       0x80 C:\Users\Trang\STM32CubeIDE\workspace_1.10.1\get-mac-of-device\SDK_1.0.3_NUCLEO-F401RE\SDK_1.0.3_NUCLEO-F401RE\lib_stm\libLibraries.a(ucg_dev_tft_128x128_st7735.o)
                0x0000000008003a6c                ucg_dev_st7735_18x128x128
 .text.ucg_SetFontMode
                0x0000000008003aec       0x20 C:\Users\Trang\STM32CubeIDE\workspace_1.10.1\get-mac-of-device\SDK_1.0.3_NUCLEO-F401RE\SDK_1.0.3_NUCLEO-F401RE\lib_stm\libLibraries.a(ucg_font.o)
                0x0000000008003aec                ucg_SetFontMode
 .text.ucg_font_calc_vref_font
                0x0000000008003b0c       0x16 C:\Users\Trang\STM32CubeIDE\workspace_1.10.1\get-mac-of-device\SDK_1.0.3_NUCLEO-F401RE\SDK_1.0.3_NUCLEO-F401RE\lib_stm\libLibraries.a(ucg_font.o)
                0x0000000008003b0c                ucg_font_calc_vref_font
 *fill*         0x0000000008003b22        0x2 
 .text.ucg_SetFontPosBaseline
                0x0000000008003b24       0x20 C:\Users\Trang\STM32CubeIDE\workspace_1.10.1\get-mac-of-device\SDK_1.0.3_NUCLEO-F401RE\SDK_1.0.3_NUCLEO-F401RE\lib_stm\libLibraries.a(ucg_font.o)
                0x0000000008003b24                ucg_SetFontPosBaseline
 .text.ucg_init_struct
                0x0000000008003b44       0x50 C:\Users\Trang\STM32CubeIDE\workspace_1.10.1\get-mac-of-device\SDK_1.0.3_NUCLEO-F401RE\SDK_1.0.3_NUCLEO-F401RE\lib_stm\libLibraries.a(ucg_init.o)
                0x0000000008003b44                ucg_init_struct
 .text.ucg_Init
                0x0000000008003b94       0x5c C:\Users\Trang\STM32CubeIDE\workspace_1.10.1\get-mac-of-device\SDK_1.0.3_NUCLEO-F401RE\SDK_1.0.3_NUCLEO-F401RE\lib_stm\libLibraries.a(ucg_init.o)
                0x0000000008003b94                ucg_Init
 .text.ucg_Draw90Line
                0x0000000008003bf0       0x88 C:\Users\Trang\STM32CubeIDE\workspace_1.10.1\get-mac-of-device\SDK_1.0.3_NUCLEO-F401RE\SDK_1.0.3_NUCLEO-F401RE\lib_stm\libLibraries.a(ucg_line.o)
                0x0000000008003bf0                ucg_Draw90Line
 .text.ucg_DrawHLine
                0x0000000008003c78       0x3e C:\Users\Trang\STM32CubeIDE\workspace_1.10.1\get-mac-of-device\SDK_1.0.3_NUCLEO-F401RE\SDK_1.0.3_NUCLEO-F401RE\lib_stm\libLibraries.a(ucg_line.o)
                0x0000000008003c78                ucg_DrawHLine
 .text.ucg_SetColor
                0x0000000008003cb6       0x5c C:\Users\Trang\STM32CubeIDE\workspace_1.10.1\get-mac-of-device\SDK_1.0.3_NUCLEO-F401RE\SDK_1.0.3_NUCLEO-F401RE\lib_stm\libLibraries.a(ucg_pixel.o)
                0x0000000008003cb6                ucg_SetColor
 .text.ucg_DrawPixel
                0x0000000008003d12       0x4e C:\Users\Trang\STM32CubeIDE\workspace_1.10.1\get-mac-of-device\SDK_1.0.3_NUCLEO-F401RE\SDK_1.0.3_NUCLEO-F401RE\lib_stm\libLibraries.a(ucg_pixel.o)
                0x0000000008003d12                ucg_DrawPixel
 .text.ucg_UndoRotate
                0x0000000008003d60       0x32 C:\Users\Trang\STM32CubeIDE\workspace_1.10.1\get-mac-of-device\SDK_1.0.3_NUCLEO-F401RE\SDK_1.0.3_NUCLEO-F401RE\lib_stm\libLibraries.a(ucg_rotate.o)
                0x0000000008003d60                ucg_UndoRotate
 .text.ucg_rotate_180_xy
                0x0000000008003d92       0x66 C:\Users\Trang\STM32CubeIDE\workspace_1.10.1\get-mac-of-device\SDK_1.0.3_NUCLEO-F401RE\SDK_1.0.3_NUCLEO-F401RE\lib_stm\libLibraries.a(ucg_rotate.o)
 .text.ucg_dev_rotate180
                0x0000000008003df8      0x100 C:\Users\Trang\STM32CubeIDE\workspace_1.10.1\get-mac-of-device\SDK_1.0.3_NUCLEO-F401RE\SDK_1.0.3_NUCLEO-F401RE\lib_stm\libLibraries.a(ucg_rotate.o)
                0x0000000008003df8                ucg_dev_rotate180
 .text.ucg_SetRotate180
                0x0000000008003ef8       0x34 C:\Users\Trang\STM32CubeIDE\workspace_1.10.1\get-mac-of-device\SDK_1.0.3_NUCLEO-F401RE\SDK_1.0.3_NUCLEO-F401RE\lib_stm\libLibraries.a(ucg_rotate.o)
                0x0000000008003ef8                ucg_SetRotate180
 .text.bufInit  0x0000000008003f2c       0x36 C:\Users\Trang\STM32CubeIDE\workspace_1.10.1\get-mac-of-device\SDK_1.0.3_NUCLEO-F401RE\SDK_1.0.3_NUCLEO-F401RE\lib_stm\libLibraries.a(buff.o)
                0x0000000008003f2c                bufInit
 .text.bufNumItems
                0x0000000008003f62       0x18 C:\Users\Trang\STM32CubeIDE\workspace_1.10.1\get-mac-of-device\SDK_1.0.3_NUCLEO-F401RE\SDK_1.0.3_NUCLEO-F401RE\lib_stm\libLibraries.a(buff.o)
                0x0000000008003f62                bufNumItems
 .text.bufIsFull
                0x0000000008003f7a       0x26 C:\Users\Trang\STM32CubeIDE\workspace_1.10.1\get-mac-of-device\SDK_1.0.3_NUCLEO-F401RE\SDK_1.0.3_NUCLEO-F401RE\lib_stm\libLibraries.a(buff.o)
                0x0000000008003f7a                bufIsFull
 .text.bufIsEmpty
                0x0000000008003fa0       0x26 C:\Users\Trang\STM32CubeIDE\workspace_1.10.1\get-mac-of-device\SDK_1.0.3_NUCLEO-F401RE\SDK_1.0.3_NUCLEO-F401RE\lib_stm\libLibraries.a(buff.o)
                0x0000000008003fa0                bufIsEmpty
 .text.bufFlush
                0x0000000008003fc6       0x32 C:\Users\Trang\STM32CubeIDE\workspace_1.10.1\get-mac-of-device\SDK_1.0.3_NUCLEO-F401RE\SDK_1.0.3_NUCLEO-F401RE\lib_stm\libLibraries.a(buff.o)
                0x0000000008003fc6                bufFlush
 .text.bufEnDat
                0x0000000008003ff8       0x9c C:\Users\Trang\STM32CubeIDE\workspace_1.10.1\get-mac-of-device\SDK_1.0.3_NUCLEO-F401RE\SDK_1.0.3_NUCLEO-F401RE\lib_stm\libLibraries.a(buff.o)
                0x0000000008003ff8                bufEnDat
 .text.bufDeDat
                0x0000000008004094       0x84 C:\Users\Trang\STM32CubeIDE\workspace_1.10.1\get-mac-of-device\SDK_1.0.3_NUCLEO-F401RE\SDK_1.0.3_NUCLEO-F401RE\lib_stm\libLibraries.a(buff.o)
                0x0000000008004094                bufDeDat
 .text.memsetl  0x0000000008004118       0x32 C:\Users\Trang\STM32CubeIDE\workspace_1.10.1\get-mac-of-device\SDK_1.0.3_NUCLEO-F401RE\SDK_1.0.3_NUCLEO-F401RE\lib_stm\libLibraries.a(utilities.o)
                0x0000000008004118                memsetl
 .text.ucg_clip_is_x_visible
                0x000000000800414a       0x4a C:\Users\Trang\STM32CubeIDE\workspace_1.10.1\get-mac-of-device\SDK_1.0.3_NUCLEO-F401RE\SDK_1.0.3_NUCLEO-F401RE\lib_stm\libLibraries.a(ucg_clip.o)
 .text.ucg_clip_is_y_visible
                0x0000000008004194       0x4a C:\Users\Trang\STM32CubeIDE\workspace_1.10.1\get-mac-of-device\SDK_1.0.3_NUCLEO-F401RE\SDK_1.0.3_NUCLEO-F401RE\lib_stm\libLibraries.a(ucg_clip.o)
 .text.ucg_clip_intersection
                0x00000000080041de       0x74 C:\Users\Trang\STM32CubeIDE\workspace_1.10.1\get-mac-of-device\SDK_1.0.3_NUCLEO-F401RE\SDK_1.0.3_NUCLEO-F401RE\lib_stm\libLibraries.a(ucg_clip.o)
 .text.ucg_clip_is_pixel_visible
                0x0000000008004252       0x32 C:\Users\Trang\STM32CubeIDE\workspace_1.10.1\get-mac-of-device\SDK_1.0.3_NUCLEO-F401RE\SDK_1.0.3_NUCLEO-F401RE\lib_stm\libLibraries.a(ucg_clip.o)
                0x0000000008004252                ucg_clip_is_pixel_visible
 .text.ucg_clip_l90fx
                0x0000000008004284      0x300 C:\Users\Trang\STM32CubeIDE\workspace_1.10.1\get-mac-of-device\SDK_1.0.3_NUCLEO-F401RE\SDK_1.0.3_NUCLEO-F401RE\lib_stm\libLibraries.a(ucg_clip.o)
                0x0000000008004284                ucg_clip_l90fx
 .text.ucg_clip_l90se
                0x0000000008004584       0x54 C:\Users\Trang\STM32CubeIDE\workspace_1.10.1\get-mac-of-device\SDK_1.0.3_NUCLEO-F401RE\SDK_1.0.3_NUCLEO-F401RE\lib_stm\libLibraries.a(ucg_clip.o)
                0x0000000008004584                ucg_clip_l90se
 .text.ucg_com_PowerDown
                0x00000000080045d8       0x3e C:\Users\Trang\STM32CubeIDE\workspace_1.10.1\get-mac-of-device\SDK_1.0.3_NUCLEO-F401RE\SDK_1.0.3_NUCLEO-F401RE\lib_stm\libLibraries.a(ucg_com_msg_api.o)
                0x00000000080045d8                ucg_com_PowerDown
 .text.ucg_com_PowerUp
                0x0000000008004616       0x60 C:\Users\Trang\STM32CubeIDE\workspace_1.10.1\get-mac-of-device\SDK_1.0.3_NUCLEO-F401RE\SDK_1.0.3_NUCLEO-F401RE\lib_stm\libLibraries.a(ucg_com_msg_api.o)
                0x0000000008004616                ucg_com_PowerUp
 .text.ucg_com_SetLineStatus
                0x0000000008004676       0xe2 C:\Users\Trang\STM32CubeIDE\workspace_1.10.1\get-mac-of-device\SDK_1.0.3_NUCLEO-F401RE\SDK_1.0.3_NUCLEO-F401RE\lib_stm\libLibraries.a(ucg_com_msg_api.o)
                0x0000000008004676                ucg_com_SetLineStatus
 .text.ucg_com_SetResetLineStatus
                0x0000000008004758       0x20 C:\Users\Trang\STM32CubeIDE\workspace_1.10.1\get-mac-of-device\SDK_1.0.3_NUCLEO-F401RE\SDK_1.0.3_NUCLEO-F401RE\lib_stm\libLibraries.a(ucg_com_msg_api.o)
                0x0000000008004758                ucg_com_SetResetLineStatus
 .text.ucg_com_SetCSLineStatus
                0x0000000008004778       0x20 C:\Users\Trang\STM32CubeIDE\workspace_1.10.1\get-mac-of-device\SDK_1.0.3_NUCLEO-F401RE\SDK_1.0.3_NUCLEO-F401RE\lib_stm\libLibraries.a(ucg_com_msg_api.o)
                0x0000000008004778                ucg_com_SetCSLineStatus
 .text.ucg_com_SetCDLineStatus
                0x0000000008004798       0x20 C:\Users\Trang\STM32CubeIDE\workspace_1.10.1\get-mac-of-device\SDK_1.0.3_NUCLEO-F401RE\SDK_1.0.3_NUCLEO-F401RE\lib_stm\libLibraries.a(ucg_com_msg_api.o)
                0x0000000008004798                ucg_com_SetCDLineStatus
 .text.ucg_com_DelayMicroseconds
                0x00000000080047b8       0x22 C:\Users\Trang\STM32CubeIDE\workspace_1.10.1\get-mac-of-device\SDK_1.0.3_NUCLEO-F401RE\SDK_1.0.3_NUCLEO-F401RE\lib_stm\libLibraries.a(ucg_com_msg_api.o)
                0x00000000080047b8                ucg_com_DelayMicroseconds
 .text.ucg_com_DelayMilliseconds
                0x00000000080047da       0x2c C:\Users\Trang\STM32CubeIDE\workspace_1.10.1\get-mac-of-device\SDK_1.0.3_NUCLEO-F401RE\SDK_1.0.3_NUCLEO-F401RE\lib_stm\libLibraries.a(ucg_com_msg_api.o)
                0x00000000080047da                ucg_com_DelayMilliseconds
 .text.ucg_com_SendByte
                0x0000000008004806       0x24 C:\Users\Trang\STM32CubeIDE\workspace_1.10.1\get-mac-of-device\SDK_1.0.3_NUCLEO-F401RE\SDK_1.0.3_NUCLEO-F401RE\lib_stm\libLibraries.a(ucg_com_msg_api.o)
                0x0000000008004806                ucg_com_SendByte
 .text.ucg_com_SendStringP
                0x000000000800482a       0x40 C:\Users\Trang\STM32CubeIDE\workspace_1.10.1\get-mac-of-device\SDK_1.0.3_NUCLEO-F401RE\SDK_1.0.3_NUCLEO-F401RE\lib_stm\libLibraries.a(ucg_com_msg_api.o)
                0x000000000800482a                ucg_com_SendStringP
 .text.ucg_com_SendCmdArg
                0x000000000800486a       0x74 C:\Users\Trang\STM32CubeIDE\workspace_1.10.1\get-mac-of-device\SDK_1.0.3_NUCLEO-F401RE\SDK_1.0.3_NUCLEO-F401RE\lib_stm\libLibraries.a(ucg_com_msg_api.o)
 *fill*         0x00000000080048de        0x2 
 .text.ucg_com_SendCmdSeq
                0x00000000080048e0      0x278 C:\Users\Trang\STM32CubeIDE\workspace_1.10.1\get-mac-of-device\SDK_1.0.3_NUCLEO-F401RE\SDK_1.0.3_NUCLEO-F401RE\lib_stm\libLibraries.a(ucg_com_msg_api.o)
                0x00000000080048e0                ucg_com_SendCmdSeq
 .text.__libc_init_array
                0x0000000008004b58       0x48 c:/st/stm32cubeide_1.10.1/stm32cubeide/plugins/com.st.stm32cube.ide.mcu.externaltools.gnu-tools-for-stm32.10.3-2021.10.win32_1.0.0.202111181127/tools/bin/../lib/gcc/arm-none-eabi/10.3.1/../../../../arm-none-eabi/lib/thumb/v7e-m+fp/hard\libc_nano.a(lib_a-init.o)
                0x0000000008004b58                __libc_init_array
 .text.memcpy   0x0000000008004ba0       0x1c c:/st/stm32cubeide_1.10.1/stm32cubeide/plugins/com.st.stm32cube.ide.mcu.externaltools.gnu-tools-for-stm32.10.3-2021.10.win32_1.0.0.202111181127/tools/bin/../lib/gcc/arm-none-eabi/10.3.1/../../../../arm-none-eabi/lib/thumb/v7e-m+fp/hard\libc_nano.a(lib_a-memcpy-stub.o)
                0x0000000008004ba0                memcpy
 .text.memset   0x0000000008004bbc       0x10 c:/st/stm32cubeide_1.10.1/stm32cubeide/plugins/com.st.stm32cube.ide.mcu.externaltools.gnu-tools-for-stm32.10.3-2021.10.win32_1.0.0.202111181127/tools/bin/../lib/gcc/arm-none-eabi/10.3.1/../../../../arm-none-eabi/lib/thumb/v7e-m+fp/hard\libc_nano.a(lib_a-memset.o)
                0x0000000008004bbc                memset
 *(.glue_7)
 .glue_7        0x0000000008004bcc        0x0 linker stubs
 *(.glue_7t)
 .glue_7t       0x0000000008004bcc        0x0 linker stubs
 *(.eh_frame)
 .eh_frame      0x0000000008004bcc        0x0 c:/st/stm32cubeide_1.10.1/stm32cubeide/plugins/com.st.stm32cube.ide.mcu.externaltools.gnu-tools-for-stm32.10.3-2021.10.win32_1.0.0.202111181127/tools/bin/../lib/gcc/arm-none-eabi/10.3.1/thumb/v7e-m+fp/hard/crtbegin.o
 *(.init)
 .init          0x0000000008004bcc        0x4 c:/st/stm32cubeide_1.10.1/stm32cubeide/plugins/com.st.stm32cube.ide.mcu.externaltools.gnu-tools-for-stm32.10.3-2021.10.win32_1.0.0.202111181127/tools/bin/../lib/gcc/arm-none-eabi/10.3.1/thumb/v7e-m+fp/hard/crti.o
                0x0000000008004bcc                _init
 .init          0x0000000008004bd0        0x8 c:/st/stm32cubeide_1.10.1/stm32cubeide/plugins/com.st.stm32cube.ide.mcu.externaltools.gnu-tools-for-stm32.10.3-2021.10.win32_1.0.0.202111181127/tools/bin/../lib/gcc/arm-none-eabi/10.3.1/thumb/v7e-m+fp/hard/crtn.o
 *(.fini)
 .fini          0x0000000008004bd8        0x4 c:/st/stm32cubeide_1.10.1/stm32cubeide/plugins/com.st.stm32cube.ide.mcu.externaltools.gnu-tools-for-stm32.10.3-2021.10.win32_1.0.0.202111181127/tools/bin/../lib/gcc/arm-none-eabi/10.3.1/thumb/v7e-m+fp/hard/crti.o
                0x0000000008004bd8                _fini
 .fini          0x0000000008004bdc        0x8 c:/st/stm32cubeide_1.10.1/stm32cubeide/plugins/com.st.stm32cube.ide.mcu.externaltools.gnu-tools-for-stm32.10.3-2021.10.win32_1.0.0.202111181127/tools/bin/../lib/gcc/arm-none-eabi/10.3.1/thumb/v7e-m+fp/hard/crtn.o
                0x0000000008004be4                . = ALIGN (0x4)
                0x0000000008004be4                _etext = .

.vfp11_veneer   0x0000000008004be4        0x0
 .vfp11_veneer  0x0000000008004be4        0x0 linker stubs

.v4_bx          0x0000000008004be4        0x0
 .v4_bx         0x0000000008004be4        0x0 linker stubs

.iplt           0x0000000008004be4        0x0
 .iplt          0x0000000008004be4        0x0 c:/st/stm32cubeide_1.10.1/stm32cubeide/plugins/com.st.stm32cube.ide.mcu.externaltools.gnu-tools-for-stm32.10.3-2021.10.win32_1.0.0.202111181127/tools/bin/../lib/gcc/arm-none-eabi/10.3.1/thumb/v7e-m+fp/hard/crtbegin.o

.rodata         0x0000000008004be4      0x310
                0x0000000008004be4                . = ALIGN (0x4)
 *(.rodata)
 *(.rodata*)
 .rodata.NUM_ERROR_CORRECTION_CODEWORDS
                0x0000000008004be4      0x140 ./SDK_1.0.3_NUCLEO-F401RE/SDK_1.0.3_NUCLEO-F401RE/shared/Middle/qr-code/qrcode.o
 .rodata.NUM_ERROR_CORRECTION_BLOCKS
                0x0000000008004d24       0xa0 ./SDK_1.0.3_NUCLEO-F401RE/SDK_1.0.3_NUCLEO-F401RE/shared/Middle/qr-code/qrcode.o
 .rodata.NUM_RAW_DATA_MODULES
                0x0000000008004dc4       0x50 ./SDK_1.0.3_NUCLEO-F401RE/SDK_1.0.3_NUCLEO-F401RE/shared/Middle/qr-code/qrcode.o
 .rodata.ucg_st7735_set_pos_seq
                0x0000000008004e14       0x1e C:\Users\Trang\STM32CubeIDE\workspace_1.10.1\get-mac-of-device\SDK_1.0.3_NUCLEO-F401RE\SDK_1.0.3_NUCLEO-F401RE\lib_stm\libLibraries.a(ucg_dev_ic_st7735.o)
                0x0000000008004e14                ucg_st7735_set_pos_seq
 *fill*         0x0000000008004e32        0x2 
 .rodata.ucg_st7735_set_pos_dir0_seq
                0x0000000008004e34       0x1e C:\Users\Trang\STM32CubeIDE\workspace_1.10.1\get-mac-of-device\SDK_1.0.3_NUCLEO-F401RE\SDK_1.0.3_NUCLEO-F401RE\lib_stm\libLibraries.a(ucg_dev_ic_st7735.o)
                0x0000000008004e34                ucg_st7735_set_pos_dir0_seq
 *fill*         0x0000000008004e52        0x2 
 .rodata.ucg_st7735_set_pos_dir1_seq
                0x0000000008004e54       0x21 C:\Users\Trang\STM32CubeIDE\workspace_1.10.1\get-mac-of-device\SDK_1.0.3_NUCLEO-F401RE\SDK_1.0.3_NUCLEO-F401RE\lib_stm\libLibraries.a(ucg_dev_ic_st7735.o)
                0x0000000008004e54                ucg_st7735_set_pos_dir1_seq
 *fill*         0x0000000008004e75        0x3 
 .rodata.ucg_st7735_set_pos_dir2_seq
                0x0000000008004e78       0x21 C:\Users\Trang\STM32CubeIDE\workspace_1.10.1\get-mac-of-device\SDK_1.0.3_NUCLEO-F401RE\SDK_1.0.3_NUCLEO-F401RE\lib_stm\libLibraries.a(ucg_dev_ic_st7735.o)
                0x0000000008004e78                ucg_st7735_set_pos_dir2_seq
 *fill*         0x0000000008004e99        0x3 
 .rodata.ucg_st7735_set_pos_dir3_seq
                0x0000000008004e9c       0x24 C:\Users\Trang\STM32CubeIDE\workspace_1.10.1\get-mac-of-device\SDK_1.0.3_NUCLEO-F401RE\SDK_1.0.3_NUCLEO-F401RE\lib_stm\libLibraries.a(ucg_dev_ic_st7735.o)
                0x0000000008004e9c                ucg_st7735_set_pos_dir3_seq
 .rodata.ucg_st7735_power_down_seq
                0x0000000008004ec0        0x7 C:\Users\Trang\STM32CubeIDE\workspace_1.10.1\get-mac-of-device\SDK_1.0.3_NUCLEO-F401RE\SDK_1.0.3_NUCLEO-F401RE\lib_stm\libLibraries.a(ucg_dev_ic_st7735.o)
 *fill*         0x0000000008004ec7        0x1 
 .rodata.ucg_tft_128x160_st7735_init_seq
                0x0000000008004ec8       0x2c C:\Users\Trang\STM32CubeIDE\workspace_1.10.1\get-mac-of-device\SDK_1.0.3_NUCLEO-F401RE\SDK_1.0.3_NUCLEO-F401RE\lib_stm\libLibraries.a(ucg_dev_tft_128x128_st7735.o)
                0x0000000008004ef4                . = ALIGN (0x4)

.rel.dyn        0x0000000008004ef4        0x0
 .rel.iplt      0x0000000008004ef4        0x0 c:/st/stm32cubeide_1.10.1/stm32cubeide/plugins/com.st.stm32cube.ide.mcu.externaltools.gnu-tools-for-stm32.10.3-2021.10.win32_1.0.0.202111181127/tools/bin/../lib/gcc/arm-none-eabi/10.3.1/thumb/v7e-m+fp/hard/crtbegin.o

.ARM.extab      0x0000000008004ef4        0x0
                0x0000000008004ef4                . = ALIGN (0x4)
 *(.ARM.extab* .gnu.linkonce.armextab.*)
                0x0000000008004ef4                . = ALIGN (0x4)

.ARM            0x0000000008004ef4        0x0
                0x0000000008004ef4                . = ALIGN (0x4)
                0x0000000008004ef4                __exidx_start = .
 *(.ARM.exidx*)
                0x0000000008004ef4                __exidx_end = .
                0x0000000008004ef4                . = ALIGN (0x4)

.preinit_array  0x0000000008004ef4        0x0
                0x0000000008004ef4                . = ALIGN (0x4)
                0x0000000008004ef4                PROVIDE (__preinit_array_start = .)
 *(.preinit_array*)
                0x0000000008004ef4                PROVIDE (__preinit_array_end = .)
                0x0000000008004ef4                . = ALIGN (0x4)

.init_array     0x0000000008004ef4        0x4
                0x0000000008004ef4                . = ALIGN (0x4)
                0x0000000008004ef4                PROVIDE (__init_array_start = .)
 *(SORT_BY_NAME(.init_array.*))
 *(.init_array*)
 .init_array    0x0000000008004ef4        0x4 c:/st/stm32cubeide_1.10.1/stm32cubeide/plugins/com.st.stm32cube.ide.mcu.externaltools.gnu-tools-for-stm32.10.3-2021.10.win32_1.0.0.202111181127/tools/bin/../lib/gcc/arm-none-eabi/10.3.1/thumb/v7e-m+fp/hard/crtbegin.o
                0x0000000008004ef8                PROVIDE (__init_array_end = .)
                0x0000000008004ef8                . = ALIGN (0x4)

.fini_array     0x0000000008004ef8        0x4
                0x0000000008004ef8                . = ALIGN (0x4)
                [!provide]                        PROVIDE (__fini_array_start = .)
 *(SORT_BY_NAME(.fini_array.*))
 *(.fini_array*)
 .fini_array    0x0000000008004ef8        0x4 c:/st/stm32cubeide_1.10.1/stm32cubeide/plugins/com.st.stm32cube.ide.mcu.externaltools.gnu-tools-for-stm32.10.3-2021.10.win32_1.0.0.202111181127/tools/bin/../lib/gcc/arm-none-eabi/10.3.1/thumb/v7e-m+fp/hard/crtbegin.o
                [!provide]                        PROVIDE (__fini_array_end = .)
                0x0000000008004efc                . = ALIGN (0x4)
                0x0000000008004efc                _sidata = LOADADDR (.data)

.data           0x0000000020000000       0x24 load address 0x0000000008004efc
                0x0000000020000000                . = ALIGN (0x4)
                0x0000000020000000                _sdata = .
 *(.data)
 *(.data*)
 .data.SystemCoreClock
                0x0000000020000000        0x4 C:\Users\Trang\STM32CubeIDE\workspace_1.10.1\get-mac-of-device\SDK_1.0.3_NUCLEO-F401RE\SDK_1.0.3_NUCLEO-F401RE\lib_stm\libLibraries.a(system_stm32f4xx.o)
                0x0000000020000000                SystemCoreClock
 .data.AHBPrescTable
                0x0000000020000004       0x10 C:\Users\Trang\STM32CubeIDE\workspace_1.10.1\get-mac-of-device\SDK_1.0.3_NUCLEO-F401RE\SDK_1.0.3_NUCLEO-F401RE\lib_stm\libLibraries.a(system_stm32f4xx.o)
                0x0000000020000004                AHBPrescTable
 .data.APBAHBPrescTable
                0x0000000020000014       0x10 C:\Users\Trang\STM32CubeIDE\workspace_1.10.1\get-mac-of-device\SDK_1.0.3_NUCLEO-F401RE\SDK_1.0.3_NUCLEO-F401RE\lib_stm\libLibraries.a(stm32f401re_rcc.o)
 *(.RamFunc)
 *(.RamFunc*)
                0x0000000020000024                . = ALIGN (0x4)
                0x0000000020000024                _edata = .

.igot.plt       0x0000000020000024        0x0 load address 0x0000000008004f20
 .igot.plt      0x0000000020000024        0x0 c:/st/stm32cubeide_1.10.1/stm32cubeide/plugins/com.st.stm32cube.ide.mcu.externaltools.gnu-tools-for-stm32.10.3-2021.10.win32_1.0.0.202111181127/tools/bin/../lib/gcc/arm-none-eabi/10.3.1/thumb/v7e-m+fp/hard/crtbegin.o
                0x0000000020000024                . = ALIGN (0x4)

.bss            0x0000000020000024      0x364 load address 0x0000000008004f20
                0x0000000020000024                _sbss = .
                0x0000000020000024                __bss_start__ = _sbss
 *(.bss)
 .bss           0x0000000020000024       0x1c c:/st/stm32cubeide_1.10.1/stm32cubeide/plugins/com.st.stm32cube.ide.mcu.externaltools.gnu-tools-for-stm32.10.3-2021.10.win32_1.0.0.202111181127/tools/bin/../lib/gcc/arm-none-eabi/10.3.1/thumb/v7e-m+fp/hard/crtbegin.o
 *(.bss*)
 .bss.ucg       0x0000000020000040       0xb4 ./Src/main.o
 .bss.pBuffDataRx
                0x00000000200000f4      0x100 ./Src/main.o
 .bss.pUartRxQueue
                0x00000000200001f4       0x10 ./Src/main.o
 .bss.g_pTimerHandle
                0x0000000020000204      0x180 C:\Users\Trang\STM32CubeIDE\workspace_1.10.1\get-mac-of-device\SDK_1.0.3_NUCLEO-F401RE\SDK_1.0.3_NUCLEO-F401RE\lib_stm\libLibraries.a(timer.o)
 .bss.g_wMilSecTickTimer
                0x0000000020000384        0x4 C:\Users\Trang\STM32CubeIDE\workspace_1.10.1\get-mac-of-device\SDK_1.0.3_NUCLEO-F401RE\SDK_1.0.3_NUCLEO-F401RE\lib_stm\libLibraries.a(timer.o)
 *(COMMON)
                0x0000000020000388                . = ALIGN (0x4)
                0x0000000020000388                _ebss = .
                0x0000000020000388                __bss_end__ = _ebss

._user_heap_stack
                0x0000000020000388      0x600 load address 0x0000000008004f20
                0x0000000020000388                . = ALIGN (0x8)
                [!provide]                        PROVIDE (end = .)
                0x0000000020000388                PROVIDE (_end = .)
                0x0000000020000588                . = (. + _Min_Heap_Size)
 *fill*         0x0000000020000388      0x200 
                0x0000000020000988                . = (. + _Min_Stack_Size)
 *fill*         0x0000000020000588      0x400 
                0x0000000020000988                . = ALIGN (0x8)

/DISCARD/
 libc.a(*)
 libm.a(*)
 libgcc.a(*)

.ARM.attributes
                0x0000000000000000       0x30
 *(.ARM.attributes)
 .ARM.attributes
                0x0000000000000000       0x1e c:/st/stm32cubeide_1.10.1/stm32cubeide/plugins/com.st.stm32cube.ide.mcu.externaltools.gnu-tools-for-stm32.10.3-2021.10.win32_1.0.0.202111181127/tools/bin/../lib/gcc/arm-none-eabi/10.3.1/thumb/v7e-m+fp/hard/crti.o
 .ARM.attributes
                0x000000000000001e       0x34 c:/st/stm32cubeide_1.10.1/stm32cubeide/plugins/com.st.stm32cube.ide.mcu.externaltools.gnu-tools-for-stm32.10.3-2021.10.win32_1.0.0.202111181127/tools/bin/../lib/gcc/arm-none-eabi/10.3.1/thumb/v7e-m+fp/hard/crtbegin.o
 .ARM.attributes
                0x0000000000000052       0x34 ./SDK_1.0.3_NUCLEO-F401RE/SDK_1.0.3_NUCLEO-F401RE/shared/Middle/qr-code/qrcode.o
 .ARM.attributes
                0x0000000000000086       0x34 ./Src/main.o
 .ARM.attributes
                0x00000000000000ba       0x21 ./Startup/startup_stm32f401retx.o
 .ARM.attributes
                0x00000000000000db       0x39 C:\Users\Trang\STM32CubeIDE\workspace_1.10.1\get-mac-of-device\SDK_1.0.3_NUCLEO-F401RE\SDK_1.0.3_NUCLEO-F401RE\lib_stm\libLibraries.a(system_stm32f4xx.o)
 .ARM.attributes
                0x0000000000000114       0x39 C:\Users\Trang\STM32CubeIDE\workspace_1.10.1\get-mac-of-device\SDK_1.0.3_NUCLEO-F401RE\SDK_1.0.3_NUCLEO-F401RE\lib_stm\libLibraries.a(misc.o)
 .ARM.attributes
                0x000000000000014d       0x39 C:\Users\Trang\STM32CubeIDE\workspace_1.10.1\get-mac-of-device\SDK_1.0.3_NUCLEO-F401RE\SDK_1.0.3_NUCLEO-F401RE\lib_stm\libLibraries.a(stm32f401re_gpio.o)
 .ARM.attributes
                0x0000000000000186       0x39 C:\Users\Trang\STM32CubeIDE\workspace_1.10.1\get-mac-of-device\SDK_1.0.3_NUCLEO-F401RE\SDK_1.0.3_NUCLEO-F401RE\lib_stm\libLibraries.a(stm32f401re_rcc.o)
 .ARM.attributes
                0x00000000000001bf       0x39 C:\Users\Trang\STM32CubeIDE\workspace_1.10.1\get-mac-of-device\SDK_1.0.3_NUCLEO-F401RE\SDK_1.0.3_NUCLEO-F401RE\lib_stm\libLibraries.a(stm32f401re_usart.o)
 .ARM.attributes
                0x00000000000001f8       0x39 C:\Users\Trang\STM32CubeIDE\workspace_1.10.1\get-mac-of-device\SDK_1.0.3_NUCLEO-F401RE\SDK_1.0.3_NUCLEO-F401RE\lib_stm\libLibraries.a(timer.o)
 .ARM.attributes
                0x0000000000000231       0x39 C:\Users\Trang\STM32CubeIDE\workspace_1.10.1\get-mac-of-device\SDK_1.0.3_NUCLEO-F401RE\SDK_1.0.3_NUCLEO-F401RE\lib_stm\libLibraries.a(Ucglib.o)
 .ARM.attributes
                0x000000000000026a       0x39 C:\Users\Trang\STM32CubeIDE\workspace_1.10.1\get-mac-of-device\SDK_1.0.3_NUCLEO-F401RE\SDK_1.0.3_NUCLEO-F401RE\lib_stm\libLibraries.a(ucg_box.o)
 .ARM.attributes
                0x00000000000002a3       0x39 C:\Users\Trang\STM32CubeIDE\workspace_1.10.1\get-mac-of-device\SDK_1.0.3_NUCLEO-F401RE\SDK_1.0.3_NUCLEO-F401RE\lib_stm\libLibraries.a(ucg_ccs.o)
 .ARM.attributes
                0x00000000000002dc       0x39 C:\Users\Trang\STM32CubeIDE\workspace_1.10.1\get-mac-of-device\SDK_1.0.3_NUCLEO-F401RE\SDK_1.0.3_NUCLEO-F401RE\lib_stm\libLibraries.a(ucg_dev_default_cb.o)
 .ARM.attributes
                0x0000000000000315       0x39 C:\Users\Trang\STM32CubeIDE\workspace_1.10.1\get-mac-of-device\SDK_1.0.3_NUCLEO-F401RE\SDK_1.0.3_NUCLEO-F401RE\lib_stm\libLibraries.a(ucg_dev_ic_st7735.o)
 .ARM.attributes
                0x000000000000034e       0x39 C:\Users\Trang\STM32CubeIDE\workspace_1.10.1\get-mac-of-device\SDK_1.0.3_NUCLEO-F401RE\SDK_1.0.3_NUCLEO-F401RE\lib_stm\libLibraries.a(ucg_dev_msg_api.o)
 .ARM.attributes
                0x0000000000000387       0x39 C:\Users\Trang\STM32CubeIDE\workspace_1.10.1\get-mac-of-device\SDK_1.0.3_NUCLEO-F401RE\SDK_1.0.3_NUCLEO-F401RE\lib_stm\libLibraries.a(ucg_dev_tft_128x128_st7735.o)
 .ARM.attributes
                0x00000000000003c0       0x39 C:\Users\Trang\STM32CubeIDE\workspace_1.10.1\get-mac-of-device\SDK_1.0.3_NUCLEO-F401RE\SDK_1.0.3_NUCLEO-F401RE\lib_stm\libLibraries.a(ucg_font.o)
 .ARM.attributes
                0x00000000000003f9       0x39 C:\Users\Trang\STM32CubeIDE\workspace_1.10.1\get-mac-of-device\SDK_1.0.3_NUCLEO-F401RE\SDK_1.0.3_NUCLEO-F401RE\lib_stm\libLibraries.a(ucg_init.o)
 .ARM.attributes
                0x0000000000000432       0x39 C:\Users\Trang\STM32CubeIDE\workspace_1.10.1\get-mac-of-device\SDK_1.0.3_NUCLEO-F401RE\SDK_1.0.3_NUCLEO-F401RE\lib_stm\libLibraries.a(ucg_line.o)
 .ARM.attributes
                0x000000000000046b       0x39 C:\Users\Trang\STM32CubeIDE\workspace_1.10.1\get-mac-of-device\SDK_1.0.3_NUCLEO-F401RE\SDK_1.0.3_NUCLEO-F401RE\lib_stm\libLibraries.a(ucg_pixel.o)
 .ARM.attributes
                0x00000000000004a4       0x39 C:\Users\Trang\STM32CubeIDE\workspace_1.10.1\get-mac-of-device\SDK_1.0.3_NUCLEO-F401RE\SDK_1.0.3_NUCLEO-F401RE\lib_stm\libLibraries.a(ucg_rotate.o)
 .ARM.attributes
                0x00000000000004dd       0x39 C:\Users\Trang\STM32CubeIDE\workspace_1.10.1\get-mac-of-device\SDK_1.0.3_NUCLEO-F401RE\SDK_1.0.3_NUCLEO-F401RE\lib_stm\libLibraries.a(buff.o)
 .ARM.attributes
                0x0000000000000516       0x39 C:\Users\Trang\STM32CubeIDE\workspace_1.10.1\get-mac-of-device\SDK_1.0.3_NUCLEO-F401RE\SDK_1.0.3_NUCLEO-F401RE\lib_stm\libLibraries.a(utilities.o)
 .ARM.attributes
                0x000000000000054f       0x39 C:\Users\Trang\STM32CubeIDE\workspace_1.10.1\get-mac-of-device\SDK_1.0.3_NUCLEO-F401RE\SDK_1.0.3_NUCLEO-F401RE\lib_stm\libLibraries.a(ucg_clip.o)
 .ARM.attributes
                0x0000000000000588       0x39 C:\Users\Trang\STM32CubeIDE\workspace_1.10.1\get-mac-of-device\SDK_1.0.3_NUCLEO-F401RE\SDK_1.0.3_NUCLEO-F401RE\lib_stm\libLibraries.a(ucg_com_msg_api.o)
 .ARM.attributes
                0x00000000000005c1       0x34 c:/st/stm32cubeide_1.10.1/stm32cubeide/plugins/com.st.stm32cube.ide.mcu.externaltools.gnu-tools-for-stm32.10.3-2021.10.win32_1.0.0.202111181127/tools/bin/../lib/gcc/arm-none-eabi/10.3.1/../../../../arm-none-eabi/lib/thumb/v7e-m+fp/hard\libc_nano.a(lib_a-init.o)
 .ARM.attributes
                0x00000000000005f5       0x34 c:/st/stm32cubeide_1.10.1/stm32cubeide/plugins/com.st.stm32cube.ide.mcu.externaltools.gnu-tools-for-stm32.10.3-2021.10.win32_1.0.0.202111181127/tools/bin/../lib/gcc/arm-none-eabi/10.3.1/../../../../arm-none-eabi/lib/thumb/v7e-m+fp/hard\libc_nano.a(lib_a-memcpy-stub.o)
 .ARM.attributes
                0x0000000000000629       0x34 c:/st/stm32cubeide_1.10.1/stm32cubeide/plugins/com.st.stm32cube.ide.mcu.externaltools.gnu-tools-for-stm32.10.3-2021.10.win32_1.0.0.202111181127/tools/bin/../lib/gcc/arm-none-eabi/10.3.1/../../../../arm-none-eabi/lib/thumb/v7e-m+fp/hard\libc_nano.a(lib_a-memset.o)
 .ARM.attributes
                0x000000000000065d       0x17 c:/st/stm32cubeide_1.10.1/stm32cubeide/plugins/com.st.stm32cube.ide.mcu.externaltools.gnu-tools-for-stm32.10.3-2021.10.win32_1.0.0.202111181127/tools/bin/../lib/gcc/arm-none-eabi/10.3.1/../../../../arm-none-eabi/lib/thumb/v7e-m+fp/hard\libc_nano.a(lib_a-strlen.o)
 .ARM.attributes
                0x0000000000000674       0x1e c:/st/stm32cubeide_1.10.1/stm32cubeide/plugins/com.st.stm32cube.ide.mcu.externaltools.gnu-tools-for-stm32.10.3-2021.10.win32_1.0.0.202111181127/tools/bin/../lib/gcc/arm-none-eabi/10.3.1/thumb/v7e-m+fp/hard/crtn.o
OUTPUT(get-mac-of-device.elf elf32-littlearm)
LOAD linker stubs
LOAD c:/st/stm32cubeide_1.10.1/stm32cubeide/plugins/com.st.stm32cube.ide.mcu.externaltools.gnu-tools-for-stm32.10.3-2021.10.win32_1.0.0.202111181127/tools/bin/../lib/gcc/arm-none-eabi/10.3.1/../../../../arm-none-eabi/lib/thumb/v7e-m+fp/hard\libc.a
LOAD c:/st/stm32cubeide_1.10.1/stm32cubeide/plugins/com.st.stm32cube.ide.mcu.externaltools.gnu-tools-for-stm32.10.3-2021.10.win32_1.0.0.202111181127/tools/bin/../lib/gcc/arm-none-eabi/10.3.1/../../../../arm-none-eabi/lib/thumb/v7e-m+fp/hard\libm.a
LOAD c:/st/stm32cubeide_1.10.1/stm32cubeide/plugins/com.st.stm32cube.ide.mcu.externaltools.gnu-tools-for-stm32.10.3-2021.10.win32_1.0.0.202111181127/tools/bin/../lib/gcc/arm-none-eabi/10.3.1/thumb/v7e-m+fp/hard\libgcc.a

.debug_info     0x0000000000000000    0x32f86
 .debug_info    0x0000000000000000     0x1716 ./SDK_1.0.3_NUCLEO-F401RE/SDK_1.0.3_NUCLEO-F401RE/shared/Middle/qr-code/qrcode.o
 .debug_info    0x0000000000001716     0x12ee ./Src/main.o
 .debug_info    0x0000000000002a04       0x22 ./Startup/startup_stm32f401retx.o
 .debug_info    0x0000000000002a26      0x5bb C:\Users\Trang\STM32CubeIDE\workspace_1.10.1\get-mac-of-device\SDK_1.0.3_NUCLEO-F401RE\SDK_1.0.3_NUCLEO-F401RE\lib_stm\libLibraries.a(system_stm32f4xx.o)
 .debug_info    0x0000000000002fe1      0x54b C:\Users\Trang\STM32CubeIDE\workspace_1.10.1\get-mac-of-device\SDK_1.0.3_NUCLEO-F401RE\SDK_1.0.3_NUCLEO-F401RE\lib_stm\libLibraries.a(misc.o)
 .debug_info    0x000000000000352c      0x62b C:\Users\Trang\STM32CubeIDE\workspace_1.10.1\get-mac-of-device\SDK_1.0.3_NUCLEO-F401RE\SDK_1.0.3_NUCLEO-F401RE\lib_stm\libLibraries.a(stm32f401re_gpio.o)
 .debug_info    0x0000000000003b57      0xd5e C:\Users\Trang\STM32CubeIDE\workspace_1.10.1\get-mac-of-device\SDK_1.0.3_NUCLEO-F401RE\SDK_1.0.3_NUCLEO-F401RE\lib_stm\libLibraries.a(stm32f401re_rcc.o)
 .debug_info    0x00000000000048b5      0x9d4 C:\Users\Trang\STM32CubeIDE\workspace_1.10.1\get-mac-of-device\SDK_1.0.3_NUCLEO-F401RE\SDK_1.0.3_NUCLEO-F401RE\lib_stm\libLibraries.a(stm32f401re_usart.o)
 .debug_info    0x0000000000005289      0x922 C:\Users\Trang\STM32CubeIDE\workspace_1.10.1\get-mac-of-device\SDK_1.0.3_NUCLEO-F401RE\SDK_1.0.3_NUCLEO-F401RE\lib_stm\libLibraries.a(timer.o)
 .debug_info    0x0000000000005bab     0x333f C:\Users\Trang\STM32CubeIDE\workspace_1.10.1\get-mac-of-device\SDK_1.0.3_NUCLEO-F401RE\SDK_1.0.3_NUCLEO-F401RE\lib_stm\libLibraries.a(Ucglib.o)
 .debug_info    0x0000000000008eea     0x329d C:\Users\Trang\STM32CubeIDE\workspace_1.10.1\get-mac-of-device\SDK_1.0.3_NUCLEO-F401RE\SDK_1.0.3_NUCLEO-F401RE\lib_stm\libLibraries.a(ucg_box.o)
 .debug_info    0x000000000000c187     0x2b08 C:\Users\Trang\STM32CubeIDE\workspace_1.10.1\get-mac-of-device\SDK_1.0.3_NUCLEO-F401RE\SDK_1.0.3_NUCLEO-F401RE\lib_stm\libLibraries.a(ucg_ccs.o)
 .debug_info    0x000000000000ec8f     0x324b C:\Users\Trang\STM32CubeIDE\workspace_1.10.1\get-mac-of-device\SDK_1.0.3_NUCLEO-F401RE\SDK_1.0.3_NUCLEO-F401RE\lib_stm\libLibraries.a(ucg_dev_default_cb.o)
 .debug_info    0x0000000000011eda     0x3272 C:\Users\Trang\STM32CubeIDE\workspace_1.10.1\get-mac-of-device\SDK_1.0.3_NUCLEO-F401RE\SDK_1.0.3_NUCLEO-F401RE\lib_stm\libLibraries.a(ucg_dev_ic_st7735.o)
 .debug_info    0x000000000001514c     0x3178 C:\Users\Trang\STM32CubeIDE\workspace_1.10.1\get-mac-of-device\SDK_1.0.3_NUCLEO-F401RE\SDK_1.0.3_NUCLEO-F401RE\lib_stm\libLibraries.a(ucg_dev_msg_api.o)
 .debug_info    0x00000000000182c4     0x303e C:\Users\Trang\STM32CubeIDE\workspace_1.10.1\get-mac-of-device\SDK_1.0.3_NUCLEO-F401RE\SDK_1.0.3_NUCLEO-F401RE\lib_stm\libLibraries.a(ucg_dev_tft_128x128_st7735.o)
 .debug_info    0x000000000001b302     0x43ab C:\Users\Trang\STM32CubeIDE\workspace_1.10.1\get-mac-of-device\SDK_1.0.3_NUCLEO-F401RE\SDK_1.0.3_NUCLEO-F401RE\lib_stm\libLibraries.a(ucg_font.o)
 .debug_info    0x000000000001f6ad     0x3856 C:\Users\Trang\STM32CubeIDE\workspace_1.10.1\get-mac-of-device\SDK_1.0.3_NUCLEO-F401RE\SDK_1.0.3_NUCLEO-F401RE\lib_stm\libLibraries.a(ucg_init.o)
 .debug_info    0x0000000000022f03     0x3222 C:\Users\Trang\STM32CubeIDE\workspace_1.10.1\get-mac-of-device\SDK_1.0.3_NUCLEO-F401RE\SDK_1.0.3_NUCLEO-F401RE\lib_stm\libLibraries.a(ucg_line.o)
 .debug_info    0x0000000000026125     0x3056 C:\Users\Trang\STM32CubeIDE\workspace_1.10.1\get-mac-of-device\SDK_1.0.3_NUCLEO-F401RE\SDK_1.0.3_NUCLEO-F401RE\lib_stm\libLibraries.a(ucg_pixel.o)
 .debug_info    0x000000000002917b     0x3231 C:\Users\Trang\STM32CubeIDE\workspace_1.10.1\get-mac-of-device\SDK_1.0.3_NUCLEO-F401RE\SDK_1.0.3_NUCLEO-F401RE\lib_stm\libLibraries.a(ucg_rotate.o)
 .debug_info    0x000000000002c3ac      0x339 C:\Users\Trang\STM32CubeIDE\workspace_1.10.1\get-mac-of-device\SDK_1.0.3_NUCLEO-F401RE\SDK_1.0.3_NUCLEO-F401RE\lib_stm\libLibraries.a(buff.o)
 .debug_info    0x000000000002c6e5      0x2bd C:\Users\Trang\STM32CubeIDE\workspace_1.10.1\get-mac-of-device\SDK_1.0.3_NUCLEO-F401RE\SDK_1.0.3_NUCLEO-F401RE\lib_stm\libLibraries.a(utilities.o)
 .debug_info    0x000000000002c9a2     0x315a C:\Users\Trang\STM32CubeIDE\workspace_1.10.1\get-mac-of-device\SDK_1.0.3_NUCLEO-F401RE\SDK_1.0.3_NUCLEO-F401RE\lib_stm\libLibraries.a(ucg_clip.o)
 .debug_info    0x000000000002fafc     0x348a C:\Users\Trang\STM32CubeIDE\workspace_1.10.1\get-mac-of-device\SDK_1.0.3_NUCLEO-F401RE\SDK_1.0.3_NUCLEO-F401RE\lib_stm\libLibraries.a(ucg_com_msg_api.o)

.debug_abbrev   0x0000000000000000     0x2911
 .debug_abbrev  0x0000000000000000      0x274 ./SDK_1.0.3_NUCLEO-F401RE/SDK_1.0.3_NUCLEO-F401RE/shared/Middle/qr-code/qrcode.o
 .debug_abbrev  0x0000000000000274      0x2ce ./Src/main.o
 .debug_abbrev  0x0000000000000542       0x12 ./Startup/startup_stm32f401retx.o
 .debug_abbrev  0x0000000000000554      0x138 C:\Users\Trang\STM32CubeIDE\workspace_1.10.1\get-mac-of-device\SDK_1.0.3_NUCLEO-F401RE\SDK_1.0.3_NUCLEO-F401RE\lib_stm\libLibraries.a(system_stm32f4xx.o)
 .debug_abbrev  0x000000000000068c      0x177 C:\Users\Trang\STM32CubeIDE\workspace_1.10.1\get-mac-of-device\SDK_1.0.3_NUCLEO-F401RE\SDK_1.0.3_NUCLEO-F401RE\lib_stm\libLibraries.a(misc.o)
 .debug_abbrev  0x0000000000000803      0x1bf C:\Users\Trang\STM32CubeIDE\workspace_1.10.1\get-mac-of-device\SDK_1.0.3_NUCLEO-F401RE\SDK_1.0.3_NUCLEO-F401RE\lib_stm\libLibraries.a(stm32f401re_gpio.o)
 .debug_abbrev  0x00000000000009c2      0x1d4 C:\Users\Trang\STM32CubeIDE\workspace_1.10.1\get-mac-of-device\SDK_1.0.3_NUCLEO-F401RE\SDK_1.0.3_NUCLEO-F401RE\lib_stm\libLibraries.a(stm32f401re_rcc.o)
 .debug_abbrev  0x0000000000000b96      0x187 C:\Users\Trang\STM32CubeIDE\workspace_1.10.1\get-mac-of-device\SDK_1.0.3_NUCLEO-F401RE\SDK_1.0.3_NUCLEO-F401RE\lib_stm\libLibraries.a(stm32f401re_usart.o)
 .debug_abbrev  0x0000000000000d1d      0x29a C:\Users\Trang\STM32CubeIDE\workspace_1.10.1\get-mac-of-device\SDK_1.0.3_NUCLEO-F401RE\SDK_1.0.3_NUCLEO-F401RE\lib_stm\libLibraries.a(timer.o)
 .debug_abbrev  0x0000000000000fb7      0x202 C:\Users\Trang\STM32CubeIDE\workspace_1.10.1\get-mac-of-device\SDK_1.0.3_NUCLEO-F401RE\SDK_1.0.3_NUCLEO-F401RE\lib_stm\libLibraries.a(Ucglib.o)
 .debug_abbrev  0x00000000000011b9      0x18b C:\Users\Trang\STM32CubeIDE\workspace_1.10.1\get-mac-of-device\SDK_1.0.3_NUCLEO-F401RE\SDK_1.0.3_NUCLEO-F401RE\lib_stm\libLibraries.a(ucg_box.o)
 .debug_abbrev  0x0000000000001344       0xf5 C:\Users\Trang\STM32CubeIDE\workspace_1.10.1\get-mac-of-device\SDK_1.0.3_NUCLEO-F401RE\SDK_1.0.3_NUCLEO-F401RE\lib_stm\libLibraries.a(ucg_ccs.o)
 .debug_abbrev  0x0000000000001439      0x19e C:\Users\Trang\STM32CubeIDE\workspace_1.10.1\get-mac-of-device\SDK_1.0.3_NUCLEO-F401RE\SDK_1.0.3_NUCLEO-F401RE\lib_stm\libLibraries.a(ucg_dev_default_cb.o)
 .debug_abbrev  0x00000000000015d7      0x1dc C:\Users\Trang\STM32CubeIDE\workspace_1.10.1\get-mac-of-device\SDK_1.0.3_NUCLEO-F401RE\SDK_1.0.3_NUCLEO-F401RE\lib_stm\libLibraries.a(ucg_dev_ic_st7735.o)
 .debug_abbrev  0x00000000000017b3      0x191 C:\Users\Trang\STM32CubeIDE\workspace_1.10.1\get-mac-of-device\SDK_1.0.3_NUCLEO-F401RE\SDK_1.0.3_NUCLEO-F401RE\lib_stm\libLibraries.a(ucg_dev_msg_api.o)
 .debug_abbrev  0x0000000000001944      0x14e C:\Users\Trang\STM32CubeIDE\workspace_1.10.1\get-mac-of-device\SDK_1.0.3_NUCLEO-F401RE\SDK_1.0.3_NUCLEO-F401RE\lib_stm\libLibraries.a(ucg_dev_tft_128x128_st7735.o)
 .debug_abbrev  0x0000000000001a92      0x2fc C:\Users\Trang\STM32CubeIDE\workspace_1.10.1\get-mac-of-device\SDK_1.0.3_NUCLEO-F401RE\SDK_1.0.3_NUCLEO-F401RE\lib_stm\libLibraries.a(ucg_font.o)
 .debug_abbrev  0x0000000000001d8e      0x1c6 C:\Users\Trang\STM32CubeIDE\workspace_1.10.1\get-mac-of-device\SDK_1.0.3_NUCLEO-F401RE\SDK_1.0.3_NUCLEO-F401RE\lib_stm\libLibraries.a(ucg_init.o)
 .debug_abbrev  0x0000000000001f54      0x175 C:\Users\Trang\STM32CubeIDE\workspace_1.10.1\get-mac-of-device\SDK_1.0.3_NUCLEO-F401RE\SDK_1.0.3_NUCLEO-F401RE\lib_stm\libLibraries.a(ucg_line.o)
 .debug_abbrev  0x00000000000020c9      0x148 C:\Users\Trang\STM32CubeIDE\workspace_1.10.1\get-mac-of-device\SDK_1.0.3_NUCLEO-F401RE\SDK_1.0.3_NUCLEO-F401RE\lib_stm\libLibraries.a(ucg_pixel.o)
 .debug_abbrev  0x0000000000002211      0x1a3 C:\Users\Trang\STM32CubeIDE\workspace_1.10.1\get-mac-of-device\SDK_1.0.3_NUCLEO-F401RE\SDK_1.0.3_NUCLEO-F401RE\lib_stm\libLibraries.a(ucg_rotate.o)
 .debug_abbrev  0x00000000000023b4      0x12a C:\Users\Trang\STM32CubeIDE\workspace_1.10.1\get-mac-of-device\SDK_1.0.3_NUCLEO-F401RE\SDK_1.0.3_NUCLEO-F401RE\lib_stm\libLibraries.a(buff.o)
 .debug_abbrev  0x00000000000024de       0xce C:\Users\Trang\STM32CubeIDE\workspace_1.10.1\get-mac-of-device\SDK_1.0.3_NUCLEO-F401RE\SDK_1.0.3_NUCLEO-F401RE\lib_stm\libLibraries.a(utilities.o)
 .debug_abbrev  0x00000000000025ac      0x173 C:\Users\Trang\STM32CubeIDE\workspace_1.10.1\get-mac-of-device\SDK_1.0.3_NUCLEO-F401RE\SDK_1.0.3_NUCLEO-F401RE\lib_stm\libLibraries.a(ucg_clip.o)
 .debug_abbrev  0x000000000000271f      0x1f2 C:\Users\Trang\STM32CubeIDE\workspace_1.10.1\get-mac-of-device\SDK_1.0.3_NUCLEO-F401RE\SDK_1.0.3_NUCLEO-F401RE\lib_stm\libLibraries.a(ucg_com_msg_api.o)

.debug_aranges  0x0000000000000000      0xb38
 .debug_aranges
                0x0000000000000000      0x110 ./SDK_1.0.3_NUCLEO-F401RE/SDK_1.0.3_NUCLEO-F401RE/shared/Middle/qr-code/qrcode.o
 .debug_aranges
                0x0000000000000110       0x48 ./Src/main.o
 .debug_aranges
                0x0000000000000158       0x28 ./Startup/startup_stm32f401retx.o
 .debug_aranges
                0x0000000000000180       0x30 C:\Users\Trang\STM32CubeIDE\workspace_1.10.1\get-mac-of-device\SDK_1.0.3_NUCLEO-F401RE\SDK_1.0.3_NUCLEO-F401RE\lib_stm\libLibraries.a(system_stm32f4xx.o)
 .debug_aranges
                0x00000000000001b0       0x40 C:\Users\Trang\STM32CubeIDE\workspace_1.10.1\get-mac-of-device\SDK_1.0.3_NUCLEO-F401RE\SDK_1.0.3_NUCLEO-F401RE\lib_stm\libLibraries.a(misc.o)
 .debug_aranges
                0x00000000000001f0       0x88 C:\Users\Trang\STM32CubeIDE\workspace_1.10.1\get-mac-of-device\SDK_1.0.3_NUCLEO-F401RE\SDK_1.0.3_NUCLEO-F401RE\lib_stm\libLibraries.a(stm32f401re_gpio.o)
 .debug_aranges
                0x0000000000000278      0x198 C:\Users\Trang\STM32CubeIDE\workspace_1.10.1\get-mac-of-device\SDK_1.0.3_NUCLEO-F401RE\SDK_1.0.3_NUCLEO-F401RE\lib_stm\libLibraries.a(stm32f401re_rcc.o)
 .debug_aranges
                0x0000000000000410      0x100 C:\Users\Trang\STM32CubeIDE\workspace_1.10.1\get-mac-of-device\SDK_1.0.3_NUCLEO-F401RE\SDK_1.0.3_NUCLEO-F401RE\lib_stm\libLibraries.a(stm32f401re_usart.o)
 .debug_aranges
                0x0000000000000510       0x70 C:\Users\Trang\STM32CubeIDE\workspace_1.10.1\get-mac-of-device\SDK_1.0.3_NUCLEO-F401RE\SDK_1.0.3_NUCLEO-F401RE\lib_stm\libLibraries.a(timer.o)
 .debug_aranges
                0x0000000000000580       0x48 C:\Users\Trang\STM32CubeIDE\workspace_1.10.1\get-mac-of-device\SDK_1.0.3_NUCLEO-F401RE\SDK_1.0.3_NUCLEO-F401RE\lib_stm\libLibraries.a(Ucglib.o)
 .debug_aranges
                0x00000000000005c8       0x48 C:\Users\Trang\STM32CubeIDE\workspace_1.10.1\get-mac-of-device\SDK_1.0.3_NUCLEO-F401RE\SDK_1.0.3_NUCLEO-F401RE\lib_stm\libLibraries.a(ucg_box.o)
 .debug_aranges
                0x0000000000000610       0x30 C:\Users\Trang\STM32CubeIDE\workspace_1.10.1\get-mac-of-device\SDK_1.0.3_NUCLEO-F401RE\SDK_1.0.3_NUCLEO-F401RE\lib_stm\libLibraries.a(ucg_ccs.o)
 .debug_aranges
                0x0000000000000640       0x48 C:\Users\Trang\STM32CubeIDE\workspace_1.10.1\get-mac-of-device\SDK_1.0.3_NUCLEO-F401RE\SDK_1.0.3_NUCLEO-F401RE\lib_stm\libLibraries.a(ucg_dev_default_cb.o)
 .debug_aranges
                0x0000000000000688       0x40 C:\Users\Trang\STM32CubeIDE\workspace_1.10.1\get-mac-of-device\SDK_1.0.3_NUCLEO-F401RE\SDK_1.0.3_NUCLEO-F401RE\lib_stm\libLibraries.a(ucg_dev_ic_st7735.o)
 .debug_aranges
                0x00000000000006c8       0x60 C:\Users\Trang\STM32CubeIDE\workspace_1.10.1\get-mac-of-device\SDK_1.0.3_NUCLEO-F401RE\SDK_1.0.3_NUCLEO-F401RE\lib_stm\libLibraries.a(ucg_dev_msg_api.o)
 .debug_aranges
                0x0000000000000728       0x20 C:\Users\Trang\STM32CubeIDE\workspace_1.10.1\get-mac-of-device\SDK_1.0.3_NUCLEO-F401RE\SDK_1.0.3_NUCLEO-F401RE\lib_stm\libLibraries.a(ucg_dev_tft_128x128_st7735.o)
 .debug_aranges
                0x0000000000000748      0x168 C:\Users\Trang\STM32CubeIDE\workspace_1.10.1\get-mac-of-device\SDK_1.0.3_NUCLEO-F401RE\SDK_1.0.3_NUCLEO-F401RE\lib_stm\libLibraries.a(ucg_font.o)
 .debug_aranges
                0x00000000000008b0       0x28 C:\Users\Trang\STM32CubeIDE\workspace_1.10.1\get-mac-of-device\SDK_1.0.3_NUCLEO-F401RE\SDK_1.0.3_NUCLEO-F401RE\lib_stm\libLibraries.a(ucg_init.o)
 .debug_aranges
                0x00000000000008d8       0x48 C:\Users\Trang\STM32CubeIDE\workspace_1.10.1\get-mac-of-device\SDK_1.0.3_NUCLEO-F401RE\SDK_1.0.3_NUCLEO-F401RE\lib_stm\libLibraries.a(ucg_line.o)
 .debug_aranges
                0x0000000000000920       0x28 C:\Users\Trang\STM32CubeIDE\workspace_1.10.1\get-mac-of-device\SDK_1.0.3_NUCLEO-F401RE\SDK_1.0.3_NUCLEO-F401RE\lib_stm\libLibraries.a(ucg_pixel.o)
 .debug_aranges
                0x0000000000000948       0x68 C:\Users\Trang\STM32CubeIDE\workspace_1.10.1\get-mac-of-device\SDK_1.0.3_NUCLEO-F401RE\SDK_1.0.3_NUCLEO-F401RE\lib_stm\libLibraries.a(ucg_rotate.o)
 .debug_aranges
                0x00000000000009b0       0x50 C:\Users\Trang\STM32CubeIDE\workspace_1.10.1\get-mac-of-device\SDK_1.0.3_NUCLEO-F401RE\SDK_1.0.3_NUCLEO-F401RE\lib_stm\libLibraries.a(buff.o)
 .debug_aranges
                0x0000000000000a00       0x48 C:\Users\Trang\STM32CubeIDE\workspace_1.10.1\get-mac-of-device\SDK_1.0.3_NUCLEO-F401RE\SDK_1.0.3_NUCLEO-F401RE\lib_stm\libLibraries.a(utilities.o)
 .debug_aranges
                0x0000000000000a48       0x50 C:\Users\Trang\STM32CubeIDE\workspace_1.10.1\get-mac-of-device\SDK_1.0.3_NUCLEO-F401RE\SDK_1.0.3_NUCLEO-F401RE\lib_stm\libLibraries.a(ucg_clip.o)
 .debug_aranges
                0x0000000000000a98       0xa0 C:\Users\Trang\STM32CubeIDE\workspace_1.10.1\get-mac-of-device\SDK_1.0.3_NUCLEO-F401RE\SDK_1.0.3_NUCLEO-F401RE\lib_stm\libLibraries.a(ucg_com_msg_api.o)

.debug_ranges   0x0000000000000000      0x9b0
 .debug_ranges  0x0000000000000000      0x100 ./SDK_1.0.3_NUCLEO-F401RE/SDK_1.0.3_NUCLEO-F401RE/shared/Middle/qr-code/qrcode.o
 .debug_ranges  0x0000000000000100       0x38 ./Src/main.o
 .debug_ranges  0x0000000000000138       0x20 ./Startup/startup_stm32f401retx.o
 .debug_ranges  0x0000000000000158       0x20 C:\Users\Trang\STM32CubeIDE\workspace_1.10.1\get-mac-of-device\SDK_1.0.3_NUCLEO-F401RE\SDK_1.0.3_NUCLEO-F401RE\lib_stm\libLibraries.a(system_stm32f4xx.o)
 .debug_ranges  0x0000000000000178       0x30 C:\Users\Trang\STM32CubeIDE\workspace_1.10.1\get-mac-of-device\SDK_1.0.3_NUCLEO-F401RE\SDK_1.0.3_NUCLEO-F401RE\lib_stm\libLibraries.a(misc.o)
 .debug_ranges  0x00000000000001a8       0x78 C:\Users\Trang\STM32CubeIDE\workspace_1.10.1\get-mac-of-device\SDK_1.0.3_NUCLEO-F401RE\SDK_1.0.3_NUCLEO-F401RE\lib_stm\libLibraries.a(stm32f401re_gpio.o)
 .debug_ranges  0x0000000000000220      0x188 C:\Users\Trang\STM32CubeIDE\workspace_1.10.1\get-mac-of-device\SDK_1.0.3_NUCLEO-F401RE\SDK_1.0.3_NUCLEO-F401RE\lib_stm\libLibraries.a(stm32f401re_rcc.o)
 .debug_ranges  0x00000000000003a8       0xf0 C:\Users\Trang\STM32CubeIDE\workspace_1.10.1\get-mac-of-device\SDK_1.0.3_NUCLEO-F401RE\SDK_1.0.3_NUCLEO-F401RE\lib_stm\libLibraries.a(stm32f401re_usart.o)
 .debug_ranges  0x0000000000000498       0x60 C:\Users\Trang\STM32CubeIDE\workspace_1.10.1\get-mac-of-device\SDK_1.0.3_NUCLEO-F401RE\SDK_1.0.3_NUCLEO-F401RE\lib_stm\libLibraries.a(timer.o)
 .debug_ranges  0x00000000000004f8       0x38 C:\Users\Trang\STM32CubeIDE\workspace_1.10.1\get-mac-of-device\SDK_1.0.3_NUCLEO-F401RE\SDK_1.0.3_NUCLEO-F401RE\lib_stm\libLibraries.a(Ucglib.o)
 .debug_ranges  0x0000000000000530       0x38 C:\Users\Trang\STM32CubeIDE\workspace_1.10.1\get-mac-of-device\SDK_1.0.3_NUCLEO-F401RE\SDK_1.0.3_NUCLEO-F401RE\lib_stm\libLibraries.a(ucg_box.o)
 .debug_ranges  0x0000000000000568       0x20 C:\Users\Trang\STM32CubeIDE\workspace_1.10.1\get-mac-of-device\SDK_1.0.3_NUCLEO-F401RE\SDK_1.0.3_NUCLEO-F401RE\lib_stm\libLibraries.a(ucg_ccs.o)
 .debug_ranges  0x0000000000000588       0x38 C:\Users\Trang\STM32CubeIDE\workspace_1.10.1\get-mac-of-device\SDK_1.0.3_NUCLEO-F401RE\SDK_1.0.3_NUCLEO-F401RE\lib_stm\libLibraries.a(ucg_dev_default_cb.o)
 .debug_ranges  0x00000000000005c0       0x30 C:\Users\Trang\STM32CubeIDE\workspace_1.10.1\get-mac-of-device\SDK_1.0.3_NUCLEO-F401RE\SDK_1.0.3_NUCLEO-F401RE\lib_stm\libLibraries.a(ucg_dev_ic_st7735.o)
 .debug_ranges  0x00000000000005f0       0x50 C:\Users\Trang\STM32CubeIDE\workspace_1.10.1\get-mac-of-device\SDK_1.0.3_NUCLEO-F401RE\SDK_1.0.3_NUCLEO-F401RE\lib_stm\libLibraries.a(ucg_dev_msg_api.o)
 .debug_ranges  0x0000000000000640       0x10 C:\Users\Trang\STM32CubeIDE\workspace_1.10.1\get-mac-of-device\SDK_1.0.3_NUCLEO-F401RE\SDK_1.0.3_NUCLEO-F401RE\lib_stm\libLibraries.a(ucg_dev_tft_128x128_st7735.o)
 .debug_ranges  0x0000000000000650      0x158 C:\Users\Trang\STM32CubeIDE\workspace_1.10.1\get-mac-of-device\SDK_1.0.3_NUCLEO-F401RE\SDK_1.0.3_NUCLEO-F401RE\lib_stm\libLibraries.a(ucg_font.o)
 .debug_ranges  0x00000000000007a8       0x18 C:\Users\Trang\STM32CubeIDE\workspace_1.10.1\get-mac-of-device\SDK_1.0.3_NUCLEO-F401RE\SDK_1.0.3_NUCLEO-F401RE\lib_stm\libLibraries.a(ucg_init.o)
 .debug_ranges  0x00000000000007c0       0x38 C:\Users\Trang\STM32CubeIDE\workspace_1.10.1\get-mac-of-device\SDK_1.0.3_NUCLEO-F401RE\SDK_1.0.3_NUCLEO-F401RE\lib_stm\libLibraries.a(ucg_line.o)
 .debug_ranges  0x00000000000007f8       0x18 C:\Users\Trang\STM32CubeIDE\workspace_1.10.1\get-mac-of-device\SDK_1.0.3_NUCLEO-F401RE\SDK_1.0.3_NUCLEO-F401RE\lib_stm\libLibraries.a(ucg_pixel.o)
 .debug_ranges  0x0000000000000810       0x58 C:\Users\Trang\STM32CubeIDE\workspace_1.10.1\get-mac-of-device\SDK_1.0.3_NUCLEO-F401RE\SDK_1.0.3_NUCLEO-F401RE\lib_stm\libLibraries.a(ucg_rotate.o)
 .debug_ranges  0x0000000000000868       0x40 C:\Users\Trang\STM32CubeIDE\workspace_1.10.1\get-mac-of-device\SDK_1.0.3_NUCLEO-F401RE\SDK_1.0.3_NUCLEO-F401RE\lib_stm\libLibraries.a(buff.o)
 .debug_ranges  0x00000000000008a8       0x38 C:\Users\Trang\STM32CubeIDE\workspace_1.10.1\get-mac-of-device\SDK_1.0.3_NUCLEO-F401RE\SDK_1.0.3_NUCLEO-F401RE\lib_stm\libLibraries.a(utilities.o)
 .debug_ranges  0x00000000000008e0       0x40 C:\Users\Trang\STM32CubeIDE\workspace_1.10.1\get-mac-of-device\SDK_1.0.3_NUCLEO-F401RE\SDK_1.0.3_NUCLEO-F401RE\lib_stm\libLibraries.a(ucg_clip.o)
 .debug_ranges  0x0000000000000920       0x90 C:\Users\Trang\STM32CubeIDE\workspace_1.10.1\get-mac-of-device\SDK_1.0.3_NUCLEO-F401RE\SDK_1.0.3_NUCLEO-F401RE\lib_stm\libLibraries.a(ucg_com_msg_api.o)

.debug_macro    0x0000000000000000     0xf0b5
 .debug_macro   0x0000000000000000      0x18f ./SDK_1.0.3_NUCLEO-F401RE/SDK_1.0.3_NUCLEO-F401RE/shared/Middle/qr-code/qrcode.o
 .debug_macro   0x000000000000018f      0xa84 ./SDK_1.0.3_NUCLEO-F401RE/SDK_1.0.3_NUCLEO-F401RE/shared/Middle/qr-code/qrcode.o
 .debug_macro   0x0000000000000c13       0x22 ./SDK_1.0.3_NUCLEO-F401RE/SDK_1.0.3_NUCLEO-F401RE/shared/Middle/qr-code/qrcode.o
 .debug_macro   0x0000000000000c35       0x8e ./SDK_1.0.3_NUCLEO-F401RE/SDK_1.0.3_NUCLEO-F401RE/shared/Middle/qr-code/qrcode.o
 .debug_macro   0x0000000000000cc3       0x51 ./SDK_1.0.3_NUCLEO-F401RE/SDK_1.0.3_NUCLEO-F401RE/shared/Middle/qr-code/qrcode.o
 .debug_macro   0x0000000000000d14      0x103 ./SDK_1.0.3_NUCLEO-F401RE/SDK_1.0.3_NUCLEO-F401RE/shared/Middle/qr-code/qrcode.o
 .debug_macro   0x0000000000000e17       0x6a ./SDK_1.0.3_NUCLEO-F401RE/SDK_1.0.3_NUCLEO-F401RE/shared/Middle/qr-code/qrcode.o
 .debug_macro   0x0000000000000e81      0x1df ./SDK_1.0.3_NUCLEO-F401RE/SDK_1.0.3_NUCLEO-F401RE/shared/Middle/qr-code/qrcode.o
 .debug_macro   0x0000000000001060       0x34 ./SDK_1.0.3_NUCLEO-F401RE/SDK_1.0.3_NUCLEO-F401RE/shared/Middle/qr-code/qrcode.o
 .debug_macro   0x0000000000001094       0x1e ./SDK_1.0.3_NUCLEO-F401RE/SDK_1.0.3_NUCLEO-F401RE/shared/Middle/qr-code/qrcode.o
 .debug_macro   0x00000000000010b2       0x52 ./SDK_1.0.3_NUCLEO-F401RE/SDK_1.0.3_NUCLEO-F401RE/shared/Middle/qr-code/qrcode.o
 .debug_macro   0x0000000000001104       0x3c ./SDK_1.0.3_NUCLEO-F401RE/SDK_1.0.3_NUCLEO-F401RE/shared/Middle/qr-code/qrcode.o
 .debug_macro   0x0000000000001140       0x34 ./SDK_1.0.3_NUCLEO-F401RE/SDK_1.0.3_NUCLEO-F401RE/shared/Middle/qr-code/qrcode.o
 .debug_macro   0x0000000000001174       0x16 ./SDK_1.0.3_NUCLEO-F401RE/SDK_1.0.3_NUCLEO-F401RE/shared/Middle/qr-code/qrcode.o
 .debug_macro   0x000000000000118a      0x10e ./SDK_1.0.3_NUCLEO-F401RE/SDK_1.0.3_NUCLEO-F401RE/shared/Middle/qr-code/qrcode.o
 .debug_macro   0x0000000000001298       0x8d ./SDK_1.0.3_NUCLEO-F401RE/SDK_1.0.3_NUCLEO-F401RE/shared/Middle/qr-code/qrcode.o
 .debug_macro   0x0000000000001325       0x16 ./SDK_1.0.3_NUCLEO-F401RE/SDK_1.0.3_NUCLEO-F401RE/shared/Middle/qr-code/qrcode.o
 .debug_macro   0x000000000000133b       0x43 ./SDK_1.0.3_NUCLEO-F401RE/SDK_1.0.3_NUCLEO-F401RE/shared/Middle/qr-code/qrcode.o
 .debug_macro   0x000000000000137e       0x34 ./SDK_1.0.3_NUCLEO-F401RE/SDK_1.0.3_NUCLEO-F401RE/shared/Middle/qr-code/qrcode.o
 .debug_macro   0x00000000000013b2       0x10 ./SDK_1.0.3_NUCLEO-F401RE/SDK_1.0.3_NUCLEO-F401RE/shared/Middle/qr-code/qrcode.o
 .debug_macro   0x00000000000013c2       0x58 ./SDK_1.0.3_NUCLEO-F401RE/SDK_1.0.3_NUCLEO-F401RE/shared/Middle/qr-code/qrcode.o
 .debug_macro   0x000000000000141a       0x71 ./SDK_1.0.3_NUCLEO-F401RE/SDK_1.0.3_NUCLEO-F401RE/shared/Middle/qr-code/qrcode.o
 .debug_macro   0x000000000000148b       0x1c ./SDK_1.0.3_NUCLEO-F401RE/SDK_1.0.3_NUCLEO-F401RE/shared/Middle/qr-code/qrcode.o
 .debug_macro   0x00000000000014a7      0x12a ./SDK_1.0.3_NUCLEO-F401RE/SDK_1.0.3_NUCLEO-F401RE/shared/Middle/qr-code/qrcode.o
 .debug_macro   0x00000000000015d1      0x341 ./SDK_1.0.3_NUCLEO-F401RE/SDK_1.0.3_NUCLEO-F401RE/shared/Middle/qr-code/qrcode.o
 .debug_macro   0x0000000000001912       0x16 ./SDK_1.0.3_NUCLEO-F401RE/SDK_1.0.3_NUCLEO-F401RE/shared/Middle/qr-code/qrcode.o
 .debug_macro   0x0000000000001928       0x29 ./SDK_1.0.3_NUCLEO-F401RE/SDK_1.0.3_NUCLEO-F401RE/shared/Middle/qr-code/qrcode.o
 .debug_macro   0x0000000000001951       0x16 ./SDK_1.0.3_NUCLEO-F401RE/SDK_1.0.3_NUCLEO-F401RE/shared/Middle/qr-code/qrcode.o
 .debug_macro   0x0000000000001967       0x35 ./SDK_1.0.3_NUCLEO-F401RE/SDK_1.0.3_NUCLEO-F401RE/shared/Middle/qr-code/qrcode.o
 .debug_macro   0x000000000000199c       0x20 ./SDK_1.0.3_NUCLEO-F401RE/SDK_1.0.3_NUCLEO-F401RE/shared/Middle/qr-code/qrcode.o
 .debug_macro   0x00000000000019bc      0x2d0 ./Src/main.o
 .debug_macro   0x0000000000001c8c       0x6b ./Src/main.o
 .debug_macro   0x0000000000001cf7       0x3b ./Src/main.o
 .debug_macro   0x0000000000001d32       0x34 ./Src/main.o
 .debug_macro   0x0000000000001d66       0x26 ./Src/main.o
 .debug_macro   0x0000000000001d8c      0xe43 ./Src/main.o
 .debug_macro   0x0000000000002bcf     0x8018 ./Src/main.o
 .debug_macro   0x000000000000abe7      0x644 ./Src/main.o
 .debug_macro   0x000000000000b22b      0x2f4 ./Src/main.o
 .debug_macro   0x000000000000b51f      0x223 ./Src/main.o
 .debug_macro   0x000000000000b742       0x16 ./Src/main.o
 .debug_macro   0x000000000000b758       0x97 ./Src/main.o
 .debug_macro   0x000000000000b7ef       0xfd ./Src/main.o
 .debug_macro   0x000000000000b8ec       0x10 ./Src/main.o
 .debug_macro   0x000000000000b8fc       0x10 ./Src/main.o
 .debug_macro   0x000000000000b90c       0x1c ./Src/main.o
 .debug_macro   0x000000000000b928       0x52 ./Src/main.o
 .debug_macro   0x000000000000b97a       0x22 ./Src/main.o
 .debug_macro   0x000000000000b99c       0x10 ./Src/main.o
 .debug_macro   0x000000000000b9ac       0x52 ./Src/main.o
 .debug_macro   0x000000000000b9fe       0xd5 ./Src/main.o
 .debug_macro   0x000000000000bad3       0x1c ./Src/main.o
 .debug_macro   0x000000000000baef       0x3d ./Src/main.o
 .debug_macro   0x000000000000bb2c       0x16 ./Src/main.o
 .debug_macro   0x000000000000bb42      0x145 ./Src/main.o
 .debug_macro   0x000000000000bc87       0x22 ./Src/main.o
 .debug_macro   0x000000000000bca9       0x3a ./Src/main.o
 .debug_macro   0x000000000000bce3      0x301 ./Src/main.o
 .debug_macro   0x000000000000bfe4       0x1c ./Src/main.o
 .debug_macro   0x000000000000c000       0x82 ./Src/main.o
 .debug_macro   0x000000000000c082       0xce C:\Users\Trang\STM32CubeIDE\workspace_1.10.1\get-mac-of-device\SDK_1.0.3_NUCLEO-F401RE\SDK_1.0.3_NUCLEO-F401RE\lib_stm\libLibraries.a(system_stm32f4xx.o)
 .debug_macro   0x000000000000c150      0xa66 C:\Users\Trang\STM32CubeIDE\workspace_1.10.1\get-mac-of-device\SDK_1.0.3_NUCLEO-F401RE\SDK_1.0.3_NUCLEO-F401RE\lib_stm\libLibraries.a(system_stm32f4xx.o)
 .debug_macro   0x000000000000cbb6       0x22 C:\Users\Trang\STM32CubeIDE\workspace_1.10.1\get-mac-of-device\SDK_1.0.3_NUCLEO-F401RE\SDK_1.0.3_NUCLEO-F401RE\lib_stm\libLibraries.a(system_stm32f4xx.o)
 .debug_macro   0x000000000000cbd8       0xef C:\Users\Trang\STM32CubeIDE\workspace_1.10.1\get-mac-of-device\SDK_1.0.3_NUCLEO-F401RE\SDK_1.0.3_NUCLEO-F401RE\lib_stm\libLibraries.a(system_stm32f4xx.o)
 .debug_macro   0x000000000000ccc7       0xc0 C:\Users\Trang\STM32CubeIDE\workspace_1.10.1\get-mac-of-device\SDK_1.0.3_NUCLEO-F401RE\SDK_1.0.3_NUCLEO-F401RE\lib_stm\libLibraries.a(misc.o)
 .debug_macro   0x000000000000cd87       0x7c C:\Users\Trang\STM32CubeIDE\workspace_1.10.1\get-mac-of-device\SDK_1.0.3_NUCLEO-F401RE\SDK_1.0.3_NUCLEO-F401RE\lib_stm\libLibraries.a(misc.o)
 .debug_macro   0x000000000000ce03       0xc3 C:\Users\Trang\STM32CubeIDE\workspace_1.10.1\get-mac-of-device\SDK_1.0.3_NUCLEO-F401RE\SDK_1.0.3_NUCLEO-F401RE\lib_stm\libLibraries.a(stm32f401re_gpio.o)
 .debug_macro   0x000000000000cec6      0x2ee C:\Users\Trang\STM32CubeIDE\workspace_1.10.1\get-mac-of-device\SDK_1.0.3_NUCLEO-F401RE\SDK_1.0.3_NUCLEO-F401RE\lib_stm\libLibraries.a(stm32f401re_gpio.o)
 .debug_macro   0x000000000000d1b4      0x64a C:\Users\Trang\STM32CubeIDE\workspace_1.10.1\get-mac-of-device\SDK_1.0.3_NUCLEO-F401RE\SDK_1.0.3_NUCLEO-F401RE\lib_stm\libLibraries.a(stm32f401re_gpio.o)
 .debug_macro   0x000000000000d7fe      0x18d C:\Users\Trang\STM32CubeIDE\workspace_1.10.1\get-mac-of-device\SDK_1.0.3_NUCLEO-F401RE\SDK_1.0.3_NUCLEO-F401RE\lib_stm\libLibraries.a(stm32f401re_rcc.o)
 .debug_macro   0x000000000000d98b       0xdb C:\Users\Trang\STM32CubeIDE\workspace_1.10.1\get-mac-of-device\SDK_1.0.3_NUCLEO-F401RE\SDK_1.0.3_NUCLEO-F401RE\lib_stm\libLibraries.a(stm32f401re_usart.o)
 .debug_macro   0x000000000000da66      0x21d C:\Users\Trang\STM32CubeIDE\workspace_1.10.1\get-mac-of-device\SDK_1.0.3_NUCLEO-F401RE\SDK_1.0.3_NUCLEO-F401RE\lib_stm\libLibraries.a(stm32f401re_usart.o)
 .debug_macro   0x000000000000dc83       0xe3 C:\Users\Trang\STM32CubeIDE\workspace_1.10.1\get-mac-of-device\SDK_1.0.3_NUCLEO-F401RE\SDK_1.0.3_NUCLEO-F401RE\lib_stm\libLibraries.a(timer.o)
 .debug_macro   0x000000000000dd66       0x1c C:\Users\Trang\STM32CubeIDE\workspace_1.10.1\get-mac-of-device\SDK_1.0.3_NUCLEO-F401RE\SDK_1.0.3_NUCLEO-F401RE\lib_stm\libLibraries.a(timer.o)
 .debug_macro   0x000000000000dd82       0x16 C:\Users\Trang\STM32CubeIDE\workspace_1.10.1\get-mac-of-device\SDK_1.0.3_NUCLEO-F401RE\SDK_1.0.3_NUCLEO-F401RE\lib_stm\libLibraries.a(timer.o)
 .debug_macro   0x000000000000dd98      0x141 C:\Users\Trang\STM32CubeIDE\workspace_1.10.1\get-mac-of-device\SDK_1.0.3_NUCLEO-F401RE\SDK_1.0.3_NUCLEO-F401RE\lib_stm\libLibraries.a(Ucglib.o)
 .debug_macro   0x000000000000ded9      0x174 C:\Users\Trang\STM32CubeIDE\workspace_1.10.1\get-mac-of-device\SDK_1.0.3_NUCLEO-F401RE\SDK_1.0.3_NUCLEO-F401RE\lib_stm\libLibraries.a(Ucglib.o)
 .debug_macro   0x000000000000e04d       0x84 C:\Users\Trang\STM32CubeIDE\workspace_1.10.1\get-mac-of-device\SDK_1.0.3_NUCLEO-F401RE\SDK_1.0.3_NUCLEO-F401RE\lib_stm\libLibraries.a(ucg_box.o)
 .debug_macro   0x000000000000e0d1       0x84 C:\Users\Trang\STM32CubeIDE\workspace_1.10.1\get-mac-of-device\SDK_1.0.3_NUCLEO-F401RE\SDK_1.0.3_NUCLEO-F401RE\lib_stm\libLibraries.a(ucg_ccs.o)
 .debug_macro   0x000000000000e155       0x84 C:\Users\Trang\STM32CubeIDE\workspace_1.10.1\get-mac-of-device\SDK_1.0.3_NUCLEO-F401RE\SDK_1.0.3_NUCLEO-F401RE\lib_stm\libLibraries.a(ucg_dev_default_cb.o)
 .debug_macro   0x000000000000e1d9       0x84 C:\Users\Trang\STM32CubeIDE\workspace_1.10.1\get-mac-of-device\SDK_1.0.3_NUCLEO-F401RE\SDK_1.0.3_NUCLEO-F401RE\lib_stm\libLibraries.a(ucg_dev_ic_st7735.o)
 .debug_macro   0x000000000000e25d       0x88 C:\Users\Trang\STM32CubeIDE\workspace_1.10.1\get-mac-of-device\SDK_1.0.3_NUCLEO-F401RE\SDK_1.0.3_NUCLEO-F401RE\lib_stm\libLibraries.a(ucg_dev_msg_api.o)
 .debug_macro   0x000000000000e2e5       0x84 C:\Users\Trang\STM32CubeIDE\workspace_1.10.1\get-mac-of-device\SDK_1.0.3_NUCLEO-F401RE\SDK_1.0.3_NUCLEO-F401RE\lib_stm\libLibraries.a(ucg_dev_tft_128x128_st7735.o)
 .debug_macro   0x000000000000e369      0x15a C:\Users\Trang\STM32CubeIDE\workspace_1.10.1\get-mac-of-device\SDK_1.0.3_NUCLEO-F401RE\SDK_1.0.3_NUCLEO-F401RE\lib_stm\libLibraries.a(ucg_font.o)
 .debug_macro   0x000000000000e4c3       0x46 C:\Users\Trang\STM32CubeIDE\workspace_1.10.1\get-mac-of-device\SDK_1.0.3_NUCLEO-F401RE\SDK_1.0.3_NUCLEO-F401RE\lib_stm\libLibraries.a(ucg_font.o)
 .debug_macro   0x000000000000e509       0x18 C:\Users\Trang\STM32CubeIDE\workspace_1.10.1\get-mac-of-device\SDK_1.0.3_NUCLEO-F401RE\SDK_1.0.3_NUCLEO-F401RE\lib_stm\libLibraries.a(ucg_font.o)
 .debug_macro   0x000000000000e521       0x3c C:\Users\Trang\STM32CubeIDE\workspace_1.10.1\get-mac-of-device\SDK_1.0.3_NUCLEO-F401RE\SDK_1.0.3_NUCLEO-F401RE\lib_stm\libLibraries.a(ucg_font.o)
 .debug_macro   0x000000000000e55d       0x52 C:\Users\Trang\STM32CubeIDE\workspace_1.10.1\get-mac-of-device\SDK_1.0.3_NUCLEO-F401RE\SDK_1.0.3_NUCLEO-F401RE\lib_stm\libLibraries.a(ucg_font.o)
 .debug_macro   0x000000000000e5af       0x1f C:\Users\Trang\STM32CubeIDE\workspace_1.10.1\get-mac-of-device\SDK_1.0.3_NUCLEO-F401RE\SDK_1.0.3_NUCLEO-F401RE\lib_stm\libLibraries.a(ucg_font.o)
 .debug_macro   0x000000000000e5ce       0x43 C:\Users\Trang\STM32CubeIDE\workspace_1.10.1\get-mac-of-device\SDK_1.0.3_NUCLEO-F401RE\SDK_1.0.3_NUCLEO-F401RE\lib_stm\libLibraries.a(ucg_font.o)
 .debug_macro   0x000000000000e611       0x20 C:\Users\Trang\STM32CubeIDE\workspace_1.10.1\get-mac-of-device\SDK_1.0.3_NUCLEO-F401RE\SDK_1.0.3_NUCLEO-F401RE\lib_stm\libLibraries.a(ucg_font.o)
 .debug_macro   0x000000000000e631      0x1a3 C:\Users\Trang\STM32CubeIDE\workspace_1.10.1\get-mac-of-device\SDK_1.0.3_NUCLEO-F401RE\SDK_1.0.3_NUCLEO-F401RE\lib_stm\libLibraries.a(ucg_font.o)
 .debug_macro   0x000000000000e7d4      0x330 C:\Users\Trang\STM32CubeIDE\workspace_1.10.1\get-mac-of-device\SDK_1.0.3_NUCLEO-F401RE\SDK_1.0.3_NUCLEO-F401RE\lib_stm\libLibraries.a(ucg_font.o)
 .debug_macro   0x000000000000eb04       0x10 C:\Users\Trang\STM32CubeIDE\workspace_1.10.1\get-mac-of-device\SDK_1.0.3_NUCLEO-F401RE\SDK_1.0.3_NUCLEO-F401RE\lib_stm\libLibraries.a(ucg_font.o)
 .debug_macro   0x000000000000eb14       0x35 C:\Users\Trang\STM32CubeIDE\workspace_1.10.1\get-mac-of-device\SDK_1.0.3_NUCLEO-F401RE\SDK_1.0.3_NUCLEO-F401RE\lib_stm\libLibraries.a(ucg_font.o)
 .debug_macro   0x000000000000eb49      0x145 C:\Users\Trang\STM32CubeIDE\workspace_1.10.1\get-mac-of-device\SDK_1.0.3_NUCLEO-F401RE\SDK_1.0.3_NUCLEO-F401RE\lib_stm\libLibraries.a(ucg_init.o)
 .debug_macro   0x000000000000ec8e       0x84 C:\Users\Trang\STM32CubeIDE\workspace_1.10.1\get-mac-of-device\SDK_1.0.3_NUCLEO-F401RE\SDK_1.0.3_NUCLEO-F401RE\lib_stm\libLibraries.a(ucg_line.o)
 .debug_macro   0x000000000000ed12       0x84 C:\Users\Trang\STM32CubeIDE\workspace_1.10.1\get-mac-of-device\SDK_1.0.3_NUCLEO-F401RE\SDK_1.0.3_NUCLEO-F401RE\lib_stm\libLibraries.a(ucg_pixel.o)
 .debug_macro   0x000000000000ed96       0xbd C:\Users\Trang\STM32CubeIDE\workspace_1.10.1\get-mac-of-device\SDK_1.0.3_NUCLEO-F401RE\SDK_1.0.3_NUCLEO-F401RE\lib_stm\libLibraries.a(ucg_rotate.o)
 .debug_macro   0x000000000000ee53       0xc2 C:\Users\Trang\STM32CubeIDE\workspace_1.10.1\get-mac-of-device\SDK_1.0.3_NUCLEO-F401RE\SDK_1.0.3_NUCLEO-F401RE\lib_stm\libLibraries.a(buff.o)
 .debug_macro   0x000000000000ef15       0x16 C:\Users\Trang\STM32CubeIDE\workspace_1.10.1\get-mac-of-device\SDK_1.0.3_NUCLEO-F401RE\SDK_1.0.3_NUCLEO-F401RE\lib_stm\libLibraries.a(buff.o)
 .debug_macro   0x000000000000ef2b       0x72 C:\Users\Trang\STM32CubeIDE\workspace_1.10.1\get-mac-of-device\SDK_1.0.3_NUCLEO-F401RE\SDK_1.0.3_NUCLEO-F401RE\lib_stm\libLibraries.a(utilities.o)
 .debug_macro   0x000000000000ef9d       0x10 C:\Users\Trang\STM32CubeIDE\workspace_1.10.1\get-mac-of-device\SDK_1.0.3_NUCLEO-F401RE\SDK_1.0.3_NUCLEO-F401RE\lib_stm\libLibraries.a(utilities.o)
 .debug_macro   0x000000000000efad       0x84 C:\Users\Trang\STM32CubeIDE\workspace_1.10.1\get-mac-of-device\SDK_1.0.3_NUCLEO-F401RE\SDK_1.0.3_NUCLEO-F401RE\lib_stm\libLibraries.a(ucg_clip.o)
 .debug_macro   0x000000000000f031       0x84 C:\Users\Trang\STM32CubeIDE\workspace_1.10.1\get-mac-of-device\SDK_1.0.3_NUCLEO-F401RE\SDK_1.0.3_NUCLEO-F401RE\lib_stm\libLibraries.a(ucg_com_msg_api.o)

.debug_line     0x0000000000000000     0x9abd
 .debug_line    0x0000000000000000     0x1535 ./SDK_1.0.3_NUCLEO-F401RE/SDK_1.0.3_NUCLEO-F401RE/shared/Middle/qr-code/qrcode.o
 .debug_line    0x0000000000001535      0xb62 ./Src/main.o
 .debug_line    0x0000000000002097       0x84 ./Startup/startup_stm32f401retx.o
 .debug_line    0x000000000000211b      0x4a0 C:\Users\Trang\STM32CubeIDE\workspace_1.10.1\get-mac-of-device\SDK_1.0.3_NUCLEO-F401RE\SDK_1.0.3_NUCLEO-F401RE\lib_stm\libLibraries.a(system_stm32f4xx.o)
 .debug_line    0x00000000000025bb      0x515 C:\Users\Trang\STM32CubeIDE\workspace_1.10.1\get-mac-of-device\SDK_1.0.3_NUCLEO-F401RE\SDK_1.0.3_NUCLEO-F401RE\lib_stm\libLibraries.a(misc.o)
 .debug_line    0x0000000000002ad0      0x65e C:\Users\Trang\STM32CubeIDE\workspace_1.10.1\get-mac-of-device\SDK_1.0.3_NUCLEO-F401RE\SDK_1.0.3_NUCLEO-F401RE\lib_stm\libLibraries.a(stm32f401re_gpio.o)
 .debug_line    0x000000000000312e      0x8d2 C:\Users\Trang\STM32CubeIDE\workspace_1.10.1\get-mac-of-device\SDK_1.0.3_NUCLEO-F401RE\SDK_1.0.3_NUCLEO-F401RE\lib_stm\libLibraries.a(stm32f401re_rcc.o)
 .debug_line    0x0000000000003a00      0x7a5 C:\Users\Trang\STM32CubeIDE\workspace_1.10.1\get-mac-of-device\SDK_1.0.3_NUCLEO-F401RE\SDK_1.0.3_NUCLEO-F401RE\lib_stm\libLibraries.a(stm32f401re_usart.o)
 .debug_line    0x00000000000041a5      0x684 C:\Users\Trang\STM32CubeIDE\workspace_1.10.1\get-mac-of-device\SDK_1.0.3_NUCLEO-F401RE\SDK_1.0.3_NUCLEO-F401RE\lib_stm\libLibraries.a(timer.o)
 .debug_line    0x0000000000004829      0x5cd C:\Users\Trang\STM32CubeIDE\workspace_1.10.1\get-mac-of-device\SDK_1.0.3_NUCLEO-F401RE\SDK_1.0.3_NUCLEO-F401RE\lib_stm\libLibraries.a(Ucglib.o)
 .debug_line    0x0000000000004df6      0x4c6 C:\Users\Trang\STM32CubeIDE\workspace_1.10.1\get-mac-of-device\SDK_1.0.3_NUCLEO-F401RE\SDK_1.0.3_NUCLEO-F401RE\lib_stm\libLibraries.a(ucg_box.o)
 .debug_line    0x00000000000052bc      0x420 C:\Users\Trang\STM32CubeIDE\workspace_1.10.1\get-mac-of-device\SDK_1.0.3_NUCLEO-F401RE\SDK_1.0.3_NUCLEO-F401RE\lib_stm\libLibraries.a(ucg_ccs.o)
 .debug_line    0x00000000000056dc      0x521 C:\Users\Trang\STM32CubeIDE\workspace_1.10.1\get-mac-of-device\SDK_1.0.3_NUCLEO-F401RE\SDK_1.0.3_NUCLEO-F401RE\lib_stm\libLibraries.a(ucg_dev_default_cb.o)