Archive member included to satisfy reference by file (symbol)

C:\Users\Trang\STM32CubeIDE\workspace_1.10.1\get-mac-of-device\SDK_1.0.3_NUCLEO-F401RE\SDK_1.0.3_NUCLEO-F401RE\lib_stm\libLibraries.a(system_stm32f4xx.o)
                              ./Src/main.o (SystemCoreClockUpdate)
C:\Users\Trang\STM32CubeIDE\workspace_1.10.1\get-mac-of-device\SDK_1.0.3_NUCLEO-F401RE\SDK_1.0.3_NUCLEO-F401RE\lib_stm\libLibraries.a(misc.o)
                              ./Src/main.o (NVIC_Init)
C:\Users\Trang\STM32CubeIDE\workspace_1.10.1\get-mac-of-device\SDK_1.0.3_NUCLEO-F401RE\SDK_1.0.3_NUCLEO-F401RE\lib_stm\libLibraries.a(stm32f401re_gpio.o)
                              ./Src/main.o (GPIO_Init)
C:\Users\Trang\STM32CubeIDE\workspace_1.10.1\get-mac-of-device\SDK_1.0.3_NUCLEO-F401RE\SDK_1.0.3_NUCLEO-F401RE\lib_stm\libLibraries.a(stm32f401re_rcc.o)
                              ./Src/main.o (RCC_AHB1PeriphClockCmd)
C:\Users\Trang\STM32CubeIDE\workspace_1.10.1\get-mac-of-device\SDK_1.0.3_NUCLEO-F401RE\SDK_1.0.3_NUCLEO-F401RE\lib_stm\libLibraries.a(stm32f401re_usart.o)
                              ./Src/main.o (USART_Init)
C:\Users\Trang\STM32CubeIDE\workspace_1.10.1\get-mac-of-device\SDK_1.0.3_NUCLEO-F401RE\SDK_1.0.3_NUCLEO-F401RE\lib_stm\libLibraries.a(timer.o)
                              ./Src/main.o (TimerInit)
C:\Users\Trang\STM32CubeIDE\workspace_1.10.1\get-mac-of-device\SDK_1.0.3_NUCLEO-F401RE\SDK_1.0.3_NUCLEO-F401RE\lib_stm\libLibraries.a(Ucglib.o)
                              ./SDK_1.0.3_NUCLEO-F401RE/SDK_1.0.3_NUCLEO-F401RE/shared/Middle/qr-code-to-lcd-st7735s/qrcode-to-lcd.o (Ucglib4WireSWSPI_begin)
C:\Users\Trang\STM32CubeIDE\workspace_1.10.1\get-mac-of-device\SDK_1.0.3_NUCLEO-F401RE\SDK_1.0.3_NUCLEO-F401RE\lib_stm\libLibraries.a(ucg_box.o)
                              ./SDK_1.0.3_NUCLEO-F401RE/SDK_1.0.3_NUCLEO-F401RE/shared/Middle/qr-code-to-lcd-st7735s/qrcode-to-lcd.o (ucg_ClearScreen)
C:\Users\Trang\STM32CubeIDE\workspace_1.10.1\get-mac-of-device\SDK_1.0.3_NUCLEO-F401RE\SDK_1.0.3_NUCLEO-F401RE\lib_stm\libLibraries.a(ucg_ccs.o)
                              C:\Users\Trang\STM32CubeIDE\workspace_1.10.1\get-mac-of-device\SDK_1.0.3_NUCLEO-F401RE\SDK_1.0.3_NUCLEO-F401RE\lib_stm\libLibraries.a(ucg_box.o) (ucg_ccs_init)
C:\Users\Trang\STM32CubeIDE\workspace_1.10.1\get-mac-of-device\SDK_1.0.3_NUCLEO-F401RE\SDK_1.0.3_NUCLEO-F401RE\lib_stm\libLibraries.a(ucg_circle.o)
                              C:\Users\Trang\STM32CubeIDE\workspace_1.10.1\get-mac-of-device\SDK_1.0.3_NUCLEO-F401RE\SDK_1.0.3_NUCLEO-F401RE\lib_stm\libLibraries.a(ucg_box.o) (ucg_DrawCircle)
C:\Users\Trang\STM32CubeIDE\workspace_1.10.1\get-mac-of-device\SDK_1.0.3_NUCLEO-F401RE\SDK_1.0.3_NUCLEO-F401RE\lib_stm\libLibraries.a(ucg_dev_default_cb.o)
                              C:\Users\Trang\STM32CubeIDE\workspace_1.10.1\get-mac-of-device\SDK_1.0.3_NUCLEO-F401RE\SDK_1.0.3_NUCLEO-F401RE\lib_stm\libLibraries.a(Ucglib.o) (ucg_dev_default_cb)
C:\Users\Trang\STM32CubeIDE\workspace_1.10.1\get-mac-of-device\SDK_1.0.3_NUCLEO-F401RE\SDK_1.0.3_NUCLEO-F401RE\lib_stm\libLibraries.a(ucg_dev_ic_st7735.o)
                              C:\Users\Trang\STM32CubeIDE\workspace_1.10.1\get-mac-of-device\SDK_1.0.3_NUCLEO-F401RE\SDK_1.0.3_NUCLEO-F401RE\lib_stm\libLibraries.a(Ucglib.o) (ucg_ext_st7735_18)
C:\Users\Trang\STM32CubeIDE\workspace_1.10.1\get-mac-of-device\SDK_1.0.3_NUCLEO-F401RE\SDK_1.0.3_NUCLEO-F401RE\lib_stm\libLibraries.a(ucg_dev_msg_api.o)
                              C:\Users\Trang\STM32CubeIDE\workspace_1.10.1\get-mac-of-device\SDK_1.0.3_NUCLEO-F401RE\SDK_1.0.3_NUCLEO-F401RE\lib_stm\libLibraries.a(ucg_box.o) (ucg_SetMaxClipRange)
C:\Users\Trang\STM32CubeIDE\workspace_1.10.1\get-mac-of-device\SDK_1.0.3_NUCLEO-F401RE\SDK_1.0.3_NUCLEO-F401RE\lib_stm\libLibraries.a(ucg_dev_tft_128x128_st7735.o)
                              C:\Users\Trang\STM32CubeIDE\workspace_1.10.1\get-mac-of-device\SDK_1.0.3_NUCLEO-F401RE\SDK_1.0.3_NUCLEO-F401RE\lib_stm\libLibraries.a(Ucglib.o) (ucg_dev_st7735_18x128x128)
C:\Users\Trang\STM32CubeIDE\workspace_1.10.1\get-mac-of-device\SDK_1.0.3_NUCLEO-F401RE\SDK_1.0.3_NUCLEO-F401RE\lib_stm\libLibraries.a(ucg_font.o)
                              C:\Users\Trang\STM32CubeIDE\workspace_1.10.1\get-mac-of-device\SDK_1.0.3_NUCLEO-F401RE\SDK_1.0.3_NUCLEO-F401RE\lib_stm\libLibraries.a(Ucglib.o) (ucg_SetFontMode)
C:\Users\Trang\STM32CubeIDE\workspace_1.10.1\get-mac-of-device\SDK_1.0.3_NUCLEO-F401RE\SDK_1.0.3_NUCLEO-F401RE\lib_stm\libLibraries.a(ucg_init.o)
                              C:\Users\Trang\STM32CubeIDE\workspace_1.10.1\get-mac-of-device\SDK_1.0.3_NUCLEO-F401RE\SDK_1.0.3_NUCLEO-F401RE\lib_stm\libLibraries.a(Ucglib.o) (ucg_Init)
C:\Users\Trang\STM32CubeIDE\workspace_1.10.1\get-mac-of-device\SDK_1.0.3_NUCLEO-F401RE\SDK_1.0.3_NUCLEO-F401RE\lib_stm\libLibraries.a(ucg_line.o)
[...]
Memory Configuration

Name             Origin             Length             Attributes
RAM              0x0000000020000000 0x0000000000018000 xrw
FLASH            0x0000000008000000 0x0000000000080000 xr
*default*        0x0000000000000000 0xffffffffffffffff

Linker script and memory map

LOAD c:/st/stm32cubeide_1.10.1/stm32cubeide/plugins/com.st.stm32cube.ide.mcu.externaltools.gnu-tools-for-stm32.10.3-2021.10.win32_1.0.0.202111181127/tools/bin/../lib/gcc/arm-none-eabi/10.3.1/thumb/v7e-m+fp/hard/crti.o
LOAD c:/st/stm32cubeide_1.10.1/stm32cubeide/plugins/com.st.stm32cube.ide.mcu.externaltools.gnu-tools-for-stm32.10.3-2021.10.win32_1.0.0.202111181127/tools/bin/../lib/gcc/arm-none-eabi/10.3.1/thumb/v7e-m+fp/hard/crtbegin.o
LOAD c:/st/stm32cubeide_1.10.1/stm32cubeide/plugins/com.st.stm32cube.ide.mcu.externaltools.gnu-tools-for-stm32.10.3-2021.10.win32_1.0.0.202111181127/tools/bin/../lib/gcc/arm-none-eabi/10.3.1/../../../../arm-none-eabi/lib/thumb/v7e-m+fp/hard/crt0.o
LOAD ./SDK_1.0.3_NUCLEO-F401RE/SDK_1.0.3_NUCLEO-F401RE/shared/Middle/qr-code/qrcode.o
LOAD ./SDK_1.0.3_NUCLEO-F401RE/SDK_1.0.3_NUCLEO-F401RE/shared/Middle/qr-code-to-lcd-st7735s/qrcode-to-lcd.o
LOAD ./Src/main.o
LOAD ./Src/syscalls.o
LOAD ./Src/sysmem.o
LOAD ./Startup/startup_stm32f401retx.o
LOAD C:\Users\Trang\STM32CubeIDE\workspace_1.10.1\get-mac-of-device\SDK_1.0.3_NUCLEO-F401RE\SDK_1.0.3_NUCLEO-F401RE\lib_stm\libLibraries.a
START GROUP
LOAD c:/st/stm32cubeide_1.10.1/stm32cubeide/plugins/com.st.stm32cube.ide.mcu.externaltools.gnu-tools-for-stm32.10.3-2021.10.win32_1.0.0.202111181127/tools/bin/../lib/gcc/arm-none-eabi/10.3.1/../../../../arm-none-eabi/lib/thumb/v7e-m+fp/hard\libc_nano.a
LOAD c:/st/stm32cubeide_1.10.1/stm32cubeide/plugins/com.st.stm32cube.ide.mcu.externaltools.gnu-tools-for-stm32.10.3-2021.10.win32_1.0.0.202111181127/tools/bin/../lib/gcc/arm-none-eabi/10.3.1/../../../../arm-none-eabi/lib/thumb/v7e-m+fp/hard\libm.a
END GROUP
START GROUP
LOAD c:/st/stm32cubeide_1.10.1/stm32cubeide/plugins/com.st.stm32cube.ide.mcu.externaltools.gnu-tools-for-stm32.10.3-2021.10.win32_1.0.0.202111181127/tools/bin/../lib/gcc/arm-none-eabi/10.3.1/thumb/v7e-m+fp/hard\libgcc.a
LOAD c:/st/stm32cubeide_1.10.1/stm32cubeide/plugins/com.st.stm32cube.ide.mcu.externaltools.gnu-tools-for-stm32.10.3-2021.10.win32_1.0.0.202111181127/tools/bin/../lib/gcc/arm-none-eabi/10.3.1/../../../../arm-none-eabi/lib/thumb/v7e-m+fp/hard\libc_nano.a
END GROUP
START GROUP
LOAD c:/st/stm32cubeide_1.10.1/stm32cubeide/plugins/com.st.stm32cube.ide.mcu.externaltools.gnu-tools-for-stm32.10.3-2021.10.win32_1.0.0.202111181127/tools/bin/../lib/gcc/arm-none-eabi/10.3.1/thumb/v7e-m+fp/hard\libgcc.a
LOAD c:/st/stm32cubeide_1.10.1/stm32cubeide/plugins/com.st.stm32cube.ide.mcu.externaltools.gnu-tools-for-stm32.10.3-2021.10.win32_1.0.0.202111181127/tools/bin/../lib/gcc/arm-none-eabi/10.3.1/../../../../arm-none-eabi/lib/thumb/v7e-m+fp/hard\libc_nano.a
LOAD c:/st/stm32cubeide_1.10.1/stm32cubeide/plugins/com.st.stm32cube.ide.mcu.externaltools.gnu-tools-for-stm32.10.3-2021.10.win32_1.0.0.202111181127/tools/bin/../lib/gcc/arm-none-eabi/10.3.1/../../../../arm-none-eabi/lib/thumb/v7e-m+fp/hard\libnosys.a
END GROUP
START GROUP
LOAD c:/st/stm32cubeide_1.10.1/stm32cubeide/plugins/com.st.stm32cube.ide.mcu.externaltools.gnu-tools-for-stm32.10.3-2021.10.win32_1.0.0.202111181127/tools/bin/../lib/gcc/arm-none-eabi/10.3.1/thumb/v7e-m+fp/hard\libgcc.a
LOAD c:/st/stm32cubeide_1.10.1/stm32cubeide/plugins/com.st.stm32cube.ide.mcu.externaltools.gnu-tools-for-stm32.10.3-2021.10.win32_1.0.0.202111181127/tools/bin/../lib/gcc/arm-none-eabi/10.3.1/../../../../arm-none-eabi/lib/thumb/v7e-m+fp/hard\libc_nano.a
LOAD c:/st/stm32cubeide_1.10.1/stm32cubeide/plugins/com.st.stm32cube.ide.mcu.externaltools.gnu-tools-for-stm32.10.3-2021.10.win32_1.0.0.202111181127/tools/bin/../lib/gcc/arm-none-eabi/10.3.1/../../../../arm-none-eabi/lib/thumb/v7e-m+fp/hard\libnosys.a
END GROUP
LOAD c:/st/stm32cubeide_1.10.1/stm32cubeide/plugins/com.st.stm32cube.ide.mcu.externaltools.gnu-tools-for-stm32.10.3-2021.10.win32_1.0.0.202111181127/tools/bin/../lib/gcc/arm-none-eabi/10.3.1/thumb/v7e-m+fp/hard/crtend.o
LOAD c:/st/stm32cubeide_1.10.1/stm32cubeide/plugins/com.st.stm32cube.ide.mcu.externaltools.gnu-tools-for-stm32.10.3-2021.10.win32_1.0.0.202111181127/tools/bin/../lib/gcc/arm-none-eabi/10.3.1/thumb/v7e-m+fp/hard/crtn.o
                0x0000000020018000                _estack = (ORIGIN (RAM) + LENGTH (RAM))
                0x0000000000000200                _Min_Heap_Size = 0x200
                0x0000000000000400                _Min_Stack_Size = 0x400

.isr_vector     0x0000000008000000      0x194
                0x0000000008000000                . = ALIGN (0x4)
 *(.isr_vector)
 .isr_vector    0x0000000008000000      0x194 ./Startup/startup_stm32f401retx.o
                0x0000000008000000                g_pfnVectors
                0x0000000008000194                . = ALIGN (0x4)

.text           0x0000000008000194     0x5e4c
                0x0000000008000194                . = ALIGN (0x4)
 *(.text)
 .text          0x0000000008000194       0x40 c:/st/stm32cubeide_1.10.1/stm32cubeide/plugins/com.st.stm32cube.ide.mcu.externaltools.gnu-tools-for-stm32.10.3-2021.10.win32_1.0.0.202111181127/tools/bin/../lib/gcc/arm-none-eabi/10.3.1/thumb/v7e-m+fp/hard/crtbegin.o
 .text          0x00000000080001d4       0x14 c:/st/stm32cubeide_1.10.1/stm32cubeide/plugins/com.st.stm32cube.ide.mcu.externaltools.gnu-tools-for-stm32.10.3-2021.10.win32_1.0.0.202111181127/tools/bin/../lib/gcc/arm-none-eabi/10.3.1/../../../../arm-none-eabi/lib/thumb/v7e-m+fp/hard\libc_nano.a(lib_a-strcmp.o)
                0x00000000080001d4                strcmp
 .text          0x00000000080001e8       0x10 c:/st/stm32cubeide_1.10.1/stm32cubeide/plugins/com.st.stm32cube.ide.mcu.externaltools.gnu-tools-for-stm32.10.3-2021.10.win32_1.0.0.202111181127/tools/bin/../lib/gcc/arm-none-eabi/10.3.1/../../../../arm-none-eabi/lib/thumb/v7e-m+fp/hard\libc_nano.a(lib_a-strlen.o)
                0x00000000080001e8                strlen
 *(.text*)
 .text.max      0x00000000080001f8       0x24 ./SDK_1.0.3_NUCLEO-F401RE/SDK_1.0.3_NUCLEO-F401RE/shared/Middle/qr-code/qrcode.o
 .text.getAlphanumeric
                0x000000000800021c       0xe4 ./SDK_1.0.3_NUCLEO-F401RE/SDK_1.0.3_NUCLEO-F401RE/shared/Middle/qr-code/qrcode.o
 .text.isAlphanumeric
                0x0000000008000300       0x3e ./SDK_1.0.3_NUCLEO-F401RE/SDK_1.0.3_NUCLEO-F401RE/shared/Middle/qr-code/qrcode.o
 .text.isNumeric
                0x000000000800033e       0x42 ./SDK_1.0.3_NUCLEO-F401RE/SDK_1.0.3_NUCLEO-F401RE/shared/Middle/qr-code/qrcode.o
 .text.getModeBits
                0x0000000008000380       0x64 ./SDK_1.0.3_NUCLEO-F401RE/SDK_1.0.3_NUCLEO-F401RE/shared/Middle/qr-code/qrcode.o
 .text.bb_getGridSizeBytes
                0x00000000080003e4       0x2a ./SDK_1.0.3_NUCLEO-F401RE/SDK_1.0.3_NUCLEO-F401RE/shared/Middle/qr-code/qrcode.o
 .text.bb_getBufferSizeBytes
                0x000000000800040e       0x1c ./SDK_1.0.3_NUCLEO-F401RE/SDK_1.0.3_NUCLEO-F401RE/shared/Middle/qr-code/qrcode.o
 .text.bb_initBuffer
                0x000000000800042a       0x36 ./SDK_1.0.3_NUCLEO-F401RE/SDK_1.0.3_NUCLEO-F401RE/shared/Middle/qr-code/qrcode.o
 .text.bb_initGrid
                0x0000000008000460       0x40 ./SDK_1.0.3_NUCLEO-F401RE/SDK_1.0.3_NUCLEO-F401RE/shared/Middle/qr-code/qrcode.o
 .text.bb_appendBits
                0x00000000080004a0       0x82 ./SDK_1.0.3_NUCLEO-F401RE/SDK_1.0.3_NUCLEO-F401RE/shared/Middle/qr-code/qrcode.o
 .text.bb_setBit
                0x0000000008000522       0x94 ./SDK_1.0.3_NUCLEO-F401RE/SDK_1.0.3_NUCLEO-F401RE/shared/Middle/qr-code/qrcode.o
 .text.bb_invertBit
                0x00000000080005b6       0xc0 ./SDK_1.0.3_NUCLEO-F401RE/SDK_1.0.3_NUCLEO-F401RE/shared/Middle/qr-code/qrcode.o
 .text.bb_getBit
                0x0000000008000676       0x54 ./SDK_1.0.3_NUCLEO-F401RE/SDK_1.0.3_NUCLEO-F401RE/shared/Middle/qr-code/qrcode.o
 *fill*         0x00000000080006ca        0x2 
 .text.applyMask
                0x00000000080006cc      0x1f4 ./SDK_1.0.3_NUCLEO-F401RE/SDK_1.0.3_NUCLEO-F401RE/shared/Middle/qr-code/qrcode.o
 .text.setFunctionModule
                0x00000000080008c0       0x36 ./SDK_1.0.3_NUCLEO-F401RE/SDK_1.0.3_NUCLEO-F401RE/shared/Middle/qr-code/qrcode.o
 .text.drawFinderPattern
                0x00000000080008f6       0xe8 ./SDK_1.0.3_NUCLEO-F401RE/SDK_1.0.3_NUCLEO-F401RE/shared/Middle/qr-code/qrcode.o
 .text.drawAlignmentPattern
                0x00000000080009de       0xa0 ./SDK_1.0.3_NUCLEO-F401RE/SDK_1.0.3_NUCLEO-F401RE/shared/Middle/qr-code/qrcode.o
 .text.drawFormatBits
                0x0000000008000a7e      0x1fa ./SDK_1.0.3_NUCLEO-F401RE/SDK_1.0.3_NUCLEO-F401RE/shared/Middle/qr-code/qrcode.o
 .text.drawVersion
                0x0000000008000c78       0xd8 ./SDK_1.0.3_NUCLEO-F401RE/SDK_1.0.3_NUCLEO-F401RE/shared/Middle/qr-code/qrcode.o
 .text.drawFunctionPatterns
                0x0000000008000d50      0x26c ./SDK_1.0.3_NUCLEO-F401RE/SDK_1.0.3_NUCLEO-F401RE/shared/Middle/qr-code/qrcode.o
 .text.drawCodewords
                0x0000000008000fbc      0x120 ./SDK_1.0.3_NUCLEO-F401RE/SDK_1.0.3_NUCLEO-F401RE/shared/Middle/qr-code/qrcode.o
 .text.getPenaltyScore
                0x00000000080010dc      0x2f6 ./SDK_1.0.3_NUCLEO-F401RE/SDK_1.0.3_NUCLEO-F401RE/shared/Middle/qr-code/qrcode.o
 .text.rs_multiply
                0x00000000080013d2       0x8c ./SDK_1.0.3_NUCLEO-F401RE/SDK_1.0.3_NUCLEO-F401RE/shared/Middle/qr-code/qrcode.o
 .text.rs_init  0x000000000800145e       0xc2 ./SDK_1.0.3_NUCLEO-F401RE/SDK_1.0.3_NUCLEO-F401RE/shared/Middle/qr-code/qrcode.o
 .text.rs_getRemainder
                0x0000000008001520       0xe4 ./SDK_1.0.3_NUCLEO-F401RE/SDK_1.0.3_NUCLEO-F401RE/shared/Middle/qr-code/qrcode.o
 .text.encodeDataCodewords
                0x0000000008001604      0x1cc ./SDK_1.0.3_NUCLEO-F401RE/SDK_1.0.3_NUCLEO-F401RE/shared/Middle/qr-code/qrcode.o
 .text.performErrorCorrection
                0x00000000080017d0      0x2fc ./SDK_1.0.3_NUCLEO-F401RE/SDK_1.0.3_NUCLEO-F401RE/shared/Middle/qr-code/qrcode.o
 .text.qrcode_getBufferSize
                0x0000000008001acc       0x24 ./SDK_1.0.3_NUCLEO-F401RE/SDK_1.0.3_NUCLEO-F401RE/shared/Middle/qr-code/qrcode.o
                0x0000000008001acc                qrcode_getBufferSize
 .text.qrcode_initBytes
                0x0000000008001af0      0x318 ./SDK_1.0.3_NUCLEO-F401RE/SDK_1.0.3_NUCLEO-F401RE/shared/Middle/qr-code/qrcode.o
                0x0000000008001af0                qrcode_initBytes
 .text.qrcode_initText
                0x0000000008001e08       0x3e ./SDK_1.0.3_NUCLEO-F401RE/SDK_1.0.3_NUCLEO-F401RE/shared/Middle/qr-code/qrcode.o
                0x0000000008001e08                qrcode_initText
 .text.qrcode_getModule
                0x0000000008001e46       0x6c ./SDK_1.0.3_NUCLEO-F401RE/SDK_1.0.3_NUCLEO-F401RE/shared/Middle/qr-code/qrcode.o
                0x0000000008001e46                qrcode_getModule
 *fill*         0x0000000008001eb2        0x2 
 .text.lcdInit  0x0000000008001eb4       0x64 ./SDK_1.0.3_NUCLEO-F401RE/SDK_1.0.3_NUCLEO-F401RE/shared/Middle/qr-code-to-lcd-st7735s/qrcode-to-lcd.o
                0x0000000008001eb4                lcdInit
 .text.generateQRCode
                0x0000000008001f18      0x214 ./SDK_1.0.3_NUCLEO-F401RE/SDK_1.0.3_NUCLEO-F401RE/shared/Middle/qr-code-to-lcd-st7735s/qrcode-to-lcd.o
                0x0000000008001f18                generateQRCode
 .text.clearLCD
                0x000000000800212c       0x14 ./SDK_1.0.3_NUCLEO-F401RE/SDK_1.0.3_NUCLEO-F401RE/shared/Middle/qr-code-to-lcd-st7735s/qrcode-to-lcd.o
                0x000000000800212c                clearLCD
 .text.printText
                0x0000000008002140       0x70 ./SDK_1.0.3_NUCLEO-F401RE/SDK_1.0.3_NUCLEO-F401RE/shared/Middle/qr-code-to-lcd-st7735s/qrcode-to-lcd.o
                0x0000000008002140                printText
 .text.checkDataLength
                0x00000000080021b0      0x1f8 ./SDK_1.0.3_NUCLEO-F401RE/SDK_1.0.3_NUCLEO-F401RE/shared/Middle/qr-code-to-lcd-st7735s/qrcode-to-lcd.o
                0x00000000080021b0                checkDataLength
 .text.main     0x00000000080023a8       0x12 ./Src/main.o
                0x00000000080023a8                main
 *fill*         0x00000000080023ba        0x2 
 .text.appInitCommon
                0x00000000080023bc       0x24 ./Src/main.o
 .text.processUartReceiveCommandInformationFeedBack
                0x00000000080023e0      0x304 ./Src/main.o
 .text.procUartCmd
                0x00000000080026e4       0x26 ./Src/main.o
 *fill*         0x000000000800270a        0x2 
 .text.processSerialUartReceiver
                0x000000000800270c       0x54 ./Src/main.o
 .text.PollRxBuff
                0x0000000008002760      0x100 ./Src/main.o
 .text.serialUartInit
                0x0000000008002860       0x24 ./Src/main.o
 .text.usartInit
                0x0000000008002884       0xa8 ./Src/main.o
 .text.hexToAscii
                0x000000000800292c       0x88 ./Src/main.o
 .text.printMACLcd
                0x00000000080029b4       0xb8 ./Src/main.o
                0x00000000080029b4                printMACLcd
 .text.USART6x_IRQHandler
                0x0000000008002a6c       0x58 ./Src/main.o
                0x0000000008002a6c                USART6x_IRQHandler
 .text.Reset_Handler
                0x0000000008002ac4       0x50 ./Startup/startup_stm32f401retx.o
                0x0000000008002ac4                Reset_Handler
 .text.Default_Handler
                0x0000000008002b14        0x2 ./Startup/startup_stm32f401retx.o
                0x0000000008002b14                EXTI2_IRQHandler
                0x0000000008002b14                DebugMon_Handler
                0x0000000008002b14                SPI4_IRQHandler
                0x0000000008002b14                TIM1_CC_IRQHandler
                0x0000000008002b14                HardFault_Handler
                0x0000000008002b14                SDIO_IRQHandler
                0x0000000008002b14                TAMP_STAMP_IRQHandler
                0x0000000008002b14                PendSV_Handler
                0x0000000008002b14                NMI_Handler
                0x0000000008002b14                EXTI3_IRQHandler
                0x0000000008002b14                TIM1_UP_TIM10_IRQHandler
                0x0000000008002b14                I2C3_ER_IRQHandler
                0x0000000008002b14                EXTI18_OTG_FS_WKUP_IRQHandler
                0x0000000008002b14                EXTI0_IRQHandler
                0x0000000008002b14                I2C2_EV_IRQHandler
                0x0000000008002b14                FPU_IRQHandler
                0x0000000008002b14                UsageFault_Handler
                0x0000000008002b14                SPI1_IRQHandler
                0x0000000008002b14                TIM1_BRK_TIM9_IRQHandler
                0x0000000008002b14                TIM4_IRQHandler
                0x0000000008002b14                I2C1_EV_IRQHandler
                0x0000000008002b14                TIM3_IRQHandler
                0x0000000008002b14                RCC_IRQHandler
                0x0000000008002b14                Default_Handler
                0x0000000008002b14                EXTI15_10_IRQHandler
                0x0000000008002b14                ADC_IRQHandler
                0x0000000008002b14                TIM5_IRQHandler
                0x0000000008002b14                I2C3_EV_IRQHandler
                0x0000000008002b14                EXTI9_5_IRQHandler
                0x0000000008002b14                SPI2_IRQHandler
                0x0000000008002b14                MemManage_Handler
                0x0000000008002b14                SVC_Handler
                0x0000000008002b14                EXTI4_IRQHandler
                0x0000000008002b14                EXTI22_RTC_WKUP_IRQHandler
                0x0000000008002b14                TIM2_IRQHandler
                0x0000000008002b14                EXTI16_PVD_IRQHandler
                0x0000000008002b14                TIM1_TRG_COM_TIM11_IRQHandler
                0x0000000008002b14                EXTI1_IRQHandler
                0x0000000008002b14                EXTI17_RTC_Alarm_IRQHandler
                0x0000000008002b14                USART2_IRQHandler
                0x0000000008002b14                I2C2_ER_IRQHandler
                0x0000000008002b14                FLASH_IRQHandler
                0x0000000008002b14                BusFault_Handler
                0x0000000008002b14                USART1_IRQHandler
                0x0000000008002b14                OTG_FS_IRQHandler
                0x0000000008002b14                SPI3_IRQHandler
                0x0000000008002b14                I2C1_ER_IRQHandler
 *fill*         0x0000000008002b16        0x2 
 .text.SystemInit
                0x0000000008002b18       0x6c C:\Users\Trang\STM32CubeIDE\workspace_1.10.1\get-mac-of-device\SDK_1.0.3_NUCLEO-F401RE\SDK_1.0.3_NUCLEO-F401RE\lib_stm\libLibraries.a(system_stm32f4xx.o)
                0x0000000008002b18                SystemInit
 .text.SystemCoreClockUpdate
                0x0000000008002b84       0xf8 C:\Users\Trang\STM32CubeIDE\workspace_1.10.1\get-mac-of-device\SDK_1.0.3_NUCLEO-F401RE\SDK_1.0.3_NUCLEO-F401RE\lib_stm\libLibraries.a(system_stm32f4xx.o)
                0x0000000008002b84                SystemCoreClockUpdate
 .text.SetSysClock
                0x0000000008002c7c       0xa0 C:\Users\Trang\STM32CubeIDE\workspace_1.10.1\get-mac-of-device\SDK_1.0.3_NUCLEO-F401RE\SDK_1.0.3_NUCLEO-F401RE\lib_stm\libLibraries.a(system_stm32f4xx.o)
 .text.NVIC_Init
                0x0000000008002d1c       0xc4 C:\Users\Trang\STM32CubeIDE\workspace_1.10.1\get-mac-of-device\SDK_1.0.3_NUCLEO-F401RE\SDK_1.0.3_NUCLEO-F401RE\lib_stm\libLibraries.a(misc.o)
                0x0000000008002d1c                NVIC_Init
 .text.GPIO_Init
                0x0000000008002de0      0x11c C:\Users\Trang\STM32CubeIDE\workspace_1.10.1\get-mac-of-device\SDK_1.0.3_NUCLEO-F401RE\SDK_1.0.3_NUCLEO-F401RE\lib_stm\libLibraries.a(stm32f401re_gpio.o)
                0x0000000008002de0                GPIO_Init
 .text.GPIO_WriteBit
                0x0000000008002efc       0x30 C:\Users\Trang\STM32CubeIDE\workspace_1.10.1\get-mac-of-device\SDK_1.0.3_NUCLEO-F401RE\SDK_1.0.3_NUCLEO-F401RE\lib_stm\libLibraries.a(stm32f401re_gpio.o)
                0x0000000008002efc                GPIO_WriteBit
 .text.GPIO_PinAFConfig
                0x0000000008002f2c       0x92 C:\Users\Trang\STM32CubeIDE\workspace_1.10.1\get-mac-of-device\SDK_1.0.3_NUCLEO-F401RE\SDK_1.0.3_NUCLEO-F401RE\lib_stm\libLibraries.a(stm32f401re_gpio.o)
                0x0000000008002f2c                GPIO_PinAFConfig
 *fill*         0x0000000008002fbe        0x2 
 .text.RCC_GetClocksFreq
                0x0000000008002fc0      0x150 C:\Users\Trang\STM32CubeIDE\workspace_1.10.1\get-mac-of-device\SDK_1.0.3_NUCLEO-F401RE\SDK_1.0.3_NUCLEO-F401RE\lib_stm\libLibraries.a(stm32f401re_rcc.o)
                0x0000000008002fc0                RCC_GetClocksFreq
 .text.RCC_AHB1PeriphClockCmd
                0x0000000008003110       0x40 C:\Users\Trang\STM32CubeIDE\workspace_1.10.1\get-mac-of-device\SDK_1.0.3_NUCLEO-F401RE\SDK_1.0.3_NUCLEO-F401RE\lib_stm\libLibraries.a(stm32f401re_rcc.o)
                0x0000000008003110                RCC_AHB1PeriphClockCmd
 .text.RCC_APB2PeriphClockCmd
                0x0000000008003150       0x40 C:\Users\Trang\STM32CubeIDE\workspace_1.10.1\get-mac-of-device\SDK_1.0.3_NUCLEO-F401RE\SDK_1.0.3_NUCLEO-F401RE\lib_stm\libLibraries.a(stm32f401re_rcc.o)
                0x0000000008003150                RCC_APB2PeriphClockCmd
 .text.USART_Init
                0x0000000008003190      0x174 C:\Users\Trang\STM32CubeIDE\workspace_1.10.1\get-mac-of-device\SDK_1.0.3_NUCLEO-F401RE\SDK_1.0.3_NUCLEO-F401RE\lib_stm\libLibraries.a(stm32f401re_usart.o)
                0x0000000008003190                USART_Init
 .text.USART_Cmd
                0x0000000008003304       0x40 C:\Users\Trang\STM32CubeIDE\workspace_1.10.1\get-mac-of-device\SDK_1.0.3_NUCLEO-F401RE\SDK_1.0.3_NUCLEO-F401RE\lib_stm\libLibraries.a(stm32f401re_usart.o)
                0x0000000008003304                USART_Cmd
 .text.USART_ReceiveData
                0x0000000008003344       0x20 C:\Users\Trang\STM32CubeIDE\workspace_1.10.1\get-mac-of-device\SDK_1.0.3_NUCLEO-F401RE\SDK_1.0.3_NUCLEO-F401RE\lib_stm\libLibraries.a(stm32f401re_usart.o)
                0x0000000008003344                USART_ReceiveData
 .text.USART_ITConfig
                0x0000000008003364       0x90 C:\Users\Trang\STM32CubeIDE\workspace_1.10.1\get-mac-of-device\SDK_1.0.3_NUCLEO-F401RE\SDK_1.0.3_NUCLEO-F401RE\lib_stm\libLibraries.a(stm32f401re_usart.o)
                0x0000000008003364                USART_ITConfig
 .text.USART_GetITStatus
                0x00000000080033f4       0xb6 C:\Users\Trang\STM32CubeIDE\workspace_1.10.1\get-mac-of-device\SDK_1.0.3_NUCLEO-F401RE\SDK_1.0.3_NUCLEO-F401RE\lib_stm\libLibraries.a(stm32f401re_usart.o)
                0x00000000080033f4                USART_GetITStatus
 .text.USART_ClearITPendingBit
                0x00000000080034aa       0x3a C:\Users\Trang\STM32CubeIDE\workspace_1.10.1\get-mac-of-device\SDK_1.0.3_NUCLEO-F401RE\SDK_1.0.3_NUCLEO-F401RE\lib_stm\libLibraries.a(stm32f401re_usart.o)
                0x00000000080034aa                USART_ClearITPendingBit
 .text.NVIC_SetPriority
                0x00000000080034e4       0x54 C:\Users\Trang\STM32CubeIDE\workspace_1.10.1\get-mac-of-device\SDK_1.0.3_NUCLEO-F401RE\SDK_1.0.3_NUCLEO-F401RE\lib_stm\libLibraries.a(timer.o)
 .text.SysTick_Config
                0x0000000008003538       0x44 C:\Users\Trang\STM32CubeIDE\workspace_1.10.1\get-mac-of-device\SDK_1.0.3_NUCLEO-F401RE\SDK_1.0.3_NUCLEO-F401RE\lib_stm\libLibraries.a(timer.o)
 .text.TimerInit
                0x000000000800357c       0x44 C:\Users\Trang\STM32CubeIDE\workspace_1.10.1\get-mac-of-device\SDK_1.0.3_NUCLEO-F401RE\SDK_1.0.3_NUCLEO-F401RE\lib_stm\libLibraries.a(timer.o)
                0x000000000800357c                TimerInit
 .text.TimerStart
                0x00000000080035c0       0xc4 C:\Users\Trang\STM32CubeIDE\workspace_1.10.1\get-mac-of-device\SDK_1.0.3_NUCLEO-F401RE\SDK_1.0.3_NUCLEO-F401RE\lib_stm\libLibraries.a(timer.o)
                0x00000000080035c0                TimerStart
 .text.TimerStop
                0x0000000008003684       0xa0 C:\Users\Trang\STM32CubeIDE\workspace_1.10.1\get-mac-of-device\SDK_1.0.3_NUCLEO-F401RE\SDK_1.0.3_NUCLEO-F401RE\lib_stm\libLibraries.a(timer.o)
                0x0000000008003684                TimerStop
 .text.GetMilSecTick
                0x0000000008003724       0x18 C:\Users\Trang\STM32CubeIDE\workspace_1.10.1\get-mac-of-device\SDK_1.0.3_NUCLEO-F401RE\SDK_1.0.3_NUCLEO-F401RE\lib_stm\libLibraries.a(timer.o)
                0x0000000008003724                GetMilSecTick
 .text.processTimerScheduler
                0x000000000800373c       0xf0 C:\Users\Trang\STM32CubeIDE\workspace_1.10.1\get-mac-of-device\SDK_1.0.3_NUCLEO-F401RE\SDK_1.0.3_NUCLEO-F401RE\lib_stm\libLibraries.a(timer.o)
                0x000000000800373c                processTimerScheduler
 .text.TimeExpired
                0x000000000800382c       0xcc C:\Users\Trang\STM32CubeIDE\workspace_1.10.1\get-mac-of-device\SDK_1.0.3_NUCLEO-F401RE\SDK_1.0.3_NUCLEO-F401RE\lib_stm\libLibraries.a(timer.o)
 .text.SysTick_Handler
                0x00000000080038f8       0x1c C:\Users\Trang\STM32CubeIDE\workspace_1.10.1\get-mac-of-device\SDK_1.0.3_NUCLEO-F401RE\SDK_1.0.3_NUCLEO-F401RE\lib_stm\libLibraries.a(timer.o)
                0x00000000080038f8                SysTick_Handler
 .text.delayMicroseconds
                0x0000000008003914       0x14 C:\Users\Trang\STM32CubeIDE\workspace_1.10.1\get-mac-of-device\SDK_1.0.3_NUCLEO-F401RE\SDK_1.0.3_NUCLEO-F401RE\lib_stm\libLibraries.a(Ucglib.o)
 .text.ucg_gpio_init
                0x0000000008003928       0x60 C:\Users\Trang\STM32CubeIDE\workspace_1.10.1\get-mac-of-device\SDK_1.0.3_NUCLEO-F401RE\SDK_1.0.3_NUCLEO-F401RE\lib_stm\libLibraries.a(Ucglib.o)
 .text.ucg_com_arduino_send_generic_SW_SPI
                0x0000000008003988       0x74 C:\Users\Trang\STM32CubeIDE\workspace_1.10.1\get-mac-of-device\SDK_1.0.3_NUCLEO-F401RE\SDK_1.0.3_NUCLEO-F401RE\lib_stm\libLibraries.a(Ucglib.o)
 .text.ucg_com_arduino_generic_SW_SPI
                0x00000000080039fc      0x1ec C:\Users\Trang\STM32CubeIDE\workspace_1.10.1\get-mac-of-device\SDK_1.0.3_NUCLEO-F401RE\SDK_1.0.3_NUCLEO-F401RE\lib_stm\libLibraries.a(Ucglib.o)
 .text.Ucglib4WireSWSPI_begin
                0x0000000008003be8       0x38 C:\Users\Trang\STM32CubeIDE\workspace_1.10.1\get-mac-of-device\SDK_1.0.3_NUCLEO-F401RE\SDK_1.0.3_NUCLEO-F401RE\lib_stm\libLibraries.a(Ucglib.o)
                0x0000000008003be8                Ucglib4WireSWSPI_begin
 .text.ucg_DrawBox
                0x0000000008003c20       0x56 C:\Users\Trang\STM32CubeIDE\workspace_1.10.1\get-mac-of-device\SDK_1.0.3_NUCLEO-F401RE\SDK_1.0.3_NUCLEO-F401RE\lib_stm\libLibraries.a(ucg_box.o)
                0x0000000008003c20                ucg_DrawBox
 .text.ucg_ClearScreen
                0x0000000008003c76       0x50 C:\Users\Trang\STM32CubeIDE\workspace_1.10.1\get-mac-of-device\SDK_1.0.3_NUCLEO-F401RE\SDK_1.0.3_NUCLEO-F401RE\lib_stm\libLibraries.a(ucg_box.o)
                0x0000000008003c76                ucg_ClearScreen
 .text.ucg_ccs_init
                0x0000000008003cc6       0xc0 C:\Users\Trang\STM32CubeIDE\workspace_1.10.1\get-mac-of-device\SDK_1.0.3_NUCLEO-F401RE\SDK_1.0.3_NUCLEO-F401RE\lib_stm\libLibraries.a(ucg_ccs.o)
                0x0000000008003cc6                ucg_ccs_init
 .text.ucg_ccs_step
                0x0000000008003d86       0x80 C:\Users\Trang\STM32CubeIDE\workspace_1.10.1\get-mac-of-device\SDK_1.0.3_NUCLEO-F401RE\SDK_1.0.3_NUCLEO-F401RE\lib_stm\libLibraries.a(ucg_ccs.o)
                0x0000000008003d86                ucg_ccs_step
 .text.ucg_ccs_seek
                0x0000000008003e06       0xca C:\Users\Trang\STM32CubeIDE\workspace_1.10.1\get-mac-of-device\SDK_1.0.3_NUCLEO-F401RE\SDK_1.0.3_NUCLEO-F401RE\lib_stm\libLibraries.a(ucg_ccs.o)
                0x0000000008003e06                ucg_ccs_seek
 .text.ucg_dev_default_cb
                0x0000000008003ed0       0x44 C:\Users\Trang\STM32CubeIDE\workspace_1.10.1\get-mac-of-device\SDK_1.0.3_NUCLEO-F401RE\SDK_1.0.3_NUCLEO-F401RE\lib_stm\libLibraries.a(ucg_dev_default_cb.o)
                0x0000000008003ed0                ucg_dev_default_cb
 .text.ucg_ext_none
                0x0000000008003f14       0x1c C:\Users\Trang\STM32CubeIDE\workspace_1.10.1\get-mac-of-device\SDK_1.0.3_NUCLEO-F401RE\SDK_1.0.3_NUCLEO-F401RE\lib_stm\libLibraries.a(ucg_dev_default_cb.o)
                0x0000000008003f14                ucg_ext_none
 .text.ucg_handle_st7735_l90fx
                0x0000000008003f30       0xd8 C:\Users\Trang\STM32CubeIDE\workspace_1.10.1\get-mac-of-device\SDK_1.0.3_NUCLEO-F401RE\SDK_1.0.3_NUCLEO-F401RE\lib_stm\libLibraries.a(ucg_dev_ic_st7735.o)
                0x0000000008003f30                ucg_handle_st7735_l90fx
 .text.ucg_handle_st7735_l90se
                0x0000000008004008      0x154 C:\Users\Trang\STM32CubeIDE\workspace_1.10.1\get-mac-of-device\SDK_1.0.3_NUCLEO-F401RE\SDK_1.0.3_NUCLEO-F401RE\lib_stm\libLibraries.a(ucg_dev_ic_st7735.o)
                0x0000000008004008                ucg_handle_st7735_l90se
 .text.ucg_dev_ic_st7735_18
                0x000000000800415c       0xf8 C:\Users\Trang\STM32CubeIDE\workspace_1.10.1\get-mac-of-device\SDK_1.0.3_NUCLEO-F401RE\SDK_1.0.3_NUCLEO-F401RE\lib_stm\libLibraries.a(ucg_dev_ic_st7735.o)
                0x000000000800415c                ucg_dev_ic_st7735_18
 .text.ucg_ext_st7735_18
                0x0000000008004254       0x28 C:\Users\Trang\STM32CubeIDE\workspace_1.10.1\get-mac-of-device\SDK_1.0.3_NUCLEO-F401RE\SDK_1.0.3_NUCLEO-F401RE\lib_stm\libLibraries.a(ucg_dev_ic_st7735.o)
                0x0000000008004254                ucg_ext_st7735_18
 .text.ucg_PowerDown
                0x000000000800427c       0x34 C:\Users\Trang\STM32CubeIDE\workspace_1.10.1\get-mac-of-device\SDK_1.0.3_NUCLEO-F401RE\SDK_1.0.3_NUCLEO-F401RE\lib_stm\libLibraries.a(ucg_dev_msg_api.o)
                0x000000000800427c                ucg_PowerDown
 .text.ucg_PowerUp
                0x00000000080042b0       0x3c C:\Users\Trang\STM32CubeIDE\workspace_1.10.1\get-mac-of-device\SDK_1.0.3_NUCLEO-F401RE\SDK_1.0.3_NUCLEO-F401RE\lib_stm\libLibraries.a(ucg_dev_msg_api.o)
                0x00000000080042b0                ucg_PowerUp
 .text.ucg_SetClipBox
                0x00000000080042ec       0x1e C:\Users\Trang\STM32CubeIDE\workspace_1.10.1\get-mac-of-device\SDK_1.0.3_NUCLEO-F401RE\SDK_1.0.3_NUCLEO-F401RE\lib_stm\libLibraries.a(ucg_dev_msg_api.o)
                0x00000000080042ec                ucg_SetClipBox
 .text.ucg_SetMaxClipRange
                0x000000000800430a       0x30 C:\Users\Trang\STM32CubeIDE\workspace_1.10.1\get-mac-of-device\SDK_1.0.3_NUCLEO-F401RE\SDK_1.0.3_NUCLEO-F401RE\lib_stm\libLibraries.a(ucg_dev_msg_api.o)
                0x000000000800430a                ucg_SetMaxClipRange
 .text.ucg_GetDimension
                0x000000000800433a       0x24 C:\Users\Trang\STM32CubeIDE\workspace_1.10.1\get-mac-of-device\SDK_1.0.3_NUCLEO-F401RE\SDK_1.0.3_NUCLEO-F401RE\lib_stm\libLibraries.a(ucg_dev_msg_api.o)
                0x000000000800433a                ucg_GetDimension
 .text.ucg_DrawPixelWithArg
                0x000000000800435e       0x1c C:\Users\Trang\STM32CubeIDE\workspace_1.10.1\get-mac-of-device\SDK_1.0.3_NUCLEO-F401RE\SDK_1.0.3_NUCLEO-F401RE\lib_stm\libLibraries.a(ucg_dev_msg_api.o)
                0x000000000800435e                ucg_DrawPixelWithArg
 .text.ucg_DrawL90FXWithArg
                0x000000000800437a       0x1e C:\Users\Trang\STM32CubeIDE\workspace_1.10.1\get-mac-of-device\SDK_1.0.3_NUCLEO-F401RE\SDK_1.0.3_NUCLEO-F401RE\lib_stm\libLibraries.a(ucg_dev_msg_api.o)
                0x000000000800437a                ucg_DrawL90FXWithArg
 .text.ucg_dev_st7735_18x128x128
                0x0000000008004398       0x80 C:\Users\Trang\STM32CubeIDE\workspace_1.10.1\get-mac-of-device\SDK_1.0.3_NUCLEO-F401RE\SDK_1.0.3_NUCLEO-F401RE\lib_stm\libLibraries.a(ucg_dev_tft_128x128_st7735.o)
                0x0000000008004398                ucg_dev_st7735_18x128x128
 .text.ucg_font_get_byte
                0x0000000008004418       0x24 C:\Users\Trang\STM32CubeIDE\workspace_1.10.1\get-mac-of-device\SDK_1.0.3_NUCLEO-F401RE\SDK_1.0.3_NUCLEO-F401RE\lib_stm\libLibraries.a(ucg_font.o)
 .text.ucg_font_get_word
                0x000000000800443c       0x40 C:\Users\Trang\STM32CubeIDE\workspace_1.10.1\get-mac-of-device\SDK_1.0.3_NUCLEO-F401RE\SDK_1.0.3_NUCLEO-F401RE\lib_stm\libLibraries.a(ucg_font.o)
 .text.ucg_read_font_info
                0x000000000800447c      0x142 C:\Users\Trang\STM32CubeIDE\workspace_1.10.1\get-mac-of-device\SDK_1.0.3_NUCLEO-F401RE\SDK_1.0.3_NUCLEO-F401RE\lib_stm\libLibraries.a(ucg_font.o)
                0x000000000800447c                ucg_read_font_info
 .text.ucg_font_decode_get_unsigned_bits
                0x00000000080045be       0x96 C:\Users\Trang\STM32CubeIDE\workspace_1.10.1\get-mac-of-device\SDK_1.0.3_NUCLEO-F401RE\SDK_1.0.3_NUCLEO-F401RE\lib_stm\libLibraries.a(ucg_font.o)
                0x00000000080045be                ucg_font_decode_get_unsigned_bits
 .text.ucg_font_decode_get_signed_bits
                0x0000000008004654       0x46 C:\Users\Trang\STM32CubeIDE\workspace_1.10.1\get-mac-of-device\SDK_1.0.3_NUCLEO-F401RE\SDK_1.0.3_NUCLEO-F401RE\lib_stm\libLibraries.a(ucg_font.o)
                0x0000000008004654                ucg_font_decode_get_signed_bits
 .text.ucg_add_vector_y
                0x000000000800469a       0x7a C:\Users\Trang\STM32CubeIDE\workspace_1.10.1\get-mac-of-device\SDK_1.0.3_NUCLEO-F401RE\SDK_1.0.3_NUCLEO-F401RE\lib_stm\libLibraries.a(ucg_font.o)
 .text.ucg_add_vector_x
                0x0000000008004714       0x7a C:\Users\Trang\STM32CubeIDE\workspace_1.10.1\get-mac-of-device\SDK_1.0.3_NUCLEO-F401RE\SDK_1.0.3_NUCLEO-F401RE\lib_stm\libLibraries.a(ucg_font.o)
 .text.ucg_font_decode_len
                0x000000000800478e      0x118 C:\Users\Trang\STM32CubeIDE\workspace_1.10.1\get-mac-of-device\SDK_1.0.3_NUCLEO-F401RE\SDK_1.0.3_NUCLEO-F401RE\lib_stm\libLibraries.a(ucg_font.o)
                0x000000000800478e                ucg_font_decode_len
 .text.ucg_font_setup_decode
                0x00000000080048a6       0x64 C:\Users\Trang\STM32CubeIDE\workspace_1.10.1\get-mac-of-device\SDK_1.0.3_NUCLEO-F401RE\SDK_1.0.3_NUCLEO-F401RE\lib_stm\libLibraries.a(ucg_font.o)
 .text.ucg_font_decode_glyph
                0x000000000800490a      0x14c C:\Users\Trang\STM32CubeIDE\workspace_1.10.1\get-mac-of-device\SDK_1.0.3_NUCLEO-F401RE\SDK_1.0.3_NUCLEO-F401RE\lib_stm\libLibraries.a(ucg_font.o)
                0x000000000800490a                ucg_font_decode_glyph
 .text.ucg_font_get_glyph_data
                0x0000000008004a56       0x7a C:\Users\Trang\STM32CubeIDE\workspace_1.10.1\get-mac-of-device\SDK_1.0.3_NUCLEO-F401RE\SDK_1.0.3_NUCLEO-F401RE\lib_stm\libLibraries.a(ucg_font.o)
                0x0000000008004a56                ucg_font_get_glyph_data
 .text.ucg_font_draw_glyph
                0x0000000008004ad0       0x62 C:\Users\Trang\STM32CubeIDE\workspace_1.10.1\get-mac-of-device\SDK_1.0.3_NUCLEO-F401RE\SDK_1.0.3_NUCLEO-F401RE\lib_stm\libLibraries.a(ucg_font.o)
                0x0000000008004ad0                ucg_font_draw_glyph
 .text.ucg_SetFontMode
                0x0000000008004b32       0x20 C:\Users\Trang\STM32CubeIDE\workspace_1.10.1\get-mac-of-device\SDK_1.0.3_NUCLEO-F401RE\SDK_1.0.3_NUCLEO-F401RE\lib_stm\libLibraries.a(ucg_font.o)
                0x0000000008004b32                ucg_SetFontMode
 *fill*         0x0000000008004b52        0x2 
 .text.ucg_DrawGlyph
                0x0000000008004b54       0xb0 C:\Users\Trang\STM32CubeIDE\workspace_1.10.1\get-mac-of-device\SDK_1.0.3_NUCLEO-F401RE\SDK_1.0.3_NUCLEO-F401RE\lib_stm\libLibraries.a(ucg_font.o)
                0x0000000008004b54                ucg_DrawGlyph
 .text.task_drawString
                0x0000000008004c04      0x138 C:\Users\Trang\STM32CubeIDE\workspace_1.10.1\get-mac-of-device\SDK_1.0.3_NUCLEO-F401RE\SDK_1.0.3_NUCLEO-F401RE\lib_stm\libLibraries.a(ucg_font.o)
                0x0000000008004c04                task_drawString
 .text.ucg_DrawString
                0x0000000008004d3c       0x78 C:\Users\Trang\STM32CubeIDE\workspace_1.10.1\get-mac-of-device\SDK_1.0.3_NUCLEO-F401RE\SDK_1.0.3_NUCLEO-F401RE\lib_stm\libLibraries.a(ucg_font.o)
                0x0000000008004d3c                ucg_DrawString
 .text.ucg_UpdateRefHeight
                0x0000000008004db4       0xd8 C:\Users\Trang\STM32CubeIDE\workspace_1.10.1\get-mac-of-device\SDK_1.0.3_NUCLEO-F401RE\SDK_1.0.3_NUCLEO-F401RE\lib_stm\libLibraries.a(ucg_font.o)
                0x0000000008004db4                ucg_UpdateRefHeight
 .text.ucg_font_calc_vref_font
                0x0000000008004e8c       0x16 C:\Users\Trang\STM32CubeIDE\workspace_1.10.1\get-mac-of-device\SDK_1.0.3_NUCLEO-F401RE\SDK_1.0.3_NUCLEO-F401RE\lib_stm\libLibraries.a(ucg_font.o)
                0x0000000008004e8c                ucg_font_calc_vref_font
 *fill*         0x0000000008004ea2        0x2 
 .text.ucg_SetFontPosBaseline
                0x0000000008004ea4       0x20 C:\Users\Trang\STM32CubeIDE\workspace_1.10.1\get-mac-of-device\SDK_1.0.3_NUCLEO-F401RE\SDK_1.0.3_NUCLEO-F401RE\lib_stm\libLibraries.a(ucg_font.o)
                0x0000000008004ea4                ucg_SetFontPosBaseline
 .text.ucg_SetFont
                0x0000000008004ec4       0x4c C:\Users\Trang\STM32CubeIDE\workspace_1.10.1\get-mac-of-device\SDK_1.0.3_NUCLEO-F401RE\SDK_1.0.3_NUCLEO-F401RE\lib_stm\libLibraries.a(ucg_font.o)
                0x0000000008004ec4                ucg_SetFont
 .text.ucg_init_struct
                0x0000000008004f10       0x50 C:\Users\Trang\STM32CubeIDE\workspace_1.10.1\get-mac-of-device\SDK_1.0.3_NUCLEO-F401RE\SDK_1.0.3_NUCLEO-F401RE\lib_stm\libLibraries.a(ucg_init.o)
                0x0000000008004f10                ucg_init_struct
 .text.ucg_Init
                0x0000000008004f60       0x5c C:\Users\Trang\STM32CubeIDE\workspace_1.10.1\get-mac-of-device\SDK_1.0.3_NUCLEO-F401RE\SDK_1.0.3_NUCLEO-F401RE\lib_stm\libLibraries.a(ucg_init.o)
                0x0000000008004f60                ucg_Init
 .text.ucg_Draw90Line
                0x0000000008004fbc       0x88 C:\Users\Trang\STM32CubeIDE\workspace_1.10.1\get-mac-of-device\SDK_1.0.3_NUCLEO-F401RE\SDK_1.0.3_NUCLEO-F401RE\lib_stm\libLibraries.a(ucg_line.o)
                0x0000000008004fbc                ucg_Draw90Line
 .text.ucg_DrawHLine
                0x0000000008005044       0x3e C:\Users\Trang\STM32CubeIDE\workspace_1.10.1\get-mac-of-device\SDK_1.0.3_NUCLEO-F401RE\SDK_1.0.3_NUCLEO-F401RE\lib_stm\libLibraries.a(ucg_line.o)
                0x0000000008005044                ucg_DrawHLine
 .text.ucg_SetColor
                0x0000000008005082       0x5c C:\Users\Trang\STM32CubeIDE\workspace_1.10.1\get-mac-of-device\SDK_1.0.3_NUCLEO-F401RE\SDK_1.0.3_NUCLEO-F401RE\lib_stm\libLibraries.a(ucg_pixel.o)
                0x0000000008005082                ucg_SetColor
 .text.ucg_DrawPixel
                0x00000000080050de       0x4e C:\Users\Trang\STM32CubeIDE\workspace_1.10.1\get-mac-of-device\SDK_1.0.3_NUCLEO-F401RE\SDK_1.0.3_NUCLEO-F401RE\lib_stm\libLibraries.a(ucg_pixel.o)
                0x00000000080050de                ucg_DrawPixel
 .text.ucg_UndoRotate
                0x000000000800512c       0x32 C:\Users\Trang\STM32CubeIDE\workspace_1.10.1\get-mac-of-device\SDK_1.0.3_NUCLEO-F401RE\SDK_1.0.3_NUCLEO-F401RE\lib_stm\libLibraries.a(ucg_rotate.o)
                0x000000000800512c                ucg_UndoRotate
 .text.ucg_rotate_180_xy
                0x000000000800515e       0x66 C:\Users\Trang\STM32CubeIDE\workspace_1.10.1\get-mac-of-device\SDK_1.0.3_NUCLEO-F401RE\SDK_1.0.3_NUCLEO-F401RE\lib_stm\libLibraries.a(ucg_rotate.o)
 .text.ucg_dev_rotate180
                0x00000000080051c4      0x100 C:\Users\Trang\STM32CubeIDE\workspace_1.10.1\get-mac-of-device\SDK_1.0.3_NUCLEO-F401RE\SDK_1.0.3_NUCLEO-F401RE\lib_stm\libLibraries.a(ucg_rotate.o)
                0x00000000080051c4                ucg_dev_rotate180
 .text.ucg_SetRotate180
                0x00000000080052c4       0x34 C:\Users\Trang\STM32CubeIDE\workspace_1.10.1\get-mac-of-device\SDK_1.0.3_NUCLEO-F401RE\SDK_1.0.3_NUCLEO-F401RE\lib_stm\libLibraries.a(ucg_rotate.o)
                0x00000000080052c4                ucg_SetRotate180
 .text.bufInit  0x00000000080052f8       0x36 C:\Users\Trang\STM32CubeIDE\workspace_1.10.1\get-mac-of-device\SDK_1.0.3_NUCLEO-F401RE\SDK_1.0.3_NUCLEO-F401RE\lib_stm\libLibraries.a(buff.o)
                0x00000000080052f8                bufInit
 .text.bufNumItems
                0x000000000800532e       0x18 C:\Users\Trang\STM32CubeIDE\workspace_1.10.1\get-mac-of-device\SDK_1.0.3_NUCLEO-F401RE\SDK_1.0.3_NUCLEO-F401RE\lib_stm\libLibraries.a(buff.o)
                0x000000000800532e                bufNumItems
 .text.bufIsFull
                0x0000000008005346       0x26 C:\Users\Trang\STM32CubeIDE\workspace_1.10.1\get-mac-of-device\SDK_1.0.3_NUCLEO-F401RE\SDK_1.0.3_NUCLEO-F401RE\lib_stm\libLibraries.a(buff.o)
                0x0000000008005346                bufIsFull
 .text.bufIsEmpty
                0x000000000800536c       0x26 C:\Users\Trang\STM32CubeIDE\workspace_1.10.1\get-mac-of-device\SDK_1.0.3_NUCLEO-F401RE\SDK_1.0.3_NUCLEO-F401RE\lib_stm\libLibraries.a(buff.o)
                0x000000000800536c                bufIsEmpty
 .text.bufFlush
                0x0000000008005392       0x32 C:\Users\Trang\STM32CubeIDE\workspace_1.10.1\get-mac-of-device\SDK_1.0.3_NUCLEO-F401RE\SDK_1.0.3_NUCLEO-F401RE\lib_stm\libLibraries.a(buff.o)
                0x0000000008005392                bufFlush
 .text.bufEnDat
                0x00000000080053c4       0x9c C:\Users\Trang\STM32CubeIDE\workspace_1.10.1\get-mac-of-device\SDK_1.0.3_NUCLEO-F401RE\SDK_1.0.3_NUCLEO-F401RE\lib_stm\libLibraries.a(buff.o)
                0x00000000080053c4                bufEnDat
 .text.bufDeDat
                0x0000000008005460       0x84 C:\Users\Trang\STM32CubeIDE\workspace_1.10.1\get-mac-of-device\SDK_1.0.3_NUCLEO-F401RE\SDK_1.0.3_NUCLEO-F401RE\lib_stm\libLibraries.a(buff.o)
                0x0000000008005460                bufDeDat
 .text.memsetl  0x00000000080054e4       0x32 C:\Users\Trang\STM32CubeIDE\workspace_1.10.1\get-mac-of-device\SDK_1.0.3_NUCLEO-F401RE\SDK_1.0.3_NUCLEO-F401RE\lib_stm\libLibraries.a(utilities.o)
                0x00000000080054e4                memsetl
 .text.ucg_clip_is_x_visible
                0x0000000008005516       0x4a C:\Users\Trang\STM32CubeIDE\workspace_1.10.1\get-mac-of-device\SDK_1.0.3_NUCLEO-F401RE\SDK_1.0.3_NUCLEO-F401RE\lib_stm\libLibraries.a(ucg_clip.o)
 .text.ucg_clip_is_y_visible
                0x0000000008005560       0x4a C:\Users\Trang\STM32CubeIDE\workspace_1.10.1\get-mac-of-device\SDK_1.0.3_NUCLEO-F401RE\SDK_1.0.3_NUCLEO-F401RE\lib_stm\libLibraries.a(ucg_clip.o)
 .text.ucg_clip_intersection
                0x00000000080055aa       0x74 C:\Users\Trang\STM32CubeIDE\workspace_1.10.1\get-mac-of-device\SDK_1.0.3_NUCLEO-F401RE\SDK_1.0.3_NUCLEO-F401RE\lib_stm\libLibraries.a(ucg_clip.o)
 .text.ucg_clip_is_pixel_visible
                0x000000000800561e       0x32 C:\Users\Trang\STM32CubeIDE\workspace_1.10.1\get-mac-of-device\SDK_1.0.3_NUCLEO-F401RE\SDK_1.0.3_NUCLEO-F401RE\lib_stm\libLibraries.a(ucg_clip.o)
                0x000000000800561e                ucg_clip_is_pixel_visible
 .text.ucg_clip_l90fx
                0x0000000008005650      0x300 C:\Users\Trang\STM32CubeIDE\workspace_1.10.1\get-mac-of-device\SDK_1.0.3_NUCLEO-F401RE\SDK_1.0.3_NUCLEO-F401RE\lib_stm\libLibraries.a(ucg_clip.o)
                0x0000000008005650                ucg_clip_l90fx
 .text.ucg_clip_l90se
                0x0000000008005950       0x54 C:\Users\Trang\STM32CubeIDE\workspace_1.10.1\get-mac-of-device\SDK_1.0.3_NUCLEO-F401RE\SDK_1.0.3_NUCLEO-F401RE\lib_stm\libLibraries.a(ucg_clip.o)
                0x0000000008005950                ucg_clip_l90se
 .text.ucg_com_PowerDown
                0x00000000080059a4       0x3e C:\Users\Trang\STM32CubeIDE\workspace_1.10.1\get-mac-of-device\SDK_1.0.3_NUCLEO-F401RE\SDK_1.0.3_NUCLEO-F401RE\lib_stm\libLibraries.a(ucg_com_msg_api.o)
                0x00000000080059a4                ucg_com_PowerDown
 .text.ucg_com_PowerUp
                0x00000000080059e2       0x60 C:\Users\Trang\STM32CubeIDE\workspace_1.10.1\get-mac-of-device\SDK_1.0.3_NUCLEO-F401RE\SDK_1.0.3_NUCLEO-F401RE\lib_stm\libLibraries.a(ucg_com_msg_api.o)
                0x00000000080059e2                ucg_com_PowerUp
 .text.ucg_com_SetLineStatus
                0x0000000008005a42       0xe2 C:\Users\Trang\STM32CubeIDE\workspace_1.10.1\get-mac-of-device\SDK_1.0.3_NUCLEO-F401RE\SDK_1.0.3_NUCLEO-F401RE\lib_stm\libLibraries.a(ucg_com_msg_api.o)
                0x0000000008005a42                ucg_com_SetLineStatus
 .text.ucg_com_SetResetLineStatus
                0x0000000008005b24       0x20 C:\Users\Trang\STM32CubeIDE\workspace_1.10.1\get-mac-of-device\SDK_1.0.3_NUCLEO-F401RE\SDK_1.0.3_NUCLEO-F401RE\lib_stm\libLibraries.a(ucg_com_msg_api.o)
                0x0000000008005b24                ucg_com_SetResetLineStatus
 .text.ucg_com_SetCSLineStatus
                0x0000000008005b44       0x20 C:\Users\Trang\STM32CubeIDE\workspace_1.10.1\get-mac-of-device\SDK_1.0.3_NUCLEO-F401RE\SDK_1.0.3_NUCLEO-F401RE\lib_stm\libLibraries.a(ucg_com_msg_api.o)
                0x0000000008005b44                ucg_com_SetCSLineStatus
 .text.ucg_com_SetCDLineStatus
                0x0000000008005b64       0x20 C:\Users\Trang\STM32CubeIDE\workspace_1.10.1\get-mac-of-device\SDK_1.0.3_NUCLEO-F401RE\SDK_1.0.3_NUCLEO-F401RE\lib_stm\libLibraries.a(ucg_com_msg_api.o)
                0x0000000008005b64                ucg_com_SetCDLineStatus
 .text.ucg_com_DelayMicroseconds
                0x0000000008005b84       0x22 C:\Users\Trang\STM32CubeIDE\workspace_1.10.1\get-mac-of-device\SDK_1.0.3_NUCLEO-F401RE\SDK_1.0.3_NUCLEO-F401RE\lib_stm\libLibraries.a(ucg_com_msg_api.o)
                0x0000000008005b84                ucg_com_DelayMicroseconds
 .text.ucg_com_DelayMilliseconds
                0x0000000008005ba6       0x2c C:\Users\Trang\STM32CubeIDE\workspace_1.10.1\get-mac-of-device\SDK_1.0.3_NUCLEO-F401RE\SDK_1.0.3_NUCLEO-F401RE\lib_stm\libLibraries.a(ucg_com_msg_api.o)
                0x0000000008005ba6                ucg_com_DelayMilliseconds
 .text.ucg_com_SendByte
                0x0000000008005bd2       0x24 C:\Users\Trang\STM32CubeIDE\workspace_1.10.1\get-mac-of-device\SDK_1.0.3_NUCLEO-F401RE\SDK_1.0.3_NUCLEO-F401RE\lib_stm\libLibraries.a(ucg_com_msg_api.o)
                0x0000000008005bd2                ucg_com_SendByte
 .text.ucg_com_SendStringP
                0x0000000008005bf6       0x40 C:\Users\Trang\STM32CubeIDE\workspace_1.10.1\get-mac-of-device\SDK_1.0.3_NUCLEO-F401RE\SDK_1.0.3_NUCLEO-F401RE\lib_stm\libLibraries.a(ucg_com_msg_api.o)
                0x0000000008005bf6                ucg_com_SendStringP
 .text.ucg_com_SendCmdArg
                0x0000000008005c36       0x74 C:\Users\Trang\STM32CubeIDE\workspace_1.10.1\get-mac-of-device\SDK_1.0.3_NUCLEO-F401RE\SDK_1.0.3_NUCLEO-F401RE\lib_stm\libLibraries.a(ucg_com_msg_api.o)
 *fill*         0x0000000008005caa        0x2 
 .text.ucg_com_SendCmdSeq
                0x0000000008005cac      0x278 C:\Users\Trang\STM32CubeIDE\workspace_1.10.1\get-mac-of-device\SDK_1.0.3_NUCLEO-F401RE\SDK_1.0.3_NUCLEO-F401RE\lib_stm\libLibraries.a(ucg_com_msg_api.o)
                0x0000000008005cac                ucg_com_SendCmdSeq
 .text.__libc_init_array
                0x0000000008005f24       0x48 c:/st/stm32cubeide_1.10.1/stm32cubeide/plugins/com.st.stm32cube.ide.mcu.externaltools.gnu-tools-for-stm32.10.3-2021.10.win32_1.0.0.202111181127/tools/bin/../lib/gcc/arm-none-eabi/10.3.1/../../../../arm-none-eabi/lib/thumb/v7e-m+fp/hard\libc_nano.a(lib_a-init.o)
                0x0000000008005f24                __libc_init_array
 .text.memcpy   0x0000000008005f6c       0x1c c:/st/stm32cubeide_1.10.1/stm32cubeide/plugins/com.st.stm32cube.ide.mcu.externaltools.gnu-tools-for-stm32.10.3-2021.10.win32_1.0.0.202111181127/tools/bin/../lib/gcc/arm-none-eabi/10.3.1/../../../../arm-none-eabi/lib/thumb/v7e-m+fp/hard\libc_nano.a(lib_a-memcpy-stub.o)
                0x0000000008005f6c                memcpy
 .text.memset   0x0000000008005f88       0x10 c:/st/stm32cubeide_1.10.1/stm32cubeide/plugins/com.st.stm32cube.ide.mcu.externaltools.gnu-tools-for-stm32.10.3-2021.10.win32_1.0.0.202111181127/tools/bin/../lib/gcc/arm-none-eabi/10.3.1/../../../../arm-none-eabi/lib/thumb/v7e-m+fp/hard\libc_nano.a(lib_a-memset.o)
                0x0000000008005f88                memset
 .text.strcat   0x0000000008005f98       0x1e c:/st/stm32cubeide_1.10.1/stm32cubeide/plugins/com.st.stm32cube.ide.mcu.externaltools.gnu-tools-for-stm32.10.3-2021.10.win32_1.0.0.202111181127/tools/bin/../lib/gcc/arm-none-eabi/10.3.1/../../../../arm-none-eabi/lib/thumb/v7e-m+fp/hard\libc_nano.a(lib_a-strcat.o)
                0x0000000008005f98                strcat
 .text.strcpy   0x0000000008005fb6       0x10 c:/st/stm32cubeide_1.10.1/stm32cubeide/plugins/com.st.stm32cube.ide.mcu.externaltools.gnu-tools-for-stm32.10.3-2021.10.win32_1.0.0.202111181127/tools/bin/../lib/gcc/arm-none-eabi/10.3.1/../../../../arm-none-eabi/lib/thumb/v7e-m+fp/hard\libc_nano.a(lib_a-strcpy.o)
                0x0000000008005fb6                strcpy
 *(.glue_7)
 .glue_7        0x0000000008005fc6        0x0 linker stubs
 *(.glue_7t)
 .glue_7t       0x0000000008005fc6        0x0 linker stubs
 *(.eh_frame)
 *fill*         0x0000000008005fc6        0x2 
 .eh_frame      0x0000000008005fc8        0x0 c:/st/stm32cubeide_1.10.1/stm32cubeide/plugins/com.st.stm32cube.ide.mcu.externaltools.gnu-tools-for-stm32.10.3-2021.10.win32_1.0.0.202111181127/tools/bin/../lib/gcc/arm-none-eabi/10.3.1/thumb/v7e-m+fp/hard/crtbegin.o
 *(.init)
 .init          0x0000000008005fc8        0x4 c:/st/stm32cubeide_1.10.1/stm32cubeide/plugins/com.st.stm32cube.ide.mcu.externaltools.gnu-tools-for-stm32.10.3-2021.10.win32_1.0.0.202111181127/tools/bin/../lib/gcc/arm-none-eabi/10.3.1/thumb/v7e-m+fp/hard/crti.o
                0x0000000008005fc8                _init
 .init          0x0000000008005fcc        0x8 c:/st/stm32cubeide_1.10.1/stm32cubeide/plugins/com.st.stm32cube.ide.mcu.externaltools.gnu-tools-for-stm32.10.3-2021.10.win32_1.0.0.202111181127/tools/bin/../lib/gcc/arm-none-eabi/10.3.1/thumb/v7e-m+fp/hard/crtn.o
 *(.fini)
 .fini          0x0000000008005fd4        0x4 c:/st/stm32cubeide_1.10.1/stm32cubeide/plugins/com.st.stm32cube.ide.mcu.externaltools.gnu-tools-for-stm32.10.3-2021.10.win32_1.0.0.202111181127/tools/bin/../lib/gcc/arm-none-eabi/10.3.1/thumb/v7e-m+fp/hard/crti.o
                0x0000000008005fd4                _fini
 .fini          0x0000000008005fd8        0x8 c:/st/stm32cubeide_1.10.1/stm32cubeide/plugins/com.st.stm32cube.ide.mcu.externaltools.gnu-tools-for-stm32.10.3-2021.10.win32_1.0.0.202111181127/tools/bin/../lib/gcc/arm-none-eabi/10.3.1/thumb/v7e-m+fp/hard/crtn.o
                0x0000000008005fe0                . = ALIGN (0x4)
                0x0000000008005fe0                _etext = .

.vfp11_veneer   0x0000000008005fe0        0x0
 .vfp11_veneer  0x0000000008005fe0        0x0 linker stubs

.v4_bx          0x0000000008005fe0        0x0
 .v4_bx         0x0000000008005fe0        0x0 linker stubs

.iplt           0x0000000008005fe0        0x0
 .iplt          0x0000000008005fe0        0x0 c:/st/stm32cubeide_1.10.1/stm32cubeide/plugins/com.st.stm32cube.ide.mcu.externaltools.gnu-tools-for-stm32.10.3-2021.10.win32_1.0.0.202111181127/tools/bin/../lib/gcc/arm-none-eabi/10.3.1/thumb/v7e-m+fp/hard/crtbegin.o

.rodata         0x0000000008005fe0     0x1bd8
                0x0000000008005fe0                . = ALIGN (0x4)
 *(.rodata)
 .rodata        0x0000000008005fe0        0xb ./SDK_1.0.3_NUCLEO-F401RE/SDK_1.0.3_NUCLEO-F401RE/shared/Middle/qr-code-to-lcd-st7735s/qrcode-to-lcd.o
 *fill*         0x0000000008005feb        0x1 
 .rodata        0x0000000008005fec       0x19 ./Src/main.o
 *fill*         0x0000000008006005        0x3 
 .rodata        0x0000000008006008        0xf C:\Users\Trang\STM32CubeIDE\workspace_1.10.1\get-mac-of-device\SDK_1.0.3_NUCLEO-F401RE\SDK_1.0.3_NUCLEO-F401RE\lib_stm\libLibraries.a(ucg_font.o)
 *(.rodata*)
 *fill*         0x0000000008006017        0x1 
 .rodata.NUM_ERROR_CORRECTION_CODEWORDS
                0x0000000008006018      0x140 ./SDK_1.0.3_NUCLEO-F401RE/SDK_1.0.3_NUCLEO-F401RE/shared/Middle/qr-code/qrcode.o
 .rodata.NUM_ERROR_CORRECTION_BLOCKS
                0x0000000008006158       0xa0 ./SDK_1.0.3_NUCLEO-F401RE/SDK_1.0.3_NUCLEO-F401RE/shared/Middle/qr-code/qrcode.o
 .rodata.NUM_RAW_DATA_MODULES
                0x00000000080061f8       0x50 ./SDK_1.0.3_NUCLEO-F401RE/SDK_1.0.3_NUCLEO-F401RE/shared/Middle/qr-code/qrcode.o
 .rodata.ucg_st7735_set_pos_seq
                0x0000000008006248       0x1e C:\Users\Trang\STM32CubeIDE\workspace_1.10.1\get-mac-of-device\SDK_1.0.3_NUCLEO-F401RE\SDK_1.0.3_NUCLEO-F401RE\lib_stm\libLibraries.a(ucg_dev_ic_st7735.o)
                0x0000000008006248                ucg_st7735_set_pos_seq
 *fill*         0x0000000008006266        0x2 
 .rodata.ucg_st7735_set_pos_dir0_seq
                0x0000000008006268       0x1e C:\Users\Trang\STM32CubeIDE\workspace_1.10.1\get-mac-of-device\SDK_1.0.3_NUCLEO-F401RE\SDK_1.0.3_NUCLEO-F401RE\lib_stm\libLibraries.a(ucg_dev_ic_st7735.o)
                0x0000000008006268                ucg_st7735_set_pos_dir0_seq
 *fill*         0x0000000008006286        0x2 
 .rodata.ucg_st7735_set_pos_dir1_seq
                0x0000000008006288       0x21 C:\Users\Trang\STM32CubeIDE\workspace_1.10.1\get-mac-of-device\SDK_1.0.3_NUCLEO-F401RE\SDK_1.0.3_NUCLEO-F401RE\lib_stm\libLibraries.a(ucg_dev_ic_st7735.o)
                0x0000000008006288                ucg_st7735_set_pos_dir1_seq
 *fill*         0x00000000080062a9        0x3 
 .rodata.ucg_st7735_set_pos_dir2_seq
                0x00000000080062ac       0x21 C:\Users\Trang\STM32CubeIDE\workspace_1.10.1\get-mac-of-device\SDK_1.0.3_NUCLEO-F401RE\SDK_1.0.3_NUCLEO-F401RE\lib_stm\libLibraries.a(ucg_dev_ic_st7735.o)
                0x00000000080062ac                ucg_st7735_set_pos_dir2_seq
 *fill*         0x00000000080062cd        0x3 
 .rodata.ucg_st7735_set_pos_dir3_seq
                0x00000000080062d0       0x24 C:\Users\Trang\STM32CubeIDE\workspace_1.10.1\get-mac-of-device\SDK_1.0.3_NUCLEO-F401RE\SDK_1.0.3_NUCLEO-F401RE\lib_stm\libLibraries.a(ucg_dev_ic_st7735.o)
                0x00000000080062d0                ucg_st7735_set_pos_dir3_seq
 .rodata.ucg_st7735_power_down_seq
                0x00000000080062f4        0x7 C:\Users\Trang\STM32CubeIDE\workspace_1.10.1\get-mac-of-device\SDK_1.0.3_NUCLEO-F401RE\SDK_1.0.3_NUCLEO-F401RE\lib_stm\libLibraries.a(ucg_dev_ic_st7735.o)
 *fill*         0x00000000080062fb        0x1 
 .rodata.ucg_tft_128x160_st7735_init_seq
                0x00000000080062fc       0x2c C:\Users\Trang\STM32CubeIDE\workspace_1.10.1\get-mac-of-device\SDK_1.0.3_NUCLEO-F401RE\SDK_1.0.3_NUCLEO-F401RE\lib_stm\libLibraries.a(ucg_dev_tft_128x128_st7735.o)
 .rodata.ucg_font_5x7_mf
                0x0000000008006328      0x776 C:\Users\Trang\STM32CubeIDE\workspace_1.10.1\get-mac-of-device\SDK_1.0.3_NUCLEO-F401RE\SDK_1.0.3_NUCLEO-F401RE\lib_stm\libLibraries.a(ucg_pixel_font_data.o)
                0x0000000008006328                ucg_font_5x7_mf
 *fill*         0x0000000008006a9e        0x2 
 .rodata.ucg_font_6x10_mf
                0x0000000008006aa0      0x96e C:\Users\Trang\STM32CubeIDE\workspace_1.10.1\get-mac-of-device\SDK_1.0.3_NUCLEO-F401RE\SDK_1.0.3_NUCLEO-F401RE\lib_stm\libLibraries.a(ucg_pixel_font_data.o)
                0x0000000008006aa0                ucg_font_6x10_mf
 *fill*         0x000000000800740e        0x2 
 .rodata.ucg_font_ncenR12_hr
                0x0000000008007410      0x7a8 C:\Users\Trang\STM32CubeIDE\workspace_1.10.1\get-mac-of-device\SDK_1.0.3_NUCLEO-F401RE\SDK_1.0.3_NUCLEO-F401RE\lib_stm\libLibraries.a(ucg_pixel_font_data.o)
                0x0000000008007410                ucg_font_ncenR12_hr
                0x0000000008007bb8                . = ALIGN (0x4)

.rel.dyn        0x0000000008007bb8        0x0
 .rel.iplt      0x0000000008007bb8        0x0 c:/st/stm32cubeide_1.10.1/stm32cubeide/plugins/com.st.stm32cube.ide.mcu.externaltools.gnu-tools-for-stm32.10.3-2021.10.win32_1.0.0.202111181127/tools/bin/../lib/gcc/arm-none-eabi/10.3.1/thumb/v7e-m+fp/hard/crtbegin.o

.ARM.extab      0x0000000008007bb8        0x0
                0x0000000008007bb8                . = ALIGN (0x4)
 *(.ARM.extab* .gnu.linkonce.armextab.*)
                0x0000000008007bb8                . = ALIGN (0x4)

.ARM            0x0000000008007bb8        0x0
                0x0000000008007bb8                . = ALIGN (0x4)
                0x0000000008007bb8                __exidx_start = .
 *(.ARM.exidx*)
                0x0000000008007bb8                __exidx_end = .
                0x0000000008007bb8                . = ALIGN (0x4)

.preinit_array  0x0000000008007bb8        0x0
                0x0000000008007bb8                . = ALIGN (0x4)
                0x0000000008007bb8                PROVIDE (__preinit_array_start = .)
 *(.preinit_array*)
                0x0000000008007bb8                PROVIDE (__preinit_array_end = .)
                0x0000000008007bb8                . = ALIGN (0x4)

.init_array     0x0000000008007bb8        0x4
                0x0000000008007bb8                . = ALIGN (0x4)
                0x0000000008007bb8                PROVIDE (__init_array_start = .)
 *(SORT_BY_NAME(.init_array.*))
 *(.init_array*)
 .init_array    0x0000000008007bb8        0x4 c:/st/stm32cubeide_1.10.1/stm32cubeide/plugins/com.st.stm32cube.ide.mcu.externaltools.gnu-tools-for-stm32.10.3-2021.10.win32_1.0.0.202111181127/tools/bin/../lib/gcc/arm-none-eabi/10.3.1/thumb/v7e-m+fp/hard/crtbegin.o
                0x0000000008007bbc                PROVIDE (__init_array_end = .)
                0x0000000008007bbc                . = ALIGN (0x4)

.fini_array     0x0000000008007bbc        0x4
                0x0000000008007bbc                . = ALIGN (0x4)
                [!provide]                        PROVIDE (__fini_array_start = .)
 *(SORT_BY_NAME(.fini_array.*))
 *(.fini_array*)
 .fini_array    0x0000000008007bbc        0x4 c:/st/stm32cubeide_1.10.1/stm32cubeide/plugins/com.st.stm32cube.ide.mcu.externaltools.gnu-tools-for-stm32.10.3-2021.10.win32_1.0.0.202111181127/tools/bin/../lib/gcc/arm-none-eabi/10.3.1/thumb/v7e-m+fp/hard/crtbegin.o
                [!provide]                        PROVIDE (__fini_array_end = .)
                0x0000000008007bc0                . = ALIGN (0x4)
                0x0000000008007bc0                _sidata = LOADADDR (.data)

.data           0x0000000020000000       0x28 load address 0x0000000008007bc0
                0x0000000020000000                . = ALIGN (0x4)
                0x0000000020000000                _sdata = .
 *(.data)
 *(.data*)
 .data.SystemCoreClock
                0x0000000020000000        0x4 C:\Users\Trang\STM32CubeIDE\workspace_1.10.1\get-mac-of-device\SDK_1.0.3_NUCLEO-F401RE\SDK_1.0.3_NUCLEO-F401RE\lib_stm\libLibraries.a(system_stm32f4xx.o)
                0x0000000020000000                SystemCoreClock
 .data.AHBPrescTable
                0x0000000020000004       0x10 C:\Users\Trang\STM32CubeIDE\workspace_1.10.1\get-mac-of-device\SDK_1.0.3_NUCLEO-F401RE\SDK_1.0.3_NUCLEO-F401RE\lib_stm\libLibraries.a(system_stm32f4xx.o)
                0x0000000020000004                AHBPrescTable
 .data.APBAHBPrescTable
                0x0000000020000014       0x10 C:\Users\Trang\STM32CubeIDE\workspace_1.10.1\get-mac-of-device\SDK_1.0.3_NUCLEO-F401RE\SDK_1.0.3_NUCLEO-F401RE\lib_stm\libLibraries.a(stm32f401re_rcc.o)
 .data.idTaskScanDecodeLen
                0x0000000020000024        0x1 C:\Users\Trang\STM32CubeIDE\workspace_1.10.1\get-mac-of-device\SDK_1.0.3_NUCLEO-F401RE\SDK_1.0.3_NUCLEO-F401RE\lib_stm\libLibraries.a(ucg_font.o)
 *(.RamFunc)
 *(.RamFunc*)
                0x0000000020000028                . = ALIGN (0x4)
 *fill*         0x0000000020000025        0x3 
                0x0000000020000028                _edata = .

.igot.plt       0x0000000020000028        0x0 load address 0x0000000008007be8
 .igot.plt      0x0000000020000028        0x0 c:/st/stm32cubeide_1.10.1/stm32cubeide/plugins/com.st.stm32cube.ide.mcu.externaltools.gnu-tools-for-stm32.10.3-2021.10.win32_1.0.0.202111181127/tools/bin/../lib/gcc/arm-none-eabi/10.3.1/thumb/v7e-m+fp/hard/crtbegin.o
                0x0000000020000028                . = ALIGN (0x4)

.bss            0x0000000020000028     0x14bc load address 0x0000000008007be8
                0x0000000020000028                _sbss = .
                0x0000000020000028                __bss_start__ = _sbss
 *(.bss)
 .bss           0x0000000020000028       0x1c c:/st/stm32cubeide_1.10.1/stm32cubeide/plugins/com.st.stm32cube.ide.mcu.externaltools.gnu-tools-for-stm32.10.3-2021.10.win32_1.0.0.202111181127/tools/bin/../lib/gcc/arm-none-eabi/10.3.1/thumb/v7e-m+fp/hard/crtbegin.o
 *(.bss*)
 .bss.ucg       0x0000000020000044       0xb4 ./SDK_1.0.3_NUCLEO-F401RE/SDK_1.0.3_NUCLEO-F401RE/shared/Middle/qr-code-to-lcd-st7735s/qrcode-to-lcd.o
 .bss.g_pBuffDataRx
                0x00000000200000f8      0x100 ./Src/main.o
 .bss.g_pUartRxQueue
                0x00000000200001f8       0x10 ./Src/main.o
 .bss.g_RxState
                0x0000000020000208        0x1 ./Src/main.o
 *fill*         0x0000000020000209        0x3 
 .bss.g_pbyRxDataByte
                0x000000002000020c      0x100 ./Src/main.o
 .bss.g_byRxCheckXor
                0x000000002000030c        0x1 ./Src/main.o
 .bss.g_byRxIndexByte
                0x000000002000030d        0x1 ./Src/main.o
 .bss.g_byRxNumByte
                0x000000002000030e        0x1 ./Src/main.o
 .bss.g_byEnpointCntLast
                0x000000002000030f        0x1 ./Src/main.o
 .bss.g_pstrVersionBluetooth
                0x0000000020000310        0x7 ./Src/main.o
 *fill*         0x0000000020000317        0x1 
 .bss.g_pstrVersionZigBee
                0x0000000020000318        0x7 ./Src/main.o
 *fill*         0x000000002000031f        0x1 
 .bss.g_pstrVersionZwave
                0x0000000020000320        0x7 ./Src/main.o
 *fill*         0x0000000020000327        0x1 
 .bss.g_pstrMACLast
                0x0000000020000328       0x11 ./Src/main.o
 .bss.byStatusTemp.3
                0x0000000020000339        0x1 ./Src/main.o
 .bss.byCountTemp.2
                0x000000002000033a        0x1 ./Src/main.o
 .bss.uartState.1
                0x000000002000033b        0x1 ./Src/main.o
 .bss.str.0     0x000000002000033c        0x2 ./Src/main.o
 *fill*         0x000000002000033e        0x2 
 .bss.g_pTimerHandle
                0x0000000020000340      0x180 C:\Users\Trang\STM32CubeIDE\workspace_1.10.1\get-mac-of-device\SDK_1.0.3_NUCLEO-F401RE\SDK_1.0.3_NUCLEO-F401RE\lib_stm\libLibraries.a(timer.o)
 .bss.g_wMilSecTickTimer
                0x00000000200004c0        0x4 C:\Users\Trang\STM32CubeIDE\workspace_1.10.1\get-mac-of-device\SDK_1.0.3_NUCLEO-F401RE\SDK_1.0.3_NUCLEO-F401RE\lib_stm\libLibraries.a(timer.o)
 .bss.fontQueue
                0x00000000200004c4       0x10 C:\Users\Trang\STM32CubeIDE\workspace_1.10.1\get-mac-of-device\SDK_1.0.3_NUCLEO-F401RE\SDK_1.0.3_NUCLEO-F401RE\lib_stm\libLibraries.a(ucg_font.o)
 .bss.pQueueFont
                0x00000000200004d4     0x1000 C:\Users\Trang\STM32CubeIDE\workspace_1.10.1\get-mac-of-device\SDK_1.0.3_NUCLEO-F401RE\SDK_1.0.3_NUCLEO-F401RE\lib_stm\libLibraries.a(ucg_font.o)
 .bss.next.7562
                0x00000000200014d4        0x1 C:\Users\Trang\STM32CubeIDE\workspace_1.10.1\get-mac-of-device\SDK_1.0.3_NUCLEO-F401RE\SDK_1.0.3_NUCLEO-F401RE\lib_stm\libLibraries.a(ucg_font.o)
 *(COMMON)
 *fill*         0x00000000200014d5        0x3 
 COMMON         0x00000000200014d8        0xc C:\Users\Trang\STM32CubeIDE\workspace_1.10.1\get-mac-of-device\SDK_1.0.3_NUCLEO-F401RE\SDK_1.0.3_NUCLEO-F401RE\lib_stm\libLibraries.a(ucg_font.o)
                0x00000000200014d8                ucg_draw_str
                0x00000000200014e4                . = ALIGN (0x4)
                0x00000000200014e4                _ebss = .
                0x00000000200014e4                __bss_end__ = _ebss

._user_heap_stack
                0x00000000200014e4      0x604 load address 0x0000000008007be8
                0x00000000200014e8                . = ALIGN (0x8)
 *fill*         0x00000000200014e4        0x4 
                [!provide]                        PROVIDE (end = .)
                0x00000000200014e8                PROVIDE (_end = .)
                0x00000000200016e8                . = (. + _Min_Heap_Size)
 *fill*         0x00000000200014e8      0x200 
                0x0000000020001ae8                . = (. + _Min_Stack_Size)
 *fill*         0x00000000200016e8      0x400 
                0x0000000020001ae8                . = ALIGN (0x8)

/DISCARD/
 libc.a(*)
 libm.a(*)
 libgcc.a(*)

.ARM.attributes
                0x0000000000000000       0x30
 *(.ARM.attributes)
 .ARM.attributes
                0x0000000000000000       0x1e c:/st/stm32cubeide_1.10.1/stm32cubeide/plugins/com.st.stm32cube.ide.mcu.externaltools.gnu-tools-for-stm32.10.3-2021.10.win32_1.0.0.202111181127/tools/bin/../lib/gcc/arm-none-eabi/10.3.1/thumb/v7e-m+fp/hard/crti.o
 .ARM.attributes
                0x000000000000001e       0x34 c:/st/stm32cubeide_1.10.1/stm32cubeide/plugins/com.st.stm32cube.ide.mcu.externaltools.gnu-tools-for-stm32.10.3-2021.10.win32_1.0.0.202111181127/tools/bin/../lib/gcc/arm-none-eabi/10.3.1/thumb/v7e-m+fp/hard/crtbegin.o
 .ARM.attributes
                0x0000000000000052       0x34 ./SDK_1.0.3_NUCLEO-F401RE/SDK_1.0.3_NUCLEO-F401RE/shared/Middle/qr-code/qrcode.o
 .ARM.attributes
                0x0000000000000086       0x34 ./SDK_1.0.3_NUCLEO-F401RE/SDK_1.0.3_NUCLEO-F401RE/shared/Middle/qr-code-to-lcd-st7735s/qrcode-to-lcd.o
 .ARM.attributes
                0x00000000000000ba       0x34 ./Src/main.o
 .ARM.attributes
                0x00000000000000ee       0x21 ./Startup/startup_stm32f401retx.o
 .ARM.attributes
                0x000000000000010f       0x39 C:\Users\Trang\STM32CubeIDE\workspace_1.10.1\get-mac-of-device\SDK_1.0.3_NUCLEO-F401RE\SDK_1.0.3_NUCLEO-F401RE\lib_stm\libLibraries.a(system_stm32f4xx.o)
 .ARM.attributes
                0x0000000000000148       0x39 C:\Users\Trang\STM32CubeIDE\workspace_1.10.1\get-mac-of-device\SDK_1.0.3_NUCLEO-F401RE\SDK_1.0.3_NUCLEO-F401RE\lib_stm\libLibraries.a(misc.o)
 .ARM.attributes
                0x0000000000000181       0x39 C:\Users\Trang\STM32CubeIDE\workspace_1.10.1\get-mac-of-device\SDK_1.0.3_NUCLEO-F401RE\SDK_1.0.3_NUCLEO-F401RE\lib_stm\libLibraries.a(stm32f401re_gpio.o)
 .ARM.attributes
                0x00000000000001ba       0x39 C:\Users\Trang\STM32CubeIDE\workspace_1.10.1\get-mac-of-device\SDK_1.0.3_NUCLEO-F401RE\SDK_1.0.3_NUCLEO-F401RE\lib_stm\libLibraries.a(stm32f401re_rcc.o)
 .ARM.attributes
                0x00000000000001f3       0x39 C:\Users\Trang\STM32CubeIDE\workspace_1.10.1\get-mac-of-device\SDK_1.0.3_NUCLEO-F401RE\SDK_1.0.3_NUCLEO-F401RE\lib_stm\libLibraries.a(stm32f401re_usart.o)
 .ARM.attributes
                0x000000000000022c       0x39 C:\Users\Trang\STM32CubeIDE\workspace_1.10.1\get-mac-of-device\SDK_1.0.3_NUCLEO-F401RE\SDK_1.0.3_NUCLEO-F401RE\lib_stm\libLibraries.a(timer.o)
 .ARM.attributes
                0x0000000000000265       0x39 C:\Users\Trang\STM32CubeIDE\workspace_1.10.1\get-mac-of-device\SDK_1.0.3_NUCLEO-F401RE\SDK_1.0.3_NUCLEO-F401RE\lib_stm\libLibraries.a(Ucglib.o)
 .ARM.attributes
                0x000000000000029e       0x39 C:\Users\Trang\STM32CubeIDE\workspace_1.10.1\get-mac-of-device\SDK_1.0.3_NUCLEO-F401RE\SDK_1.0.3_NUCLEO-F401RE\lib_stm\libLibraries.a(ucg_box.o)
 .ARM.attributes
                0x00000000000002d7       0x39 C:\Users\Trang\STM32CubeIDE\workspace_1.10.1\get-mac-of-device\SDK_1.0.3_NUCLEO-F401RE\SDK_1.0.3_NUCLEO-F401RE\lib_stm\libLibraries.a(ucg_ccs.o)
 .ARM.attributes
                0x0000000000000310       0x39 C:\Users\Trang\STM32CubeIDE\workspace_1.10.1\get-mac-of-device\SDK_1.0.3_NUCLEO-F401RE\SDK_1.0.3_NUCLEO-F401RE\lib_stm\libLibraries.a(ucg_dev_default_cb.o)
 .ARM.attributes
                0x0000000000000349       0x39 C:\Users\Trang\STM32CubeIDE\workspace_1.10.1\get-mac-of-device\SDK_1.0.3_NUCLEO-F401RE\SDK_1.0.3_NUCLEO-F401RE\lib_stm\libLibraries.a(ucg_dev_ic_st7735.o)
 .ARM.attributes
                0x0000000000000382       0x39 C:\Users\Trang\STM32CubeIDE\workspace_1.10.1\get-mac-of-device\SDK_1.0.3_NUCLEO-F401RE\SDK_1.0.3_NUCLEO-F401RE\lib_stm\libLibraries.a(ucg_dev_msg_api.o)
 .ARM.attributes
                0x00000000000003bb       0x39 C:\Users\Trang\STM32CubeIDE\workspace_1.10.1\get-mac-of-device\SDK_1.0.3_NUCLEO-F401RE\SDK_1.0.3_NUCLEO-F401RE\lib_stm\libLibraries.a(ucg_dev_tft_128x128_st7735.o)
 .ARM.attributes
                0x00000000000003f4       0x39 C:\Users\Trang\STM32CubeIDE\workspace_1.10.1\get-mac-of-device\SDK_1.0.3_NUCLEO-F401RE\SDK_1.0.3_NUCLEO-F401RE\lib_stm\libLibraries.a(ucg_font.o)
 .ARM.attributes
                0x000000000000042d       0x39 C:\Users\Trang\STM32CubeIDE\workspace_1.10.1\get-mac-of-device\SDK_1.0.3_NUCLEO-F401RE\SDK_1.0.3_NUCLEO-F401RE\lib_stm\libLibraries.a(ucg_init.o)
 .ARM.attributes
                0x0000000000000466       0x39 C:\Users\Trang\STM32CubeIDE\workspace_1.10.1\get-mac-of-device\SDK_1.0.3_NUCLEO-F401RE\SDK_1.0.3_NUCLEO-F401RE\lib_stm\libLibraries.a(ucg_line.o)
 .ARM.attributes
                0x000000000000049f       0x39 C:\Users\Trang\STM32CubeIDE\workspace_1.10.1\get-mac-of-device\SDK_1.0.3_NUCLEO-F401RE\SDK_1.0.3_NUCLEO-F401RE\lib_stm\libLibraries.a(ucg_pixel.o)
 .ARM.attributes
                0x00000000000004d8       0x39 C:\Users\Trang\STM32CubeIDE\workspace_1.10.1\get-mac-of-device\SDK_1.0.3_NUCLEO-F401RE\SDK_1.0.3_NUCLEO-F401RE\lib_stm\libLibraries.a(ucg_pixel_font_data.o)
 .ARM.attributes
                0x0000000000000511       0x39 C:\Users\Trang\STM32CubeIDE\workspace_1.10.1\get-mac-of-device\SDK_1.0.3_NUCLEO-F401RE\SDK_1.0.3_NUCLEO-F401RE\lib_stm\libLibraries.a(ucg_rotate.o)
 .ARM.attributes
                0x000000000000054a       0x39 C:\Users\Trang\STM32CubeIDE\workspace_1.10.1\get-mac-of-device\SDK_1.0.3_NUCLEO-F401RE\SDK_1.0.3_NUCLEO-F401RE\lib_stm\libLibraries.a(buff.o)
 .ARM.attributes
                0x0000000000000583       0x39 C:\Users\Trang\STM32CubeIDE\workspace_1.10.1\get-mac-of-device\SDK_1.0.3_NUCLEO-F401RE\SDK_1.0.3_NUCLEO-F401RE\lib_stm\libLibraries.a(utilities.o)
 .ARM.attributes
                0x00000000000005bc       0x39 C:\Users\Trang\STM32CubeIDE\workspace_1.10.1\get-mac-of-device\SDK_1.0.3_NUCLEO-F401RE\SDK_1.0.3_NUCLEO-F401RE\lib_stm\libLibraries.a(ucg_clip.o)
 .ARM.attributes
                0x00000000000005f5       0x39 C:\Users\Trang\STM32CubeIDE\workspace_1.10.1\get-mac-of-device\SDK_1.0.3_NUCLEO-F401RE\SDK_1.0.3_NUCLEO-F401RE\lib_stm\libLibraries.a(ucg_com_msg_api.o)
 .ARM.attributes
                0x000000000000062e       0x34 c:/st/stm32cubeide_1.10.1/stm32cubeide/plugins/com.st.stm32cube.ide.mcu.externaltools.gnu-tools-for-stm32.10.3-2021.10.win32_1.0.0.202111181127/tools/bin/../lib/gcc/arm-none-eabi/10.3.1/../../../../arm-none-eabi/lib/thumb/v7e-m+fp/hard\libc_nano.a(lib_a-init.o)
 .ARM.attributes
                0x0000000000000662       0x34 c:/st/stm32cubeide_1.10.1/stm32cubeide/plugins/com.st.stm32cube.ide.mcu.externaltools.gnu-tools-for-stm32.10.3-2021.10.win32_1.0.0.202111181127/tools/bin/../lib/gcc/arm-none-eabi/10.3.1/../../../../arm-none-eabi/lib/thumb/v7e-m+fp/hard\libc_nano.a(lib_a-memcpy-stub.o)
 .ARM.attributes
                0x0000000000000696       0x34 c:/st/stm32cubeide_1.10.1/stm32cubeide/plugins/com.st.stm32cube.ide.mcu.externaltools.gnu-tools-for-stm32.10.3-2021.10.win32_1.0.0.202111181127/tools/bin/../lib/gcc/arm-none-eabi/10.3.1/../../../../arm-none-eabi/lib/thumb/v7e-m+fp/hard\libc_nano.a(lib_a-memset.o)
 .ARM.attributes
                0x00000000000006ca       0x34 c:/st/stm32cubeide_1.10.1/stm32cubeide/plugins/com.st.stm32cube.ide.mcu.externaltools.gnu-tools-for-stm32.10.3-2021.10.win32_1.0.0.202111181127/tools/bin/../lib/gcc/arm-none-eabi/10.3.1/../../../../arm-none-eabi/lib/thumb/v7e-m+fp/hard\libc_nano.a(lib_a-strcat.o)
 .ARM.attributes
                0x00000000000006fe       0x1c c:/st/stm32cubeide_1.10.1/stm32cubeide/plugins/com.st.stm32cube.ide.mcu.externaltools.gnu-tools-for-stm32.10.3-2021.10.win32_1.0.0.202111181127/tools/bin/../lib/gcc/arm-none-eabi/10.3.1/../../../../arm-none-eabi/lib/thumb/v7e-m+fp/hard\libc_nano.a(lib_a-strcmp.o)
 .ARM.attributes
                0x000000000000071a       0x34 c:/st/stm32cubeide_1.10.1/stm32cubeide/plugins/com.st.stm32cube.ide.mcu.externaltools.gnu-tools-for-stm32.10.3-2021.10.win32_1.0.0.202111181127/tools/bin/../lib/gcc/arm-none-eabi/10.3.1/../../../../arm-none-eabi/lib/thumb/v7e-m+fp/hard\libc_nano.a(lib_a-strcpy.o)
 .ARM.attributes
                0x000000000000074e       0x17 c:/st/stm32cubeide_1.10.1/stm32cubeide/plugins/com.st.stm32cube.ide.mcu.externaltools.gnu-tools-for-stm32.10.3-2021.10.win32_1.0.0.202111181127/tools/bin/../lib/gcc/arm-none-eabi/10.3.1/../../../../arm-none-eabi/lib/thumb/v7e-m+fp/hard\libc_nano.a(lib_a-strlen.o)
 .ARM.attributes
                0x0000000000000765       0x1e c:/st/stm32cubeide_1.10.1/stm32cubeide/plugins/com.st.stm32cube.ide.mcu.externaltools.gnu-tools-for-stm32.10.3-2021.10.win32_1.0.0.202111181127/tools/bin/../lib/gcc/arm-none-eabi/10.3.1/thumb/v7e-m+fp/hard/crtn.o
OUTPUT(get-mac-of-device.elf elf32-littlearm)
LOAD linker stubs
LOAD c:/st/stm32cubeide_1.10.1/stm32cubeide/plugins/com.st.stm32cube.ide.mcu.externaltools.gnu-tools-for-stm32.10.3-2021.10.win32_1.0.0.202111181127/tools/bin/../lib/gcc/arm-none-eabi/10.3.1/../../../../arm-none-eabi/lib/thumb/v7e-m+fp/hard\libc.a
LOAD c:/st/stm32cubeide_1.10.1/stm32cubeide/plugins/com.st.stm32cube.ide.mcu.externaltools.gnu-tools-for-stm32.10.3-2021.10.win32_1.0.0.202111181127/tools/bin/../lib/gcc/arm-none-eabi/10.3.1/../../../../arm-none-eabi/lib/thumb/v7e-m+fp/hard\libm.a
LOAD c:/st/stm32cubeide_1.10.1/stm32cubeide/plugins/com.st.stm32cube.ide.mcu.externaltools.gnu-tools-for-stm32.10.3-2021.10.win32_1.0.0.202111181127/tools/bin/../lib/gcc/arm-none-eabi/10.3.1/thumb/v7e-m+fp/hard\libgcc.a

.debug_info     0x0000000000000000    0x37bf3
 .debug_info    0x0000000000000000     0x1716 ./SDK_1.0.3_NUCLEO-F401RE/SDK_1.0.3_NUCLEO-F401RE/shared/Middle/qr-code/qrcode.o
 .debug_info    0x0000000000001716      0xc0d ./SDK_1.0.3_NUCLEO-F401RE/SDK_1.0.3_NUCLEO-F401RE/shared/Middle/qr-code-to-lcd-st7735s/qrcode-to-lcd.o
 .debug_info    0x0000000000002323      0xf6f ./Src/main.o
 .debug_info    0x0000000000003292       0x22 ./Startup/startup_stm32f401retx.o
 .debug_info    0x00000000000032b4      0x5bb C:\Users\Trang\STM32CubeIDE\workspace_1.10.1\get-mac-of-device\SDK_1.0.3_NUCLEO-F401RE\SDK_1.0.3_NUCLEO-F401RE\lib_stm\libLibraries.a(system_stm32f4xx.o)
 .debug_info    0x000000000000386f      0x54b C:\Users\Trang\STM32CubeIDE\workspace_1.10.1\get-mac-of-device\SDK_1.0.3_NUCLEO-F401RE\SDK_1.0.3_NUCLEO-F401RE\lib_stm\libLibraries.a(misc.o)
 .debug_info    0x0000000000003dba      0x62b C:\Users\Trang\STM32CubeIDE\workspace_1.10.1\get-mac-of-device\SDK_1.0.3_NUCLEO-F401RE\SDK_1.0.3_NUCLEO-F401RE\lib_stm\libLibraries.a(stm32f401re_gpio.o)
 .debug_info    0x00000000000043e5      0xd5e C:\Users\Trang\STM32CubeIDE\workspace_1.10.1\get-mac-of-device\SDK_1.0.3_NUCLEO-F401RE\SDK_1.0.3_NUCLEO-F401RE\lib_stm\libLibraries.a(stm32f401re_rcc.o)
 .debug_info    0x0000000000005143      0x9d4 C:\Users\Trang\STM32CubeIDE\workspace_1.10.1\get-mac-of-device\SDK_1.0.3_NUCLEO-F401RE\SDK_1.0.3_NUCLEO-F401RE\lib_stm\libLibraries.a(stm32f401re_usart.o)
 .debug_info    0x0000000000005b17      0x922 C:\Users\Trang\STM32CubeIDE\workspace_1.10.1\get-mac-of-device\SDK_1.0.3_NUCLEO-F401RE\SDK_1.0.3_NUCLEO-F401RE\lib_stm\libLibraries.a(timer.o)
 .debug_info    0x0000000000006439     0x333f C:\Users\Trang\STM32CubeIDE\workspace_1.10.1\get-mac-of-device\SDK_1.0.3_NUCLEO-F401RE\SDK_1.0.3_NUCLEO-F401RE\lib_stm\libLibraries.a(Ucglib.o)
 .debug_info    0x0000000000009778     0x329d C:\Users\Trang\STM32CubeIDE\workspace_1.10.1\get-mac-of-device\SDK_1.0.3_NUCLEO-F401RE\SDK_1.0.3_NUCLEO-F401RE\lib_stm\libLibraries.a(ucg_box.o)
 .debug_info    0x000000000000ca15     0x2b08 C:\Users\Trang\STM32CubeIDE\workspace_1.10.1\get-mac-of-device\SDK_1.0.3_NUCLEO-F401RE\SDK_1.0.3_NUCLEO-F401RE\lib_stm\libLibraries.a(ucg_ccs.o)
 .debug_info    0x000000000000f51d     0x324b C:\Users\Trang\STM32CubeIDE\workspace_1.10.1\get-mac-of-device\SDK_1.0.3_NUCLEO-F401RE\SDK_1.0.3_NUCLEO-F401RE\lib_stm\libLibraries.a(ucg_dev_default_cb.o)
 .debug_info    0x0000000000012768     0x3272 C:\Users\Trang\STM32CubeIDE\workspace_1.10.1\get-mac-of-device\SDK_1.0.3_NUCLEO-F401RE\SDK_1.0.3_NUCLEO-F401RE\lib_stm\libLibraries.a(ucg_dev_ic_st7735.o)
 .debug_info    0x00000000000159da     0x3178 C:\Users\Trang\STM32CubeIDE\workspace_1.10.1\get-mac-of-device\SDK_1.0.3_NUCLEO-F401RE\SDK_1.0.3_NUCLEO-F401RE\lib_stm\libLibraries.a(ucg_dev_msg_api.o)
 .debug_info    0x0000000000018b52     0x303e C:\Users\Trang\STM32CubeIDE\workspace_1.10.1\get-mac-of-device\SDK_1.0.3_NUCLEO-F401RE\SDK_1.0.3_NUCLEO-F401RE\lib_stm\libLibraries.a(ucg_dev_tft_128x128_st7735.o)
 .debug_info    0x000000000001bb90     0x43ab C:\Users\Trang\STM32CubeIDE\workspace_1.10.1\get-mac-of-device\SDK_1.0.3_NUCLEO-F401RE\SDK_1.0.3_NUCLEO-F401RE\lib_stm\libLibraries.a(ucg_font.o)
 .debug_info    0x000000000001ff3b     0x3856 C:\Users\Trang\STM32CubeIDE\workspace_1.10.1\get-mac-of-device\SDK_1.0.3_NUCLEO-F401RE\SDK_1.0.3_NUCLEO-F401RE\lib_stm\libLibraries.a(ucg_init.o)
 .debug_info    0x0000000000023791     0x3222 C:\Users\Trang\STM32CubeIDE\workspace_1.10.1\get-mac-of-device\SDK_1.0.3_NUCLEO-F401RE\SDK_1.0.3_NUCLEO-F401RE\lib_stm\libLibraries.a(ucg_line.o)
 .debug_info    0x00000000000269b3     0x3056 C:\Users\Trang\STM32CubeIDE\workspace_1.10.1\get-mac-of-device\SDK_1.0.3_NUCLEO-F401RE\SDK_1.0.3_NUCLEO-F401RE\lib_stm\libLibraries.a(ucg_pixel.o)
 .debug_info    0x0000000000029a09     0x43df C:\Users\Trang\STM32CubeIDE\workspace_1.10.1\get-mac-of-device\SDK_1.0.3_NUCLEO-F401RE\SDK_1.0.3_NUCLEO-F401RE\lib_stm\libLibraries.a(ucg_pixel_font_data.o)
 .debug_info    0x000000000002dde8     0x3231 C:\Users\Trang\STM32CubeIDE\workspace_1.10.1\get-mac-of-device\SDK_1.0.3_NUCLEO-F401RE\SDK_1.0.3_NUCLEO-F401RE\lib_stm\libLibraries.a(ucg_rotate.o)
 .debug_info    0x0000000000031019      0x339 C:\Users\Trang\STM32CubeIDE\workspace_1.10.1\get-mac-of-device\SDK_1.0.3_NUCLEO-F401RE\SDK_1.0.3_NUCLEO-F401RE\lib_stm\libLibraries.a(buff.o)
 .debug_info    0x0000000000031352      0x2bd C:\Users\Trang\STM32CubeIDE\workspace_1.10.1\get-mac-of-device\SDK_1.0.3_NUCLEO-F401RE\SDK_1.0.3_NUCLEO-F401RE\lib_stm\libLibraries.a(utilities.o)
 .debug_info    0x000000000003160f     0x315a C:\Users\Trang\STM32CubeIDE\workspace_1.10.1\get-mac-of-device\SDK_1.0.3_NUCLEO-F401RE\SDK_1.0.3_NUCLEO-F401RE\lib_stm\libLibraries.a(ucg_clip.o)
 .debug_info    0x0000000000034769     0x348a C:\Users\Trang\STM32CubeIDE\workspace_1.10.1\get-mac-of-device\SDK_1.0.3_NUCLEO-F401RE\SDK_1.0.3_NUCLEO-F401RE\lib_stm\libLibraries.a(ucg_com_msg_api.o)

.debug_abbrev   0x0000000000000000     0x2bc7
 .debug_abbrev  0x0000000000000000      0x274 ./SDK_1.0.3_NUCLEO-F401RE/SDK_1.0.3_NUCLEO-F401RE/shared/Middle/qr-code/qrcode.o
 .debug_abbrev  0x0000000000000274      0x21d ./SDK_1.0.3_NUCLEO-F401RE/SDK_1.0.3_NUCLEO-F401RE/shared/Middle/qr-code-to-lcd-st7735s/qrcode-to-lcd.o
 .debug_abbrev  0x0000000000000491      0x2e4 ./Src/main.o
 .debug_abbrev  0x0000000000000775       0x12 ./Startup/startup_stm32f401retx.o
 .debug_abbrev  0x0000000000000787      0x138 C:\Users\Trang\STM32CubeIDE\workspace_1.10.1\get-mac-of-device\SDK_1.0.3_NUCLEO-F401RE\SDK_1.0.3_NUCLEO-F401RE\lib_stm\libLibraries.a(system_stm32f4xx.o)
 .debug_abbrev  0x00000000000008bf      0x177 C:\Users\Trang\STM32CubeIDE\workspace_1.10.1\get-mac-of-device\SDK_1.0.3_NUCLEO-F401RE\SDK_1.0.3_NUCLEO-F401RE\lib_stm\libLibraries.a(misc.o)
 .debug_abbrev  0x0000000000000a36      0x1bf C:\Users\Trang\STM32CubeIDE\workspace_1.10.1\get-mac-of-device\SDK_1.0.3_NUCLEO-F401RE\SDK_1.0.3_NUCLEO-F401RE\lib_stm\libLibraries.a(stm32f401re_gpio.o)
 .debug_abbrev  0x0000000000000bf5      0x1d4 C:\Users\Trang\STM32CubeIDE\workspace_1.10.1\get-mac-of-device\SDK_1.0.3_NUCLEO-F401RE\SDK_1.0.3_NUCLEO-F401RE\lib_stm\libLibraries.a(stm32f401re_rcc.o)
 .debug_abbrev  0x0000000000000dc9      0x187 C:\Users\Trang\STM32CubeIDE\workspace_1.10.1\get-mac-of-device\SDK_1.0.3_NUCLEO-F401RE\SDK_1.0.3_NUCLEO-F401RE\lib_stm\libLibraries.a(stm32f401re_usart.o)
 .debug_abbrev  0x0000000000000f50      0x29a C:\Users\Trang\STM32CubeIDE\workspace_1.10.1\get-mac-of-device\SDK_1.0.3_NUCLEO-F401RE\SDK_1.0.3_NUCLEO-F401RE\lib_stm\libLibraries.a(timer.o)
 .debug_abbrev  0x00000000000011ea      0x202 C:\Users\Trang\STM32CubeIDE\workspace_1.10.1\get-mac-of-device\SDK_1.0.3_NUCLEO-F401RE\SDK_1.0.3_NUCLEO-F401RE\lib_stm\libLibraries.a(Ucglib.o)
 .debug_abbrev  0x00000000000013ec      0x18b C:\Users\Trang\STM32CubeIDE\workspace_1.10.1\get-mac-of-device\SDK_1.0.3_NUCLEO-F401RE\SDK_1.0.3_NUCLEO-F401RE\lib_stm\libLibraries.a(ucg_box.o)
 .debug_abbrev  0x0000000000001577       0xf5 C:\Users\Trang\STM32CubeIDE\workspace_1.10.1\get-mac-of-device\SDK_1.0.3_NUCLEO-F401RE\SDK_1.0.3_NUCLEO-F401RE\lib_stm\libLibraries.a(ucg_ccs.o)
 .debug_abbrev  0x000000000000166c      0x19e C:\Users\Trang\STM32CubeIDE\workspace_1.10.1\get-mac-of-device\SDK_1.0.3_NUCLEO-F401RE\SDK_1.0.3_NUCLEO-F401RE\lib_stm\libLibraries.a(ucg_dev_default_cb.o)
 .debug_abbrev  0x000000000000180a      0x1dc C:\Users\Trang\STM32CubeIDE\workspace_1.10.1\get-mac-of-device\SDK_1.0.3_NUCLEO-F401RE\SDK_1.0.3_NUCLEO-F401RE\lib_stm\libLibraries.a(ucg_dev_ic_st7735.o)
 .debug_abbrev  0x00000000000019e6      0x191 C:\Users\Trang\STM32CubeIDE\workspace_1.10.1\get-mac-of-device\SDK_1.0.3_NUCLEO-F401RE\SDK_1.0.3_NUCLEO-F401RE\lib_stm\libLibraries.a(ucg_dev_msg_api.o)
 .debug_abbrev  0x0000000000001b77      0x14e C:\Users\Trang\STM32CubeIDE\workspace_1.10.1\get-mac-of-device\SDK_1.0.3_NUCLEO-F401RE\SDK_1.0.3_NUCLEO-F401RE\lib_stm\libLibraries.a(ucg_dev_tft_128x128_st7735.o)
 .debug_abbrev  0x0000000000001cc5      0x2fc C:\Users\Trang\STM32CubeIDE\workspace_1.10.1\get-mac-of-device\SDK_1.0.3_NUCLEO-F401RE\SDK_1.0.3_NUCLEO-F401RE\lib_stm\libLibraries.a(ucg_font.o)
 .debug_abbrev  0x0000000000001fc1      0x1c6 C:\Users\Trang\STM32CubeIDE\workspace_1.10.1\get-mac-of-device\SDK_1.0.3_NUCLEO-F401RE\SDK_1.0.3_NUCLEO-F401RE\lib_stm\libLibraries.a(ucg_init.o)
 .debug_abbrev  0x0000000000002187      0x175 C:\Users\Trang\STM32CubeIDE\workspace_1.10.1\get-mac-of-device\SDK_1.0.3_NUCLEO-F401RE\SDK_1.0.3_NUCLEO-F401RE\lib_stm\libLibraries.a(ucg_line.o)
 .debug_abbrev  0x00000000000022fc      0x148 C:\Users\Trang\STM32CubeIDE\workspace_1.10.1\get-mac-of-device\SDK_1.0.3_NUCLEO-F401RE\SDK_1.0.3_NUCLEO-F401RE\lib_stm\libLibraries.a(ucg_pixel.o)
 .debug_abbrev  0x0000000000002444       0x83 C:\Users\Trang\STM32CubeIDE\workspace_1.10.1\get-mac-of-device\SDK_1.0.3_NUCLEO-F401RE\SDK_1.0.3_NUCLEO-F401RE\lib_stm\libLibraries.a(ucg_pixel_font_data.o)
 .debug_abbrev  0x00000000000024c7      0x1a3 C:\Users\Trang\STM32CubeIDE\workspace_1.10.1\get-mac-of-device\SDK_1.0.3_NUCLEO-F401RE\SDK_1.0.3_NUCLEO-F401RE\lib_stm\libLibraries.a(ucg_rotate.o)
 .debug_abbrev  0x000000000000266a      0x12a C:\Users\Trang\STM32CubeIDE\workspace_1.10.1\get-mac-of-device\SDK_1.0.3_NUCLEO-F401RE\SDK_1.0.3_NUCLEO-F401RE\lib_stm\libLibraries.a(buff.o)
 .debug_abbrev  0x0000000000002794       0xce C:\Users\Trang\STM32CubeIDE\workspace_1.10.1\get-mac-of-device\SDK_1.0.3_NUCLEO-F401RE\SDK_1.0.3_NUCLEO-F401RE\lib_stm\libLibraries.a(utilities.o)
 .debug_abbrev  0x0000000000002862      0x173 C:\Users\Trang\STM32CubeIDE\workspace_1.10.1\get-mac-of-device\SDK_1.0.3_NUCLEO-F401RE\SDK_1.0.3_NUCLEO-F401RE\lib_stm\libLibraries.a(ucg_clip.o)
 .debug_abbrev  0x00000000000029d5      0x1f2 C:\Users\Trang\STM32CubeIDE\workspace_1.10.1\get-mac-of-device\SDK_1.0.3_NUCLEO-F401RE\SDK_1.0.3_NUCLEO-F401RE\lib_stm\libLibraries.a(ucg_com_msg_api.o)

.debug_aranges  0x0000000000000000      0xbb8
 .debug_aranges
                0x0000000000000000      0x110 ./SDK_1.0.3_NUCLEO-F401RE/SDK_1.0.3_NUCLEO-F401RE/shared/Middle/qr-code/qrcode.o
 .debug_aranges
                0x0000000000000110       0x40 ./SDK_1.0.3_NUCLEO-F401RE/SDK_1.0.3_NUCLEO-F401RE/shared/Middle/qr-code-to-lcd-st7735s/qrcode-to-lcd.o
 .debug_aranges
                0x0000000000000150       0x70 ./Src/main.o
 .debug_aranges
                0x00000000000001c0       0x28 ./Startup/startup_stm32f401retx.o
 .debug_aranges
                0x00000000000001e8       0x30 C:\Users\Trang\STM32CubeIDE\workspace_1.10.1\get-mac-of-device\SDK_1.0.3_NUCLEO-F401RE\SDK_1.0.3_NUCLEO-F401RE\lib_stm\libLibraries.a(system_stm32f4xx.o)
 .debug_aranges
                0x0000000000000218       0x40 C:\Users\Trang\STM32CubeIDE\workspace_1.10.1\get-mac-of-device\SDK_1.0.3_NUCLEO-F401RE\SDK_1.0.3_NUCLEO-F401RE\lib_stm\libLibraries.a(misc.o)
 .debug_aranges
                0x0000000000000258       0x88 C:\Users\Trang\STM32CubeIDE\workspace_1.10.1\get-mac-of-device\SDK_1.0.3_NUCLEO-F401RE\SDK_1.0.3_NUCLEO-F401RE\lib_stm\libLibraries.a(stm32f401re_gpio.o)
 .debug_aranges
                0x00000000000002e0      0x198 C:\Users\Trang\STM32CubeIDE\workspace_1.10.1\get-mac-of-device\SDK_1.0.3_NUCLEO-F401RE\SDK_1.0.3_NUCLEO-F401RE\lib_stm\libLibraries.a(stm32f401re_rcc.o)
 .debug_aranges
                0x0000000000000478      0x100 C:\Users\Trang\STM32CubeIDE\workspace_1.10.1\get-mac-of-device\SDK_1.0.3_NUCLEO-F401RE\SDK_1.0.3_NUCLEO-F401RE\lib_stm\libLibraries.a(stm32f401re_usart.o)
 .debug_aranges
                0x0000000000000578       0x70 C:\Users\Trang\STM32CubeIDE\workspace_1.10.1\get-mac-of-device\SDK_1.0.3_NUCLEO-F401RE\SDK_1.0.3_NUCLEO-F401RE\lib_stm\libLibraries.a(timer.o)
 .debug_aranges
                0x00000000000005e8       0x48 C:\Users\Trang\STM32CubeIDE\workspace_1.10.1\get-mac-of-device\SDK_1.0.3_NUCLEO-F401RE\SDK_1.0.3_NUCLEO-F401RE\lib_stm\libLibraries.a(Ucglib.o)
 .debug_aranges
                0x0000000000000630       0x48 C:\Users\Trang\STM32CubeIDE\workspace_1.10.1\get-mac-of-device\SDK_1.0.3_NUCLEO-F401RE\SDK_1.0.3_NUCLEO-F401RE\lib_stm\libLibraries.a(ucg_box.o)
 .debug_aranges
                0x0000000000000678       0x30 C:\Users\Trang\STM32CubeIDE\workspace_1.10.1\get-mac-of-device\SDK_1.0.3_NUCLEO-F401RE\SDK_1.0.3_NUCLEO-F401RE\lib_stm\libLibraries.a(ucg_ccs.o)
 .debug_aranges
                0x00000000000006a8       0x48 C:\Users\Trang\STM32CubeIDE\workspace_1.10.1\get-mac-of-device\SDK_1.0.3_NUCLEO-F401RE\SDK_1.0.3_NUCLEO-F401RE\lib_stm\libLibraries.a(ucg_dev_default_cb.o)
 .debug_aranges
                0x00000000000006f0       0x40 C:\Users\Trang\STM32CubeIDE\workspace_1.10.1\get-mac-of-device\SDK_1.0.3_NUCLEO-F401RE\SDK_1.0.3_NUCLEO-F401RE\lib_stm\libLibraries.a(ucg_dev_ic_st7735.o)
 .debug_aranges
                0x0000000000000730       0x60 C:\Users\Trang\STM32CubeIDE\workspace_1.10.1\get-mac-of-device\SDK_1.0.3_NUCLEO-F401RE\SDK_1.0.3_NUCLEO-F401RE\lib_stm\libLibraries.a(ucg_dev_msg_api.o)
 .debug_aranges
                0x0000000000000790       0x20 C:\Users\Trang\STM32CubeIDE\workspace_1.10.1\get-mac-of-device\SDK_1.0.3_NUCLEO-F401RE\SDK_1.0.3_NUCLEO-F401RE\lib_stm\libLibraries.a(ucg_dev_tft_128x128_st7735.o)
 .debug_aranges
                0x00000000000007b0      0x168 C:\Users\Trang\STM32CubeIDE\workspace_1.10.1\get-mac-of-device\SDK_1.0.3_NUCLEO-F401RE\SDK_1.0.3_NUCLEO-F401RE\lib_stm\libLibraries.a(ucg_font.o)
 .debug_aranges
                0x0000000000000918       0x28 C:\Users\Trang\STM32CubeIDE\workspace_1.10.1\get-mac-of-device\SDK_1.0.3_NUCLEO-F401RE\SDK_1.0.3_NUCLEO-F401RE\lib_stm\libLibraries.a(ucg_init.o)
 .debug_aranges
                0x0000000000000940       0x48 C:\Users\Trang\STM32CubeIDE\workspace_1.10.1\get-mac-of-device\SDK_1.0.3_NUCLEO-F401RE\SDK_1.0.3_NUCLEO-F401RE\lib_stm\libLibraries.a(ucg_line.o)
 .debug_aranges
                0x0000000000000988       0x28 C:\Users\Trang\STM32CubeIDE\workspace_1.10.1\get-mac-of-device\SDK_1.0.3_NUCLEO-F401RE\SDK_1.0.3_NUCLEO-F401RE\lib_stm\libLibraries.a(ucg_pixel.o)
 .debug_aranges
                0x00000000000009b0       0x18 C:\Users\Trang\STM32CubeIDE\workspace_1.10.1\get-mac-of-device\SDK_1.0.3_NUCLEO-F401RE\SDK_1.0.3_NUCLEO-F401RE\lib_stm\libLibraries.a(ucg_pixel_font_data.o)
 .debug_aranges
                0x00000000000009c8       0x68 C:\Users\Trang\STM32CubeIDE\workspace_1.10.1\get-mac-of-device\SDK_1.0.3_NUCLEO-F401RE\SDK_1.0.3_NUCLEO-F401RE\lib_stm\libLibraries.a(ucg_rotate.o)
 .debug_aranges
                0x0000000000000a30       0x50 C:\Users\Trang\STM32CubeIDE\workspace_1.10.1\get-mac-of-device\SDK_1.0.3_NUCLEO-F401RE\SDK_1.0.3_NUCLEO-F401RE\lib_stm\libLibraries.a(buff.o)
 .debug_aranges
                0x0000000000000a80       0x48 C:\Users\Trang\STM32CubeIDE\workspace_1.10.1\get-mac-of-device\SDK_1.0.3_NUCLEO-F401RE\SDK_1.0.3_NUCLEO-F401RE\lib_stm\libLibraries.a(utilities.o)
 .debug_aranges
                0x0000000000000ac8       0x50 C:\Users\Trang\STM32CubeIDE\workspace_1.10.1\get-mac-of-device\SDK_1.0.3_NUCLEO-F401RE\SDK_1.0.3_NUCLEO-F401RE\lib_stm\libLibraries.a(ucg_clip.o)
 .debug_aranges
                0x0000000000000b18       0xa0 C:\Users\Trang\STM32CubeIDE\workspace_1.10.1\get-mac-of-device\SDK_1.0.3_NUCLEO-F401RE\SDK_1.0.3_NUCLEO-F401RE\lib_stm\libLibraries.a(ucg_com_msg_api.o)

.debug_ranges   0x0000000000000000      0xa08
 .debug_ranges  0x0000000000000000      0x100 ./SDK_1.0.3_NUCLEO-F401RE/SDK_1.0.3_NUCLEO-F401RE/shared/Middle/qr-code/qrcode.o
 .debug_ranges  0x0000000000000100       0x30 ./SDK_1.0.3_NUCLEO-F401RE/SDK_1.0.3_NUCLEO-F401RE/shared/Middle/qr-code-to-lcd-st7735s/qrcode-to-lcd.o
 .debug_ranges  0x0000000000000130       0x60 ./Src/main.o
 .debug_ranges  0x0000000000000190       0x20 ./Startup/startup_stm32f401retx.o
 .debug_ranges  0x00000000000001b0       0x20 C:\Users\Trang\STM32CubeIDE\workspace_1.10.1\get-mac-of-device\SDK_1.0.3_NUCLEO-F401RE\SDK_1.0.3_NUCLEO-F401RE\lib_stm\libLibraries.a(system_stm32f4xx.o)
 .debug_ranges  0x00000000000001d0       0x30 C:\Users\Trang\STM32CubeIDE\workspace_1.10.1\get-mac-of-device\SDK_1.0.3_NUCLEO-F401RE\SDK_1.0.3_NUCLEO-F401RE\lib_stm\libLibraries.a(misc.o)
 .debug_ranges  0x0000000000000200       0x78 C:\Users\Trang\STM32CubeIDE\workspace_1.10.1\get-mac-of-device\SDK_1.0.3_NUCLEO-F401RE\SDK_1.0.3_NUCLEO-F401RE\lib_stm\libLibraries.a(stm32f401re_gpio.o)
 .debug_ranges  0x0000000000000278      0x188 C:\Users\Trang\STM32CubeIDE\workspace_1.10.1\get-mac-of-device\SDK_1.0.3_NUCLEO-F401RE\SDK_1.0.3_NUCLEO-F401RE\lib_stm\libLibraries.a(stm32f401re_rcc.o)
 .debug_ranges  0x0000000000000400       0xf0 C:\Users\Trang\STM32CubeIDE\workspace_1.10.1\get-mac-of-device\SDK_1.0.3_NUCLEO-F401RE\SDK_1.0.3_NUCLEO-F401RE\lib_stm\libLibraries.a(stm32f401re_usart.o)
 .debug_ranges  0x00000000000004f0       0x60 C:\Users\Trang\STM32CubeIDE\workspace_1.10.1\get-mac-of-device\SDK_1.0.3_NUCLEO-F401RE\SDK_1.0.3_NUCLEO-F401RE\lib_stm\libLibraries.a(timer.o)
 .debug_ranges  0x0000000000000550       0x38 C:\Users\Trang\STM32CubeIDE\workspace_1.10.1\get-mac-of-device\SDK_1.0.3_NUCLEO-F401RE\SDK_1.0.3_NUCLEO-F401RE\lib_stm\libLibraries.a(Ucglib.o)
 .debug_ranges  0x0000000000000588       0x38 C:\Users\Trang\STM32CubeIDE\workspace_1.10.1\get-mac-of-device\SDK_1.0.3_NUCLEO-F401RE\SDK_1.0.3_NUCLEO-F401RE\lib_stm\libLibraries.a(ucg_box.o)
 .debug_ranges  0x00000000000005c0       0x20 C:\Users\Trang\STM32CubeIDE\workspace_1.10.1\get-mac-of-device\SDK_1.0.3_NUCLEO-F401RE\SDK_1.0.3_NUCLEO-F401RE\lib_stm\libLibraries.a(ucg_ccs.o)
 .debug_ranges  0x00000000000005e0       0x38 C:\Users\Trang\STM32CubeIDE\workspace_1.10.1\get-mac-of-device\SDK_1.0.3_NUCLEO-F401RE\SDK_1.0.3_NUCLEO-F401RE\lib_stm\libLibraries.a(ucg_dev_default_cb.o)
 .debug_ranges  0x0000000000000618       0x30 C:\Users\Trang\STM32CubeIDE\workspace_1.10.1\get-mac-of-device\SDK_1.0.3_NUCLEO-F401RE\SDK_1.0.3_NUCLEO-F401RE\lib_stm\libLibraries.a(ucg_dev_ic_st7735.o)
 .debug_ranges  0x0000000000000648       0x50 C:\Users\Trang\STM32CubeIDE\workspace_1.10.1\get-mac-of-device\SDK_1.0.3_NUCLEO-F401RE\SDK_1.0.3_NUCLEO-F401RE\lib_stm\libLibraries.a(ucg_dev_msg_api.o)
 .debug_ranges  0x0000000000000698       0x10 C:\Users\Trang\STM32CubeIDE\workspace_1.10.1\get-mac-of-device\SDK_1.0.3_NUCLEO-F401RE\SDK_1.0.3_NUCLEO-F401RE\lib_stm\libLibraries.a(ucg_dev_tft_128x128_st7735.o)
 .debug_ranges  0x00000000000006a8      0x158 C:\Users\Trang\STM32CubeIDE\workspace_1.10.1\get-mac-of-device\SDK_1.0.3_NUCLEO-F401RE\SDK_1.0.3_NUCLEO-F401RE\lib_stm\libLibraries.a(ucg_font.o)
 .debug_ranges  0x0000000000000800       0x18 C:\Users\Trang\STM32CubeIDE\workspace_1.10.1\get-mac-of-device\SDK_1.0.3_NUCLEO-F401RE\SDK_1.0.3_NUCLEO-F401RE\lib_stm\libLibraries.a(ucg_init.o)
 .debug_ranges  0x0000000000000818       0x38 C:\Users\Trang\STM32CubeIDE\workspace_1.10.1\get-mac-of-device\SDK_1.0.3_NUCLEO-F401RE\SDK_1.0.3_NUCLEO-F401RE\lib_stm\libLibraries.a(ucg_line.o)
 .debug_ranges  0x0000000000000850       0x18 C:\Users\Trang\STM32CubeIDE\workspace_1.10.1\get-mac-of-device\SDK_1.0.3_NUCLEO-F401RE\SDK_1.0.3_NUCLEO-F401RE\lib_stm\libLibraries.a(ucg_pixel.o)
 .debug_ranges  0x0000000000000868       0x58 C:\Users\Trang\STM32CubeIDE\workspace_1.10.1\get-mac-of-device\SDK_1.0.3_NUCLEO-F401RE\SDK_1.0.3_NUCLEO-F401RE\lib_stm\libLibraries.a(ucg_rotate.o)
 .debug_ranges  0x00000000000008c0       0x40 C:\Users\Trang\STM32CubeIDE\workspace_1.10.1\get-mac-of-device\SDK_1.0.3_NUCLEO-F401RE\SDK_1.0.3_NUCLEO-F401RE\lib_stm\libLibraries.a(buff.o)
 .debug_ranges  0x0000000000000900       0x38 C:\Users\Trang\STM32CubeIDE\workspace_1.10.1\get-mac-of-device\SDK_1.0.3_NUCLEO-F401RE\SDK_1.0.3_NUCLEO-F401RE\lib_stm\libLibraries.a(utilities.o)
 .debug_ranges  0x0000000000000938       0x40 C:\Users\Trang\STM32CubeIDE\workspace_1.10.1\get-mac-of-device\SDK_1.0.3_NUCLEO-F401RE\SDK_1.0.3_NUCLEO-F401RE\lib_stm\libLibraries.a(ucg_clip.o)
 .debug_ranges  0x0000000000000978       0x90 C:\Users\Trang\STM32CubeIDE\workspace_1.10.1\get-mac-of-device\SDK_1.0.3_NUCLEO-F401RE\SDK_1.0.3_NUCLEO-F401RE\lib_stm\libLibraries.a(ucg_com_msg_api.o)

.debug_macro    0x0000000000000000     0xf6f2
 .debug_macro   0x0000000000000000      0x18f ./SDK_1.0.3_NUCLEO-F401RE/SDK_1.0.3_NUCLEO-F401RE/shared/Middle/qr-code/qrcode.o
 .debug_macro   0x000000000000018f      0xa84 ./SDK_1.0.3_NUCLEO-F401RE/SDK_1.0.3_NUCLEO-F401RE/shared/Middle/qr-code/qrcode.o
 .debug_macro   0x0000000000000c13       0x22 ./SDK_1.0.3_NUCLEO-F401RE/SDK_1.0.3_NUCLEO-F401RE/shared/Middle/qr-code/qrcode.o
 .debug_macro   0x0000000000000c35       0x8e ./SDK_1.0.3_NUCLEO-F401RE/SDK_1.0.3_NUCLEO-F401RE/shared/Middle/qr-code/qrcode.o
 .debug_macro   0x0000000000000cc3       0x51 ./SDK_1.0.3_NUCLEO-F401RE/SDK_1.0.3_NUCLEO-F401RE/shared/Middle/qr-code/qrcode.o
 .debug_macro   0x0000000000000d14      0x103 ./SDK_1.0.3_NUCLEO-F401RE/SDK_1.0.3_NUCLEO-F401RE/shared/Middle/qr-code/qrcode.o
 .debug_macro   0x0000000000000e17       0x6a ./SDK_1.0.3_NUCLEO-F401RE/SDK_1.0.3_NUCLEO-F401RE/shared/Middle/qr-code/qrcode.o
 .debug_macro   0x0000000000000e81      0x1df ./SDK_1.0.3_NUCLEO-F401RE/SDK_1.0.3_NUCLEO-F401RE/shared/Middle/qr-code/qrcode.o
 .debug_macro   0x0000000000001060       0x34 ./SDK_1.0.3_NUCLEO-F401RE/SDK_1.0.3_NUCLEO-F401RE/shared/Middle/qr-code/qrcode.o
 .debug_macro   0x0000000000001094       0x1e ./SDK_1.0.3_NUCLEO-F401RE/SDK_1.0.3_NUCLEO-F401RE/shared/Middle/qr-code/qrcode.o
 .debug_macro   0x00000000000010b2       0x52 ./SDK_1.0.3_NUCLEO-F401RE/SDK_1.0.3_NUCLEO-F401RE/shared/Middle/qr-code/qrcode.o
 .debug_macro   0x0000000000001104       0x3c ./SDK_1.0.3_NUCLEO-F401RE/SDK_1.0.3_NUCLEO-F401RE/shared/Middle/qr-code/qrcode.o
 .debug_macro   0x0000000000001140       0x34 ./SDK_1.0.3_NUCLEO-F401RE/SDK_1.0.3_NUCLEO-F401RE/shared/Middle/qr-code/qrcode.o
 .debug_macro   0x0000000000001174       0x16 ./SDK_1.0.3_NUCLEO-F401RE/SDK_1.0.3_NUCLEO-F401RE/shared/Middle/qr-code/qrcode.o
 .debug_macro   0x000000000000118a      0x10e ./SDK_1.0.3_NUCLEO-F401RE/SDK_1.0.3_NUCLEO-F401RE/shared/Middle/qr-code/qrcode.o
 .debug_macro   0x0000000000001298       0x8d ./SDK_1.0.3_NUCLEO-F401RE/SDK_1.0.3_NUCLEO-F401RE/shared/Middle/qr-code/qrcode.o