C:/Users/Trang/STM32CubeIDE/workspace_1.10.1/get-mac-of-device/SDK_1.0.3_NUCLEO-F401RE/SDK_1.0.3_NUCLEO-F401RE/shared/Middle/button-v1.1/button-v1-1.c:63:6:buttonInit	32	static
C:/Users/Trang/STM32CubeIDE/workspace_1.10.1/get-mac-of-device/SDK_1.0.3_NUCLEO-F401RE/SDK_1.0.3_NUCLEO-F401RE/shared/Middle/button-v1.1/button-v1-1.c:162:17:dwCalculatorTime	16	static
C:/Users/Trang/STM32CubeIDE/workspace_1.10.1/get-mac-of-device/SDK_1.0.3_NUCLEO-F401RE/SDK_1.0.3_NUCLEO-F401RE/shared/Middle/button-v1.1/button-v1-1.c:172:12:processEventButton	16	static
C:/Users/Trang/STM32CubeIDE/workspace_1.10.1/get-mac-of-device/SDK_1.0.3_NUCLEO-F401RE/SDK_1.0.3_NUCLEO-F401RE/shared/Middle/button-v1.1/button-v1-1.c:243:13:GetEventButton	24	static
C:/Users/Trang/STM32CubeIDE/workspace_1.10.1/get-mac-of-device/SDK_1.0.3_NUCLEO-F401RE/SDK_1.0.3_NUCLEO-F401RE/shared/Middle/button-v1.1/button-v1-1.c:314:6:EXTI4_IRQHandler	8	static
C:/Users/Trang/STM32CubeIDE/workspace_1.10.1/get-mac-of-device/SDK_1.0.3_NUCLEO-F401RE/SDK_1.0.3_NUCLEO-F401RE/shared/Middle/button-v1.1/button-v1-1.c:357:6:EXTI3_IRQHandler	8	static
C:/Users/Trang/STM32CubeIDE/workspace_1.10.1/get-mac-of-device/SDK_1.0.3_NUCLEO-F401RE/SDK_1.0.3_NUCLEO-F401RE/shared/Middle/button-v1.1/button-v1-1.c:400:6:EXTI0_IRQHandler	8	static
