C:/Users/Trang/STM32CubeIDE/workspace_1.10.1/get-mac-of-device/SDK_1.0.3_NUCLEO-F401RE/SDK_1.0.3_NUCLEO-F401RE/shared/Middle/qr-code-to-lcd-st7735s/qrcode-to-lcd.c:70:6:lcdInit	16	static
C:/Users/Trang/STM32CubeIDE/workspace_1.10.1/get-mac-of-device/SDK_1.0.3_NUCLEO-F401RE/SDK_1.0.3_NUCLEO-F401RE/shared/Middle/qr-code-to-lcd-st7735s/qrcode-to-lcd.c:85:6:generateQRCode	96	dynamic
C:/Users/Trang/STM32CubeIDE/workspace_1.10.1/get-mac-of-device/SDK_1.0.3_NUCLEO-F401RE/SDK_1.0.3_NUCLEO-F401RE/shared/Middle/qr-code-to-lcd-st7735s/qrcode-to-lcd.c:150:6:lcdClear	8	static
C:/Users/Trang/STM32CubeIDE/workspace_1.10.1/get-mac-of-device/SDK_1.0.3_NUCLEO-F401RE/SDK_1.0.3_NUCLEO-F401RE/shared/Middle/qr-code-to-lcd-st7735s/qrcode-to-lcd.c:154:6:lcdClearAxisY	24	static
C:/Users/Trang/STM32CubeIDE/workspace_1.10.1/get-mac-of-device/SDK_1.0.3_NUCLEO-F401RE/SDK_1.0.3_NUCLEO-F401RE/shared/Middle/qr-code-to-lcd-st7735s/qrcode-to-lcd.c:167:6:lcdPrintText	48	static
C:/Users/Trang/STM32CubeIDE/workspace_1.10.1/get-mac-of-device/SDK_1.0.3_NUCLEO-F401RE/SDK_1.0.3_NUCLEO-F401RE/shared/Middle/qr-code-to-lcd-st7735s/qrcode-to-lcd.c:184:9:checkDataLength	16	static
