../Src/main.c:210:5:main	8	static
../Src/main.c:229:13:appInitCommon	8	static
../Src/main.c:250:13:setStateApp	16	static
../Src/main.c:261:19:getStateApp	4	static
../Src/main.c:271:13:appStateManager	16	static
../Src/main.c:307:13:startApp	8	static
../Src/main.c:319:17:dwCalculatorTime	16	static
../Src/main.c:329:13:delayMs	24	static
../Src/main.c:340:13:processUartReceiveMCUInformation	16	static
../Src/main.c:351:13:processUartReceiveCommandInformationFeedBack	136	static
../Src/main.c:679:13:procUartCmd	24	static
../Src/main.c:703:13:processSerialUartReceiver	8	static
../Src/main.c:733:16:PollRxBuff	16	static
../Src/main.c:849:13:serialUartInit	8	static
../Src/main.c:864:13:usartInit	40	static
../Src/main.c:913:13:hexToAscii	32	static
../Src/main.c:947:6:printMACLcd	64	static
../Src/main.c:977:6:USART6x_IRQHandler	16	static
