../Src/main.c:154:5:main	8	static
../Src/main.c:172:13:appInitCommon	8	static
../Src/main.c:191:13:processUartReceiveCommandInformationFeedBack	120	static
../Src/main.c:316:13:procUartCmd	24	static
../Src/main.c:336:13:processSerialUartReceiver	8	static
../Src/main.c:366:16:PollRxBuff	16	static
../Src/main.c:482:13:serialUartInit	8	static
../Src/main.c:497:13:usartInit	40	static
../Src/main.c:547:13:hexToAscii	32	static
../Src/main.c:581:6:printMACLcd	64	static
../Src/main.c:611:6:USART6x_IRQHandler	16	static
